[0.032s] Invoking command in '/home/yly/ld19_hand_on/build/ld19_hand_on': AMENT_PREFIX_PATH=/home/yly/ld19_hand_on/install/ldlidar_stl_ros2:${AMENT_PREFIX_PATH} CMAKE_PREFIX_PATH=/home/yly/ld19_hand_on/install/ldlidar_stl_ros2:/home/yly/1d19/install/ld19_bringup:/home/yly/1d19/install/ldlidar_stl_ros2:/opt/ros/jazzy/opt/gz_sim_vendor:/opt/ros/jazzy/opt/gz_sensors_vendor:/opt/ros/jazzy/opt/gz_physics_vendor:/opt/ros/jazzy/opt/sdformat_vendor:/opt/ros/jazzy/opt/gz_gui_vendor:/opt/ros/jazzy/opt/gz_transport_vendor:/opt/ros/jazzy/opt/gz_rendering_vendor:/opt/ros/jazzy/opt/gz_plugin_vendor:/opt/ros/jazzy/opt/gz_fuel_tools_vendor:/opt/ros/jazzy/opt/gz_msgs_vendor:/opt/ros/jazzy/opt/gz_common_vendor:/opt/ros/jazzy/opt/gz_math_vendor:/opt/ros/jazzy/opt/gz_utils_vendor:/opt/ros/jazzy/opt/gz_tools_vendor:/opt/ros/jazzy/opt/gz_ogre_next_vendor:/opt/ros/jazzy/opt/gz_dartsim_vendor:/opt/ros/jazzy/opt/gz_cmake_vendor:/opt/ros/jazzy DEBUGINFOD_URLS=https://debuginfod.ubuntu.com /usr/bin/cmake --build /home/yly/ld19_hand_on/build/ld19_hand_on -- -j4 -l4
[0.131s] -- Found ament_cmake: 2.5.6 (/opt/ros/jazzy/share/ament_cmake/cmake)
[0.664s] -- Override CMake install command with custom implementation using symlinks instead of copying resources
[1.015s] -- Configuring done (0.9s)
[1.042s] -- Generating done (0.0s)
[1.055s] -- Build files have been written to: /home/yly/ld19_hand_on/build/ld19_hand_on
[1.120s] Invoked command in '/home/yly/ld19_hand_on/build/ld19_hand_on' returned '0': AMENT_PREFIX_PATH=/home/yly/ld19_hand_on/install/ldlidar_stl_ros2:${AMENT_PREFIX_PATH} CMAKE_PREFIX_PATH=/home/yly/ld19_hand_on/install/ldlidar_stl_ros2:/home/yly/1d19/install/ld19_bringup:/home/yly/1d19/install/ldlidar_stl_ros2:/opt/ros/jazzy/opt/gz_sim_vendor:/opt/ros/jazzy/opt/gz_sensors_vendor:/opt/ros/jazzy/opt/gz_physics_vendor:/opt/ros/jazzy/opt/sdformat_vendor:/opt/ros/jazzy/opt/gz_gui_vendor:/opt/ros/jazzy/opt/gz_transport_vendor:/opt/ros/jazzy/opt/gz_rendering_vendor:/opt/ros/jazzy/opt/gz_plugin_vendor:/opt/ros/jazzy/opt/gz_fuel_tools_vendor:/opt/ros/jazzy/opt/gz_msgs_vendor:/opt/ros/jazzy/opt/gz_common_vendor:/opt/ros/jazzy/opt/gz_math_vendor:/opt/ros/jazzy/opt/gz_utils_vendor:/opt/ros/jazzy/opt/gz_tools_vendor:/opt/ros/jazzy/opt/gz_ogre_next_vendor:/opt/ros/jazzy/opt/gz_dartsim_vendor:/opt/ros/jazzy/opt/gz_cmake_vendor:/opt/ros/jazzy DEBUGINFOD_URLS=https://debuginfod.ubuntu.com /usr/bin/cmake --build /home/yly/ld19_hand_on/build/ld19_hand_on -- -j4 -l4
[1.124s] Invoking command in '/home/yly/ld19_hand_on/build/ld19_hand_on': AMENT_PREFIX_PATH=/home/yly/ld19_hand_on/install/ldlidar_stl_ros2:${AMENT_PREFIX_PATH} CMAKE_PREFIX_PATH=/home/yly/ld19_hand_on/install/ldlidar_stl_ros2:/home/yly/1d19/install/ld19_bringup:/home/yly/1d19/install/ldlidar_stl_ros2:/opt/ros/jazzy/opt/gz_sim_vendor:/opt/ros/jazzy/opt/gz_sensors_vendor:/opt/ros/jazzy/opt/gz_physics_vendor:/opt/ros/jazzy/opt/sdformat_vendor:/opt/ros/jazzy/opt/gz_gui_vendor:/opt/ros/jazzy/opt/gz_transport_vendor:/opt/ros/jazzy/opt/gz_rendering_vendor:/opt/ros/jazzy/opt/gz_plugin_vendor:/opt/ros/jazzy/opt/gz_fuel_tools_vendor:/opt/ros/jazzy/opt/gz_msgs_vendor:/opt/ros/jazzy/opt/gz_common_vendor:/opt/ros/jazzy/opt/gz_math_vendor:/opt/ros/jazzy/opt/gz_utils_vendor:/opt/ros/jazzy/opt/gz_tools_vendor:/opt/ros/jazzy/opt/gz_ogre_next_vendor:/opt/ros/jazzy/opt/gz_dartsim_vendor:/opt/ros/jazzy/opt/gz_cmake_vendor:/opt/ros/jazzy DEBUGINFOD_URLS=https://debuginfod.ubuntu.com /usr/bin/cmake --install /home/yly/ld19_hand_on/build/ld19_hand_on
[1.148s] -- Install configuration: ""
[1.149s] -- Execute custom install script
[1.154s] -- Symlinking: /home/yly/ld19_hand_on/install/ld19_hand_on/share/ld19_hand_on/config/launch_config.yaml
[1.181s] -- Up-to-date symlink: /home/yly/ld19_hand_on/install/ld19_hand_on/share/ld19_hand_on/config/ld19_hand_on.lua
[1.181s] -- Up-to-date symlink: /home/yly/ld19_hand_on/install/ld19_hand_on/share/ld19_hand_on/config/nav2_params.yaml
[1.183s] -- Symlinking: /home/yly/ld19_hand_on/install/ld19_hand_on/share/ld19_hand_on/launch/__pycache__/ld19_hand_on.launch.cpython-312.pyc
[1.217s] -- Symlinking: /home/yly/ld19_hand_on/install/ld19_hand_on/share/ld19_hand_on/launch/__pycache__/ld19_navigation.launch.cpython-312.pyc
[1.248s] -- Up-to-date symlink: /home/yly/ld19_hand_on/install/ld19_hand_on/share/ld19_hand_on/launch/ld19_hand_on.launch.py
[1.248s] -- Up-to-date symlink: /home/yly/ld19_hand_on/install/ld19_hand_on/share/ld19_hand_on/launch/ld19_navigation.launch.py
[1.249s] -- Up-to-date symlink: /home/yly/ld19_hand_on/install/ld19_hand_on/share/ld19_hand_on/maps/ld19_map.pgm
[1.250s] -- Up-to-date symlink: /home/yly/ld19_hand_on/install/ld19_hand_on/share/ld19_hand_on/maps/ld19_map.yaml
[1.251s] -- Up-to-date symlink: /home/yly/ld19_hand_on/install/ld19_hand_on/share/ld19_hand_on/rviz/ld19_hand_on.rviz
[1.253s] -- Up-to-date symlink: /home/yly/ld19_hand_on/install/ld19_hand_on/lib/ld19_hand_on/save_map
[1.254s] -- Up-to-date symlink: /home/yly/ld19_hand_on/install/ld19_hand_on/share/ament_index/resource_index/package_run_dependencies/ld19_hand_on
[1.255s] -- Up-to-date symlink: /home/yly/ld19_hand_on/install/ld19_hand_on/share/ament_index/resource_index/parent_prefix_path/ld19_hand_on
[1.258s] -- Up-to-date symlink: /home/yly/ld19_hand_on/install/ld19_hand_on/share/ld19_hand_on/environment/ament_prefix_path.sh
[1.258s] -- Up-to-date symlink: /home/yly/ld19_hand_on/install/ld19_hand_on/share/ld19_hand_on/environment/ament_prefix_path.dsv
[1.259s] -- Up-to-date symlink: /home/yly/ld19_hand_on/install/ld19_hand_on/share/ld19_hand_on/environment/path.sh
[1.261s] -- Up-to-date symlink: /home/yly/ld19_hand_on/install/ld19_hand_on/share/ld19_hand_on/environment/path.dsv
[1.262s] -- Up-to-date symlink: /home/yly/ld19_hand_on/install/ld19_hand_on/share/ld19_hand_on/local_setup.bash
[1.262s] -- Up-to-date symlink: /home/yly/ld19_hand_on/install/ld19_hand_on/share/ld19_hand_on/local_setup.sh
[1.263s] -- Up-to-date symlink: /home/yly/ld19_hand_on/install/ld19_hand_on/share/ld19_hand_on/local_setup.zsh
[1.264s] -- Up-to-date symlink: /home/yly/ld19_hand_on/install/ld19_hand_on/share/ld19_hand_on/local_setup.dsv
[1.265s] -- Symlinking: /home/yly/ld19_hand_on/install/ld19_hand_on/share/ld19_hand_on/package.dsv
[1.291s] -- Up-to-date symlink: /home/yly/ld19_hand_on/install/ld19_hand_on/share/ament_index/resource_index/packages/ld19_hand_on
[1.292s] -- Up-to-date symlink: /home/yly/ld19_hand_on/install/ld19_hand_on/share/ld19_hand_on/cmake/ld19_hand_onConfig.cmake
[1.293s] -- Up-to-date symlink: /home/yly/ld19_hand_on/install/ld19_hand_on/share/ld19_hand_on/cmake/ld19_hand_onConfig-version.cmake
[1.294s] -- Up-to-date symlink: /home/yly/ld19_hand_on/install/ld19_hand_on/share/ld19_hand_on/package.xml
[1.303s] Invoked command in '/home/yly/ld19_hand_on/build/ld19_hand_on' returned '0': AMENT_PREFIX_PATH=/home/yly/ld19_hand_on/install/ldlidar_stl_ros2:${AMENT_PREFIX_PATH} CMAKE_PREFIX_PATH=/home/yly/ld19_hand_on/install/ldlidar_stl_ros2:/home/yly/1d19/install/ld19_bringup:/home/yly/1d19/install/ldlidar_stl_ros2:/opt/ros/jazzy/opt/gz_sim_vendor:/opt/ros/jazzy/opt/gz_sensors_vendor:/opt/ros/jazzy/opt/gz_physics_vendor:/opt/ros/jazzy/opt/sdformat_vendor:/opt/ros/jazzy/opt/gz_gui_vendor:/opt/ros/jazzy/opt/gz_transport_vendor:/opt/ros/jazzy/opt/gz_rendering_vendor:/opt/ros/jazzy/opt/gz_plugin_vendor:/opt/ros/jazzy/opt/gz_fuel_tools_vendor:/opt/ros/jazzy/opt/gz_msgs_vendor:/opt/ros/jazzy/opt/gz_common_vendor:/opt/ros/jazzy/opt/gz_math_vendor:/opt/ros/jazzy/opt/gz_utils_vendor:/opt/ros/jazzy/opt/gz_tools_vendor:/opt/ros/jazzy/opt/gz_ogre_next_vendor:/opt/ros/jazzy/opt/gz_dartsim_vendor:/opt/ros/jazzy/opt/gz_cmake_vendor:/opt/ros/jazzy DEBUGINFOD_URLS=https://debuginfod.ubuntu.com /usr/bin/cmake --install /home/yly/ld19_hand_on/build/ld19_hand_on
