[0.045s] Invoking command in '/home/yly/ld19_hand_on/build/ldlidar_stl_ros2': CMAKE_PREFIX_PATH=${CMAKE_PREFIX_PATH}:/opt/ros/jazzy DEBUGINFOD_URLS=https://debuginfod.ubuntu.com /usr/bin/cmake --build /home/yly/ld19_hand_on/build/ldlidar_stl_ros2 -- -j4 -l4
[0.502s] [100%] Built target ldlidar_stl_ros2_node
[0.538s] Invoked command in '/home/yly/ld19_hand_on/build/ldlidar_stl_ros2' returned '0': CMAKE_PREFIX_PATH=${CMAKE_PREFIX_PATH}:/opt/ros/jazzy DEBUGINFOD_URLS=https://debuginfod.ubuntu.com /usr/bin/cmake --build /home/yly/ld19_hand_on/build/ldlidar_stl_ros2 -- -j4 -l4
[0.583s] Invoking command in '/home/yly/ld19_hand_on/build/ldlidar_stl_ros2': CMAKE_PREFIX_PATH=${CMAKE_PREFIX_PATH}:/opt/ros/jazzy DEBUGINFOD_URLS=https://debuginfod.ubuntu.com /usr/bin/cmake --install /home/yly/ld19_hand_on/build/ldlidar_stl_ros2
[0.620s] -- Install configuration: ""
[0.621s] -- Execute custom install script
[0.624s] -- Up-to-date symlink: /home/yly/ld19_hand_on/install/ldlidar_stl_ros2/lib/ldlidar_stl_ros2/ldlidar_stl_ros2_node
[0.626s] -- Up-to-date symlink: /home/yly/ld19_hand_on/install/ldlidar_stl_ros2/share/ament_index/resource_index/package_run_dependencies/ldlidar_stl_ros2
[0.627s] -- Up-to-date symlink: /home/yly/ld19_hand_on/install/ldlidar_stl_ros2/share/ament_index/resource_index/parent_prefix_path/ldlidar_stl_ros2
[0.628s] -- Up-to-date symlink: /home/yly/ld19_hand_on/install/ldlidar_stl_ros2/share/ldlidar_stl_ros2/environment/ament_prefix_path.sh
[0.629s] -- Up-to-date symlink: /home/yly/ld19_hand_on/install/ldlidar_stl_ros2/share/ldlidar_stl_ros2/environment/ament_prefix_path.dsv
[0.629s] -- Up-to-date symlink: /home/yly/ld19_hand_on/install/ldlidar_stl_ros2/share/ldlidar_stl_ros2/environment/path.sh
[0.630s] -- Up-to-date symlink: /home/yly/ld19_hand_on/install/ldlidar_stl_ros2/share/ldlidar_stl_ros2/environment/path.dsv
[0.630s] -- Up-to-date symlink: /home/yly/ld19_hand_on/install/ldlidar_stl_ros2/share/ldlidar_stl_ros2/local_setup.bash
[0.631s] -- Up-to-date symlink: /home/yly/ld19_hand_on/install/ldlidar_stl_ros2/share/ldlidar_stl_ros2/local_setup.sh
[0.632s] -- Up-to-date symlink: /home/yly/ld19_hand_on/install/ldlidar_stl_ros2/share/ldlidar_stl_ros2/local_setup.zsh
[0.633s] -- Up-to-date symlink: /home/yly/ld19_hand_on/install/ldlidar_stl_ros2/share/ldlidar_stl_ros2/local_setup.dsv
[0.633s] -- Symlinking: /home/yly/ld19_hand_on/install/ldlidar_stl_ros2/share/ldlidar_stl_ros2/package.dsv
[0.668s] -- Up-to-date symlink: /home/yly/ld19_hand_on/install/ldlidar_stl_ros2/share/ament_index/resource_index/packages/ldlidar_stl_ros2
[0.669s] -- Up-to-date symlink: /home/yly/ld19_hand_on/install/ldlidar_stl_ros2/share/ldlidar_stl_ros2/cmake/ldlidar_stl_ros2Config.cmake
[0.670s] -- Up-to-date symlink: /home/yly/ld19_hand_on/install/ldlidar_stl_ros2/share/ldlidar_stl_ros2/cmake/ldlidar_stl_ros2Config-version.cmake
[0.671s] -- Up-to-date symlink: /home/yly/ld19_hand_on/install/ldlidar_stl_ros2/share/ldlidar_stl_ros2/package.xml
[0.677s] Invoked command in '/home/yly/ld19_hand_on/build/ldlidar_stl_ros2' returned '0': CMAKE_PREFIX_PATH=${CMAKE_PREFIX_PATH}:/opt/ros/jazzy DEBUGINFOD_URLS=https://debuginfod.ubuntu.com /usr/bin/cmake --install /home/yly/ld19_hand_on/build/ldlidar_stl_ros2
