[0.302s] DEBUG:colcon:Command line arguments: ['/usr/bin/colcon', 'build', '--symlink-install', '--packages-select', 'scout_can']
[0.304s] DEBUG:colcon:Parsed command line arguments: Namespace(log_base=None, log_level=None, verb_name='build', build_base='build', install_base='install', merge_install=False, symlink_install=True, test_result_base=None, continue_on_error=False, executor='parallel', parallel_workers=4, event_handlers=None, ignore_user_meta=False, metas=['./colcon.meta'], base_paths=['.'], packages_ignore=None, packages_ignore_regex=None, paths=None, packages_up_to=None, packages_up_to_regex=None, packages_above=None, packages_above_and_dependencies=None, packages_above_depth=None, packages_select_by_dep=None, packages_skip_by_dep=None, packages_skip_up_to=None, packages_select_build_failed=False, packages_skip_build_finished=False, packages_select_test_failures=False, packages_skip_test_passed=False, packages_select=['scout_can'], packages_skip=None, packages_select_regex=None, packages_skip_regex=None, packages_start=None, packages_end=None, allow_overriding=[], cmake_args=None, cmake_target=None, cmake_target_skip_unavailable=False, cmake_clean_cache=False, cmake_clean_first=False, cmake_force_configure=False, ament_cmake_args=None, catkin_cmake_args=None, catkin_skip_building_tests=False, verb_parser=<colcon_defaults.argument_parser.defaults.DefaultArgumentsDecorator object at 0xffff9fe86de0>, verb_extension=<colcon_core.verb.build.BuildVerb object at 0xffff9ffdeab0>, main=<bound method BuildVerb.main of <colcon_core.verb.build.BuildVerb object at 0xffff9ffdeab0>>)
[0.427s] Level 1:colcon.colcon_core.package_discovery:discover_packages(colcon_meta) check parameters
[0.427s] Level 1:colcon.colcon_core.package_discovery:discover_packages(recursive) check parameters
[0.427s] Level 1:colcon.colcon_core.package_discovery:discover_packages(ignore) check parameters
[0.427s] Level 1:colcon.colcon_core.package_discovery:discover_packages(path) check parameters
[0.427s] Level 1:colcon.colcon_core.package_discovery:discover_packages(colcon_meta) discover
[0.427s] Level 1:colcon.colcon_core.package_discovery:discover_packages(recursive) discover
[0.427s] INFO:colcon.colcon_core.package_discovery:Crawling recursively for packages in '/home/yly/ld19_hand_on'
[0.428s] Level 1:colcon.colcon_core.package_identification:_identify(.) by extensions ['ignore', 'ignore_ament_install']
[0.428s] Level 1:colcon.colcon_core.package_identification:_identify(.) by extension 'ignore'
[0.428s] Level 1:colcon.colcon_core.package_identification:_identify(.) by extension 'ignore_ament_install'
[0.428s] Level 1:colcon.colcon_core.package_identification:_identify(.) by extensions ['colcon_pkg']
[0.428s] Level 1:colcon.colcon_core.package_identification:_identify(.) by extension 'colcon_pkg'
[0.428s] Level 1:colcon.colcon_core.package_identification:_identify(.) by extensions ['colcon_meta']
[0.428s] Level 1:colcon.colcon_core.package_identification:_identify(.) by extension 'colcon_meta'
[0.428s] Level 1:colcon.colcon_core.package_identification:_identify(.) by extensions ['ros']
[0.428s] Level 1:colcon.colcon_core.package_identification:_identify(.) by extension 'ros'
[0.519s] Level 1:colcon.colcon_core.package_identification:_identify(.) by extensions ['cmake', 'python']
[0.521s] Level 1:colcon.colcon_core.package_identification:_identify(.) by extension 'cmake'
[0.522s] Level 1:colcon.colcon_core.package_identification:_identify(.) by extension 'python'
[0.522s] Level 1:colcon.colcon_core.package_identification:_identify(.) by extensions ['python_setup_py']
[0.523s] Level 1:colcon.colcon_core.package_identification:_identify(.) by extension 'python_setup_py'
[0.524s] Level 1:colcon.colcon_core.package_identification:_identify(build) by extensions ['ignore', 'ignore_ament_install']
[0.526s] Level 1:colcon.colcon_core.package_identification:_identify(build) by extension 'ignore'
[0.526s] Level 1:colcon.colcon_core.package_identification:_identify(build) ignored
[0.527s] Level 1:colcon.colcon_core.package_identification:_identify(install) by extensions ['ignore', 'ignore_ament_install']
[0.527s] Level 1:colcon.colcon_core.package_identification:_identify(install) by extension 'ignore'
[0.527s] Level 1:colcon.colcon_core.package_identification:_identify(install) ignored
[0.528s] Level 1:colcon.colcon_core.package_identification:_identify(log) by extensions ['ignore', 'ignore_ament_install']
[0.528s] Level 1:colcon.colcon_core.package_identification:_identify(log) by extension 'ignore'
[0.528s] Level 1:colcon.colcon_core.package_identification:_identify(log) ignored
[0.528s] Level 1:colcon.colcon_core.package_identification:_identify(maps) by extensions ['ignore', 'ignore_ament_install']
[0.528s] Level 1:colcon.colcon_core.package_identification:_identify(maps) by extension 'ignore'
[0.528s] Level 1:colcon.colcon_core.package_identification:_identify(maps) by extension 'ignore_ament_install'
[0.528s] Level 1:colcon.colcon_core.package_identification:_identify(maps) by extensions ['colcon_pkg']
[0.528s] Level 1:colcon.colcon_core.package_identification:_identify(maps) by extension 'colcon_pkg'
[0.528s] Level 1:colcon.colcon_core.package_identification:_identify(maps) by extensions ['colcon_meta']
[0.529s] Level 1:colcon.colcon_core.package_identification:_identify(maps) by extension 'colcon_meta'
[0.529s] Level 1:colcon.colcon_core.package_identification:_identify(maps) by extensions ['ros']
[0.529s] Level 1:colcon.colcon_core.package_identification:_identify(maps) by extension 'ros'
[0.529s] Level 1:colcon.colcon_core.package_identification:_identify(maps) by extensions ['cmake', 'python']
[0.529s] Level 1:colcon.colcon_core.package_identification:_identify(maps) by extension 'cmake'
[0.529s] Level 1:colcon.colcon_core.package_identification:_identify(maps) by extension 'python'
[0.529s] Level 1:colcon.colcon_core.package_identification:_identify(maps) by extensions ['python_setup_py']
[0.529s] Level 1:colcon.colcon_core.package_identification:_identify(maps) by extension 'python_setup_py'
[0.529s] Level 1:colcon.colcon_core.package_identification:_identify(src) by extensions ['ignore', 'ignore_ament_install']
[0.529s] Level 1:colcon.colcon_core.package_identification:_identify(src) by extension 'ignore'
[0.529s] Level 1:colcon.colcon_core.package_identification:_identify(src) by extension 'ignore_ament_install'
[0.529s] Level 1:colcon.colcon_core.package_identification:_identify(src) by extensions ['colcon_pkg']
[0.529s] Level 1:colcon.colcon_core.package_identification:_identify(src) by extension 'colcon_pkg'
[0.529s] Level 1:colcon.colcon_core.package_identification:_identify(src) by extensions ['colcon_meta']
[0.529s] Level 1:colcon.colcon_core.package_identification:_identify(src) by extension 'colcon_meta'
[0.529s] Level 1:colcon.colcon_core.package_identification:_identify(src) by extensions ['ros']
[0.529s] Level 1:colcon.colcon_core.package_identification:_identify(src) by extension 'ros'
[0.530s] Level 1:colcon.colcon_core.package_identification:_identify(src) by extensions ['cmake', 'python']
[0.530s] Level 1:colcon.colcon_core.package_identification:_identify(src) by extension 'cmake'
[0.530s] Level 1:colcon.colcon_core.package_identification:_identify(src) by extension 'python'
[0.530s] Level 1:colcon.colcon_core.package_identification:_identify(src) by extensions ['python_setup_py']
[0.530s] Level 1:colcon.colcon_core.package_identification:_identify(src) by extension 'python_setup_py'
[0.530s] Level 1:colcon.colcon_core.package_identification:_identify(src/ldlidar_stl_ros2) by extensions ['ignore', 'ignore_ament_install']
[0.530s] Level 1:colcon.colcon_core.package_identification:_identify(src/ldlidar_stl_ros2) by extension 'ignore'
[0.530s] Level 1:colcon.colcon_core.package_identification:_identify(src/ldlidar_stl_ros2) by extension 'ignore_ament_install'
[0.530s] Level 1:colcon.colcon_core.package_identification:_identify(src/ldlidar_stl_ros2) by extensions ['colcon_pkg']
[0.530s] Level 1:colcon.colcon_core.package_identification:_identify(src/ldlidar_stl_ros2) by extension 'colcon_pkg'
[0.530s] Level 1:colcon.colcon_core.package_identification:_identify(src/ldlidar_stl_ros2) by extensions ['colcon_meta']
[0.530s] Level 1:colcon.colcon_core.package_identification:_identify(src/ldlidar_stl_ros2) by extension 'colcon_meta'
[0.530s] Level 1:colcon.colcon_core.package_identification:_identify(src/ldlidar_stl_ros2) by extensions ['ros']
[0.531s] Level 1:colcon.colcon_core.package_identification:_identify(src/ldlidar_stl_ros2) by extension 'ros'
[0.539s] DEBUG:colcon.colcon_core.package_identification:Package 'src/ldlidar_stl_ros2' with type 'ros.ament_cmake' and name 'ldlidar_stl_ros2'
[0.540s] Level 1:colcon.colcon_core.package_identification:_identify(src/scout_bringup) by extensions ['ignore', 'ignore_ament_install']
[0.540s] Level 1:colcon.colcon_core.package_identification:_identify(src/scout_bringup) by extension 'ignore'
[0.540s] Level 1:colcon.colcon_core.package_identification:_identify(src/scout_bringup) by extension 'ignore_ament_install'
[0.540s] Level 1:colcon.colcon_core.package_identification:_identify(src/scout_bringup) by extensions ['colcon_pkg']
[0.540s] Level 1:colcon.colcon_core.package_identification:_identify(src/scout_bringup) by extension 'colcon_pkg'
[0.540s] Level 1:colcon.colcon_core.package_identification:_identify(src/scout_bringup) by extensions ['colcon_meta']
[0.540s] Level 1:colcon.colcon_core.package_identification:_identify(src/scout_bringup) by extension 'colcon_meta'
[0.540s] Level 1:colcon.colcon_core.package_identification:_identify(src/scout_bringup) by extensions ['ros']
[0.540s] Level 1:colcon.colcon_core.package_identification:_identify(src/scout_bringup) by extension 'ros'
[0.541s] DEBUG:colcon.colcon_core.package_identification:Package 'src/scout_bringup' with type 'ros.ament_cmake' and name 'scout_bringup'
[0.542s] Level 1:colcon.colcon_core.package_identification:_identify(src/scout_can) by extensions ['ignore', 'ignore_ament_install']
[0.542s] Level 1:colcon.colcon_core.package_identification:_identify(src/scout_can) by extension 'ignore'
[0.542s] Level 1:colcon.colcon_core.package_identification:_identify(src/scout_can) by extension 'ignore_ament_install'
[0.542s] Level 1:colcon.colcon_core.package_identification:_identify(src/scout_can) by extensions ['colcon_pkg']
[0.542s] Level 1:colcon.colcon_core.package_identification:_identify(src/scout_can) by extension 'colcon_pkg'
[0.542s] Level 1:colcon.colcon_core.package_identification:_identify(src/scout_can) by extensions ['colcon_meta']
[0.542s] Level 1:colcon.colcon_core.package_identification:_identify(src/scout_can) by extension 'colcon_meta'
[0.542s] Level 1:colcon.colcon_core.package_identification:_identify(src/scout_can) by extensions ['ros']
[0.542s] Level 1:colcon.colcon_core.package_identification:_identify(src/scout_can) by extension 'ros'
[0.543s] DEBUG:colcon.colcon_core.package_identification:Package 'src/scout_can' with type 'ros.ament_cmake' and name 'scout_can'
[0.543s] Level 1:colcon.colcon_core.package_discovery:discover_packages(recursive) using defaults
[0.543s] Level 1:colcon.colcon_core.package_discovery:discover_packages(ignore) discover
[0.543s] Level 1:colcon.colcon_core.package_discovery:discover_packages(ignore) using defaults
[0.543s] Level 1:colcon.colcon_core.package_discovery:discover_packages(path) discover
[0.544s] Level 1:colcon.colcon_core.package_discovery:discover_packages(path) using defaults
[0.597s] INFO:colcon.colcon_core.package_selection:Skipping not selected package 'ldlidar_stl_ros2' in 'src/ldlidar_stl_ros2'
[0.598s] INFO:colcon.colcon_core.package_selection:Skipping not selected package 'scout_bringup' in 'src/scout_bringup'
[0.601s] Level 1:colcon.colcon_core.package_discovery:discover_packages(prefix_path) check parameters
[0.601s] Level 1:colcon.colcon_core.package_discovery:discover_packages(prefix_path) discover
[0.607s] DEBUG:colcon.colcon_installed_package_information.package_discovery:Found 395 installed packages in /opt/ros/jazzy
[0.611s] Level 1:colcon.colcon_core.package_discovery:discover_packages(prefix_path) using defaults
[0.741s] Level 5:colcon.colcon_core.verb:set package 'scout_can' build argument 'cmake_args' from command line to 'None'
[0.741s] Level 5:colcon.colcon_core.verb:set package 'scout_can' build argument 'cmake_target' from command line to 'None'
[0.741s] Level 5:colcon.colcon_core.verb:set package 'scout_can' build argument 'cmake_target_skip_unavailable' from command line to 'False'
[0.741s] Level 5:colcon.colcon_core.verb:set package 'scout_can' build argument 'cmake_clean_cache' from command line to 'False'
[0.741s] Level 5:colcon.colcon_core.verb:set package 'scout_can' build argument 'cmake_clean_first' from command line to 'False'
[0.741s] Level 5:colcon.colcon_core.verb:set package 'scout_can' build argument 'cmake_force_configure' from command line to 'False'
[0.741s] Level 5:colcon.colcon_core.verb:set package 'scout_can' build argument 'ament_cmake_args' from command line to 'None'
[0.741s] Level 5:colcon.colcon_core.verb:set package 'scout_can' build argument 'catkin_cmake_args' from command line to 'None'
[0.742s] Level 5:colcon.colcon_core.verb:set package 'scout_can' build argument 'catkin_skip_building_tests' from command line to 'False'
[0.742s] DEBUG:colcon.colcon_core.verb:Building package 'scout_can' with the following arguments: {'ament_cmake_args': None, 'build_base': '/home/yly/ld19_hand_on/build/scout_can', 'catkin_cmake_args': None, 'catkin_skip_building_tests': False, 'cmake_args': None, 'cmake_clean_cache': False, 'cmake_clean_first': False, 'cmake_force_configure': False, 'cmake_target': None, 'cmake_target_skip_unavailable': False, 'install_base': '/home/yly/ld19_hand_on/install/scout_can', 'merge_install': False, 'path': '/home/yly/ld19_hand_on/src/scout_can', 'symlink_install': True, 'test_result_base': None}
[0.742s] INFO:colcon.colcon_core.executor:Executing jobs using 'parallel' executor
[0.745s] DEBUG:colcon.colcon_parallel_executor.executor.parallel:run_until_complete
[0.745s] INFO:colcon.colcon_ros.task.ament_cmake.build:Building ROS package in '/home/yly/ld19_hand_on/src/scout_can' with build type 'ament_cmake'
[0.746s] INFO:colcon.colcon_cmake.task.cmake.build:Building CMake package in '/home/yly/ld19_hand_on/src/scout_can'
[0.750s] INFO:colcon.colcon_core.plugin_system:Skipping extension 'colcon_core.shell.bat': Not used on non-Windows systems
[0.750s] INFO:colcon.colcon_core.shell:Skip shell extension 'powershell' for command environment: Not usable outside of PowerShell
[0.750s] DEBUG:colcon.colcon_core.shell:Skip shell extension 'dsv' for command environment
[0.777s] DEBUG:colcon.colcon_core.event_handler.log_command:Invoking command in '/home/yly/ld19_hand_on/build/scout_can': CMAKE_PREFIX_PATH=${CMAKE_PREFIX_PATH}:/opt/ros/jazzy DEBUGINFOD_URLS=https://debuginfod.ubuntu.com /usr/bin/cmake --build /home/yly/ld19_hand_on/build/scout_can -- -j4 -l4
[21.578s] DEBUG:colcon.colcon_core.event_handler.log_command:Invoked command in '/home/yly/ld19_hand_on/build/scout_can' returned '0': CMAKE_PREFIX_PATH=${CMAKE_PREFIX_PATH}:/opt/ros/jazzy DEBUGINFOD_URLS=https://debuginfod.ubuntu.com /usr/bin/cmake --build /home/yly/ld19_hand_on/build/scout_can -- -j4 -l4
[21.616s] DEBUG:colcon.colcon_core.event_handler.log_command:Invoking command in '/home/yly/ld19_hand_on/build/scout_can': CMAKE_PREFIX_PATH=${CMAKE_PREFIX_PATH}:/opt/ros/jazzy DEBUGINFOD_URLS=https://debuginfod.ubuntu.com /usr/bin/cmake --install /home/yly/ld19_hand_on/build/scout_can
[21.709s] Level 1:colcon.colcon_core.environment:create_environment_scripts_only(scout_can)
[21.712s] DEBUG:colcon.colcon_core.event_handler.log_command:Invoked command in '/home/yly/ld19_hand_on/build/scout_can' returned '0': CMAKE_PREFIX_PATH=${CMAKE_PREFIX_PATH}:/opt/ros/jazzy DEBUGINFOD_URLS=https://debuginfod.ubuntu.com /usr/bin/cmake --install /home/yly/ld19_hand_on/build/scout_can
[21.722s] Level 1:colcon.colcon_core.environment:checking '/home/yly/ld19_hand_on/install/scout_can' for CMake module files
[21.724s] Level 1:colcon.colcon_core.environment:checking '/home/yly/ld19_hand_on/install/scout_can' for CMake config files
[21.724s] Level 1:colcon.colcon_core.shell:create_environment_hook('scout_can', 'cmake_prefix_path')
[21.726s] INFO:colcon.colcon_core.shell:Creating environment hook '/home/yly/ld19_hand_on/install/scout_can/share/scout_can/hook/cmake_prefix_path.ps1'
[21.727s] INFO:colcon.colcon_core.shell:Creating environment descriptor '/home/yly/ld19_hand_on/install/scout_can/share/scout_can/hook/cmake_prefix_path.dsv'
[21.729s] INFO:colcon.colcon_core.shell:Creating environment hook '/home/yly/ld19_hand_on/install/scout_can/share/scout_can/hook/cmake_prefix_path.sh'
[21.732s] Level 1:colcon.colcon_core.environment:checking '/home/yly/ld19_hand_on/install/scout_can/lib'
[21.732s] Level 1:colcon.colcon_core.environment:checking '/home/yly/ld19_hand_on/install/scout_can/bin'
[21.732s] Level 1:colcon.colcon_core.environment:checking '/home/yly/ld19_hand_on/install/scout_can/lib/pkgconfig/scout_can.pc'
[21.732s] Level 1:colcon.colcon_core.environment:checking '/home/yly/ld19_hand_on/install/scout_can/lib/python3.12/site-packages'
[21.733s] Level 1:colcon.colcon_core.environment:checking '/home/yly/ld19_hand_on/install/scout_can/bin'
[21.734s] INFO:colcon.colcon_core.shell:Creating package script '/home/yly/ld19_hand_on/install/scout_can/share/scout_can/package.ps1'
[21.739s] INFO:colcon.colcon_core.shell:Creating package descriptor '/home/yly/ld19_hand_on/install/scout_can/share/scout_can/package.dsv'
[21.743s] INFO:colcon.colcon_core.shell:Creating package script '/home/yly/ld19_hand_on/install/scout_can/share/scout_can/package.sh'
[21.747s] INFO:colcon.colcon_core.shell:Creating package script '/home/yly/ld19_hand_on/install/scout_can/share/scout_can/package.bash'
[21.749s] INFO:colcon.colcon_core.shell:Creating package script '/home/yly/ld19_hand_on/install/scout_can/share/scout_can/package.zsh'
[21.750s] Level 1:colcon.colcon_core.environment:create_file_with_runtime_dependencies(/home/yly/ld19_hand_on/install/scout_can/share/colcon-core/packages/scout_can)
[21.755s] Level 1:colcon.colcon_core.environment:create_environment_scripts_only(scout_can)
[21.755s] Level 1:colcon.colcon_core.environment:checking '/home/yly/ld19_hand_on/install/scout_can' for CMake module files
[21.757s] Level 1:colcon.colcon_core.environment:checking '/home/yly/ld19_hand_on/install/scout_can' for CMake config files
[21.757s] Level 1:colcon.colcon_core.shell:create_environment_hook('scout_can', 'cmake_prefix_path')
[21.757s] INFO:colcon.colcon_core.shell:Creating environment hook '/home/yly/ld19_hand_on/install/scout_can/share/scout_can/hook/cmake_prefix_path.ps1'
[21.758s] INFO:colcon.colcon_core.shell:Creating environment descriptor '/home/yly/ld19_hand_on/install/scout_can/share/scout_can/hook/cmake_prefix_path.dsv'
[21.761s] INFO:colcon.colcon_core.shell:Creating environment hook '/home/yly/ld19_hand_on/install/scout_can/share/scout_can/hook/cmake_prefix_path.sh'
[21.763s] Level 1:colcon.colcon_core.environment:checking '/home/yly/ld19_hand_on/install/scout_can/lib'
[21.763s] Level 1:colcon.colcon_core.environment:checking '/home/yly/ld19_hand_on/install/scout_can/bin'
[21.763s] Level 1:colcon.colcon_core.environment:checking '/home/yly/ld19_hand_on/install/scout_can/lib/pkgconfig/scout_can.pc'
[21.763s] Level 1:colcon.colcon_core.environment:checking '/home/yly/ld19_hand_on/install/scout_can/lib/python3.12/site-packages'
[21.764s] Level 1:colcon.colcon_core.environment:checking '/home/yly/ld19_hand_on/install/scout_can/bin'
[21.764s] INFO:colcon.colcon_core.shell:Creating package script '/home/yly/ld19_hand_on/install/scout_can/share/scout_can/package.ps1'
[21.765s] INFO:colcon.colcon_core.shell:Creating package descriptor '/home/yly/ld19_hand_on/install/scout_can/share/scout_can/package.dsv'
[21.766s] INFO:colcon.colcon_core.shell:Creating package script '/home/yly/ld19_hand_on/install/scout_can/share/scout_can/package.sh'
[21.767s] INFO:colcon.colcon_core.shell:Creating package script '/home/yly/ld19_hand_on/install/scout_can/share/scout_can/package.bash'
[21.768s] INFO:colcon.colcon_core.shell:Creating package script '/home/yly/ld19_hand_on/install/scout_can/share/scout_can/package.zsh'
[21.769s] Level 1:colcon.colcon_core.environment:create_file_with_runtime_dependencies(/home/yly/ld19_hand_on/install/scout_can/share/colcon-core/packages/scout_can)
[21.770s] DEBUG:colcon.colcon_parallel_executor.executor.parallel:closing loop
[21.770s] DEBUG:colcon.colcon_parallel_executor.executor.parallel:loop closed
[21.770s] DEBUG:colcon.colcon_parallel_executor.executor.parallel:run_until_complete finished with '0'
[21.770s] DEBUG:colcon.colcon_core.event_reactor:joining thread
[21.793s] INFO:colcon.colcon_core.plugin_system:Skipping extension 'colcon_notification.desktop_notification.terminal_notifier': Not used on non-Darwin systems
[21.793s] INFO:colcon.colcon_core.plugin_system:Skipping extension 'colcon_notification.desktop_notification.win32': Not used on non-Windows systems
[21.794s] INFO:colcon.colcon_notification.desktop_notification:Sending desktop notification using 'notify2'
[21.833s] DEBUG:colcon.colcon_core.event_reactor:joined thread
[21.834s] INFO:colcon.colcon_core.shell:Creating prefix script '/home/yly/ld19_hand_on/install/local_setup.ps1'
[21.840s] INFO:colcon.colcon_core.shell:Creating prefix util module '/home/yly/ld19_hand_on/install/_local_setup_util_ps1.py'
[21.845s] INFO:colcon.colcon_core.shell:Creating prefix chain script '/home/yly/ld19_hand_on/install/setup.ps1'
[21.848s] INFO:colcon.colcon_core.shell:Creating prefix script '/home/yly/ld19_hand_on/install/local_setup.sh'
[21.852s] INFO:colcon.colcon_core.shell:Creating prefix util module '/home/yly/ld19_hand_on/install/_local_setup_util_sh.py'
[21.854s] INFO:colcon.colcon_core.shell:Creating prefix chain script '/home/yly/ld19_hand_on/install/setup.sh'
[21.857s] INFO:colcon.colcon_core.shell:Creating prefix script '/home/yly/ld19_hand_on/install/local_setup.bash'
[21.858s] INFO:colcon.colcon_core.shell:Creating prefix chain script '/home/yly/ld19_hand_on/install/setup.bash'
[21.859s] INFO:colcon.colcon_core.shell:Creating prefix script '/home/yly/ld19_hand_on/install/local_setup.zsh'
[21.860s] INFO:colcon.colcon_core.shell:Creating prefix chain script '/home/yly/ld19_hand_on/install/setup.zsh'
