[0.250s] DEBUG:colcon:Command line arguments: ['/usr/bin/colcon', 'build', '--symlink-install', '--packages-select', 'scout_can']
[0.250s] DEBUG:colcon:Parsed command line arguments: Namespace(log_base=None, log_level=None, verb_name='build', build_base='build', install_base='install', merge_install=False, symlink_install=True, test_result_base=None, continue_on_error=False, executor='parallel', parallel_workers=4, event_handlers=None, ignore_user_meta=False, metas=['./colcon.meta'], base_paths=['.'], packages_ignore=None, packages_ignore_regex=None, paths=None, packages_up_to=None, packages_up_to_regex=None, packages_above=None, packages_above_and_dependencies=None, packages_above_depth=None, packages_select_by_dep=None, packages_skip_by_dep=None, packages_skip_up_to=None, packages_select_build_failed=False, packages_skip_build_finished=False, packages_select_test_failures=False, packages_skip_test_passed=False, packages_select=['scout_can'], packages_skip=None, packages_select_regex=None, packages_skip_regex=None, packages_start=None, packages_end=None, allow_overriding=[], cmake_args=None, cmake_target=None, cmake_target_skip_unavailable=False, cmake_clean_cache=False, cmake_clean_first=False, cmake_force_configure=False, ament_cmake_args=None, catkin_cmake_args=None, catkin_skip_building_tests=False, verb_parser=<colcon_defaults.argument_parser.defaults.DefaultArgumentsDecorator object at 0xffffa9163200>, verb_extension=<colcon_core.verb.build.BuildVerb object at 0xffffa931bec0>, main=<bound method BuildVerb.main of <colcon_core.verb.build.BuildVerb object at 0xffffa931bec0>>)
[0.348s] Level 1:colcon.colcon_core.package_discovery:discover_packages(colcon_meta) check parameters
[0.348s] Level 1:colcon.colcon_core.package_discovery:discover_packages(recursive) check parameters
[0.348s] Level 1:colcon.colcon_core.package_discovery:discover_packages(ignore) check parameters
[0.348s] Level 1:colcon.colcon_core.package_discovery:discover_packages(path) check parameters
[0.348s] Level 1:colcon.colcon_core.package_discovery:discover_packages(colcon_meta) discover
[0.348s] Level 1:colcon.colcon_core.package_discovery:discover_packages(recursive) discover
[0.348s] INFO:colcon.colcon_core.package_discovery:Crawling recursively for packages in '/home/yly/ld19_hand_on'
[0.348s] Level 1:colcon.colcon_core.package_identification:_identify(.) by extensions ['ignore', 'ignore_ament_install']
[0.348s] Level 1:colcon.colcon_core.package_identification:_identify(.) by extension 'ignore'
[0.348s] Level 1:colcon.colcon_core.package_identification:_identify(.) by extension 'ignore_ament_install'
[0.348s] Level 1:colcon.colcon_core.package_identification:_identify(.) by extensions ['colcon_pkg']
[0.348s] Level 1:colcon.colcon_core.package_identification:_identify(.) by extension 'colcon_pkg'
[0.349s] Level 1:colcon.colcon_core.package_identification:_identify(.) by extensions ['colcon_meta']
[0.349s] Level 1:colcon.colcon_core.package_identification:_identify(.) by extension 'colcon_meta'
[0.349s] Level 1:colcon.colcon_core.package_identification:_identify(.) by extensions ['ros']
[0.349s] Level 1:colcon.colcon_core.package_identification:_identify(.) by extension 'ros'
[0.414s] Level 1:colcon.colcon_core.package_identification:_identify(.) by extensions ['cmake', 'python']
[0.414s] Level 1:colcon.colcon_core.package_identification:_identify(.) by extension 'cmake'
[0.414s] Level 1:colcon.colcon_core.package_identification:_identify(.) by extension 'python'
[0.414s] Level 1:colcon.colcon_core.package_identification:_identify(.) by extensions ['python_setup_py']
[0.414s] Level 1:colcon.colcon_core.package_identification:_identify(.) by extension 'python_setup_py'
[0.414s] Level 1:colcon.colcon_core.package_identification:_identify(build) by extensions ['ignore', 'ignore_ament_install']
[0.414s] Level 1:colcon.colcon_core.package_identification:_identify(build) by extension 'ignore'
[0.414s] Level 1:colcon.colcon_core.package_identification:_identify(build) ignored
[0.415s] Level 1:colcon.colcon_core.package_identification:_identify(install) by extensions ['ignore', 'ignore_ament_install']
[0.415s] Level 1:colcon.colcon_core.package_identification:_identify(install) by extension 'ignore'
[0.415s] Level 1:colcon.colcon_core.package_identification:_identify(install) ignored
[0.415s] Level 1:colcon.colcon_core.package_identification:_identify(log) by extensions ['ignore', 'ignore_ament_install']
[0.415s] Level 1:colcon.colcon_core.package_identification:_identify(log) by extension 'ignore'
[0.415s] Level 1:colcon.colcon_core.package_identification:_identify(log) ignored
[0.415s] Level 1:colcon.colcon_core.package_identification:_identify(maps) by extensions ['ignore', 'ignore_ament_install']
[0.415s] Level 1:colcon.colcon_core.package_identification:_identify(maps) by extension 'ignore'
[0.415s] Level 1:colcon.colcon_core.package_identification:_identify(maps) by extension 'ignore_ament_install'
[0.416s] Level 1:colcon.colcon_core.package_identification:_identify(maps) by extensions ['colcon_pkg']
[0.416s] Level 1:colcon.colcon_core.package_identification:_identify(maps) by extension 'colcon_pkg'
[0.416s] Level 1:colcon.colcon_core.package_identification:_identify(maps) by extensions ['colcon_meta']
[0.416s] Level 1:colcon.colcon_core.package_identification:_identify(maps) by extension 'colcon_meta'
[0.416s] Level 1:colcon.colcon_core.package_identification:_identify(maps) by extensions ['ros']
[0.416s] Level 1:colcon.colcon_core.package_identification:_identify(maps) by extension 'ros'
[0.416s] Level 1:colcon.colcon_core.package_identification:_identify(maps) by extensions ['cmake', 'python']
[0.416s] Level 1:colcon.colcon_core.package_identification:_identify(maps) by extension 'cmake'
[0.416s] Level 1:colcon.colcon_core.package_identification:_identify(maps) by extension 'python'
[0.416s] Level 1:colcon.colcon_core.package_identification:_identify(maps) by extensions ['python_setup_py']
[0.416s] Level 1:colcon.colcon_core.package_identification:_identify(maps) by extension 'python_setup_py'
[0.416s] Level 1:colcon.colcon_core.package_identification:_identify(src) by extensions ['ignore', 'ignore_ament_install']
[0.416s] Level 1:colcon.colcon_core.package_identification:_identify(src) by extension 'ignore'
[0.416s] Level 1:colcon.colcon_core.package_identification:_identify(src) by extension 'ignore_ament_install'
[0.417s] Level 1:colcon.colcon_core.package_identification:_identify(src) by extensions ['colcon_pkg']
[0.417s] Level 1:colcon.colcon_core.package_identification:_identify(src) by extension 'colcon_pkg'
[0.417s] Level 1:colcon.colcon_core.package_identification:_identify(src) by extensions ['colcon_meta']
[0.417s] Level 1:colcon.colcon_core.package_identification:_identify(src) by extension 'colcon_meta'
[0.417s] Level 1:colcon.colcon_core.package_identification:_identify(src) by extensions ['ros']
[0.417s] Level 1:colcon.colcon_core.package_identification:_identify(src) by extension 'ros'
[0.417s] Level 1:colcon.colcon_core.package_identification:_identify(src) by extensions ['cmake', 'python']
[0.417s] Level 1:colcon.colcon_core.package_identification:_identify(src) by extension 'cmake'
[0.417s] Level 1:colcon.colcon_core.package_identification:_identify(src) by extension 'python'
[0.417s] Level 1:colcon.colcon_core.package_identification:_identify(src) by extensions ['python_setup_py']
[0.417s] Level 1:colcon.colcon_core.package_identification:_identify(src) by extension 'python_setup_py'
[0.417s] Level 1:colcon.colcon_core.package_identification:_identify(src/ldlidar_stl_ros2) by extensions ['ignore', 'ignore_ament_install']
[0.418s] Level 1:colcon.colcon_core.package_identification:_identify(src/ldlidar_stl_ros2) by extension 'ignore'
[0.418s] Level 1:colcon.colcon_core.package_identification:_identify(src/ldlidar_stl_ros2) by extension 'ignore_ament_install'
[0.418s] Level 1:colcon.colcon_core.package_identification:_identify(src/ldlidar_stl_ros2) by extensions ['colcon_pkg']
[0.418s] Level 1:colcon.colcon_core.package_identification:_identify(src/ldlidar_stl_ros2) by extension 'colcon_pkg'
[0.418s] Level 1:colcon.colcon_core.package_identification:_identify(src/ldlidar_stl_ros2) by extensions ['colcon_meta']
[0.418s] Level 1:colcon.colcon_core.package_identification:_identify(src/ldlidar_stl_ros2) by extension 'colcon_meta'
[0.418s] Level 1:colcon.colcon_core.package_identification:_identify(src/ldlidar_stl_ros2) by extensions ['ros']
[0.418s] Level 1:colcon.colcon_core.package_identification:_identify(src/ldlidar_stl_ros2) by extension 'ros'
[0.422s] DEBUG:colcon.colcon_core.package_identification:Package 'src/ldlidar_stl_ros2' with type 'ros.ament_cmake' and name 'ldlidar_stl_ros2'
[0.422s] Level 1:colcon.colcon_core.package_identification:_identify(src/scout_bringup) by extensions ['ignore', 'ignore_ament_install']
[0.423s] Level 1:colcon.colcon_core.package_identification:_identify(src/scout_bringup) by extension 'ignore'
[0.423s] Level 1:colcon.colcon_core.package_identification:_identify(src/scout_bringup) by extension 'ignore_ament_install'
[0.423s] Level 1:colcon.colcon_core.package_identification:_identify(src/scout_bringup) by extensions ['colcon_pkg']
[0.423s] Level 1:colcon.colcon_core.package_identification:_identify(src/scout_bringup) by extension 'colcon_pkg'
[0.423s] Level 1:colcon.colcon_core.package_identification:_identify(src/scout_bringup) by extensions ['colcon_meta']
[0.423s] Level 1:colcon.colcon_core.package_identification:_identify(src/scout_bringup) by extension 'colcon_meta'
[0.423s] Level 1:colcon.colcon_core.package_identification:_identify(src/scout_bringup) by extensions ['ros']
[0.423s] Level 1:colcon.colcon_core.package_identification:_identify(src/scout_bringup) by extension 'ros'
[0.424s] DEBUG:colcon.colcon_core.package_identification:Package 'src/scout_bringup' with type 'ros.ament_cmake' and name 'scout_bringup'
[0.425s] Level 1:colcon.colcon_core.package_identification:_identify(src/scout_can) by extensions ['ignore', 'ignore_ament_install']
[0.425s] Level 1:colcon.colcon_core.package_identification:_identify(src/scout_can) by extension 'ignore'
[0.425s] Level 1:colcon.colcon_core.package_identification:_identify(src/scout_can) by extension 'ignore_ament_install'
[0.426s] Level 1:colcon.colcon_core.package_identification:_identify(src/scout_can) by extensions ['colcon_pkg']
[0.426s] Level 1:colcon.colcon_core.package_identification:_identify(src/scout_can) by extension 'colcon_pkg'
[0.427s] Level 1:colcon.colcon_core.package_identification:_identify(src/scout_can) by extensions ['colcon_meta']
[0.428s] Level 1:colcon.colcon_core.package_identification:_identify(src/scout_can) by extension 'colcon_meta'
[0.428s] Level 1:colcon.colcon_core.package_identification:_identify(src/scout_can) by extensions ['ros']
[0.429s] Level 1:colcon.colcon_core.package_identification:_identify(src/scout_can) by extension 'ros'
[0.435s] DEBUG:colcon.colcon_core.package_identification:Package 'src/scout_can' with type 'ros.ament_cmake' and name 'scout_can'
[0.435s] Level 1:colcon.colcon_core.package_discovery:discover_packages(recursive) using defaults
[0.435s] Level 1:colcon.colcon_core.package_discovery:discover_packages(ignore) discover
[0.435s] Level 1:colcon.colcon_core.package_discovery:discover_packages(ignore) using defaults
[0.435s] Level 1:colcon.colcon_core.package_discovery:discover_packages(path) discover
[0.435s] Level 1:colcon.colcon_core.package_discovery:discover_packages(path) using defaults
[0.476s] INFO:colcon.colcon_core.package_selection:Skipping not selected package 'ldlidar_stl_ros2' in 'src/ldlidar_stl_ros2'
[0.477s] INFO:colcon.colcon_core.package_selection:Skipping not selected package 'scout_bringup' in 'src/scout_bringup'
[0.479s] Level 1:colcon.colcon_core.package_discovery:discover_packages(prefix_path) check parameters
[0.479s] Level 1:colcon.colcon_core.package_discovery:discover_packages(prefix_path) discover
[0.486s] DEBUG:colcon.colcon_installed_package_information.package_discovery:Found 395 installed packages in /opt/ros/jazzy
[0.489s] Level 1:colcon.colcon_core.package_discovery:discover_packages(prefix_path) using defaults
[0.619s] Level 5:colcon.colcon_core.verb:set package 'scout_can' build argument 'cmake_args' from command line to 'None'
[0.619s] Level 5:colcon.colcon_core.verb:set package 'scout_can' build argument 'cmake_target' from command line to 'None'
[0.619s] Level 5:colcon.colcon_core.verb:set package 'scout_can' build argument 'cmake_target_skip_unavailable' from command line to 'False'
[0.619s] Level 5:colcon.colcon_core.verb:set package 'scout_can' build argument 'cmake_clean_cache' from command line to 'False'
[0.619s] Level 5:colcon.colcon_core.verb:set package 'scout_can' build argument 'cmake_clean_first' from command line to 'False'
[0.619s] Level 5:colcon.colcon_core.verb:set package 'scout_can' build argument 'cmake_force_configure' from command line to 'False'
[0.619s] Level 5:colcon.colcon_core.verb:set package 'scout_can' build argument 'ament_cmake_args' from command line to 'None'
[0.619s] Level 5:colcon.colcon_core.verb:set package 'scout_can' build argument 'catkin_cmake_args' from command line to 'None'
[0.619s] Level 5:colcon.colcon_core.verb:set package 'scout_can' build argument 'catkin_skip_building_tests' from command line to 'False'
[0.619s] DEBUG:colcon.colcon_core.verb:Building package 'scout_can' with the following arguments: {'ament_cmake_args': None, 'build_base': '/home/yly/ld19_hand_on/build/scout_can', 'catkin_cmake_args': None, 'catkin_skip_building_tests': False, 'cmake_args': None, 'cmake_clean_cache': False, 'cmake_clean_first': False, 'cmake_force_configure': False, 'cmake_target': None, 'cmake_target_skip_unavailable': False, 'install_base': '/home/yly/ld19_hand_on/install/scout_can', 'merge_install': False, 'path': '/home/yly/ld19_hand_on/src/scout_can', 'symlink_install': True, 'test_result_base': None}
[0.619s] INFO:colcon.colcon_core.executor:Executing jobs using 'parallel' executor
[0.621s] DEBUG:colcon.colcon_parallel_executor.executor.parallel:run_until_complete
[0.621s] INFO:colcon.colcon_ros.task.ament_cmake.build:Building ROS package in '/home/yly/ld19_hand_on/src/scout_can' with build type 'ament_cmake'
[0.621s] INFO:colcon.colcon_cmake.task.cmake.build:Building CMake package in '/home/yly/ld19_hand_on/src/scout_can'
[0.624s] INFO:colcon.colcon_core.plugin_system:Skipping extension 'colcon_core.shell.bat': Not used on non-Windows systems
[0.624s] INFO:colcon.colcon_core.shell:Skip shell extension 'powershell' for command environment: Not usable outside of PowerShell
[0.624s] DEBUG:colcon.colcon_core.shell:Skip shell extension 'dsv' for command environment
[0.644s] DEBUG:colcon.colcon_core.event_handler.log_command:Invoking command in '/home/yly/ld19_hand_on/build/scout_can': CMAKE_PREFIX_PATH=${CMAKE_PREFIX_PATH}:/opt/ros/jazzy DEBUGINFOD_URLS=https://debuginfod.ubuntu.com /usr/bin/cmake --build /home/yly/ld19_hand_on/build/scout_can -- -j4 -l4
[19.048s] DEBUG:colcon.colcon_core.event_handler.log_command:Invoked command in '/home/yly/ld19_hand_on/build/scout_can' returned '0': CMAKE_PREFIX_PATH=${CMAKE_PREFIX_PATH}:/opt/ros/jazzy DEBUGINFOD_URLS=https://debuginfod.ubuntu.com /usr/bin/cmake --build /home/yly/ld19_hand_on/build/scout_can -- -j4 -l4
[19.082s] DEBUG:colcon.colcon_core.event_handler.log_command:Invoking command in '/home/yly/ld19_hand_on/build/scout_can': CMAKE_PREFIX_PATH=${CMAKE_PREFIX_PATH}:/opt/ros/jazzy DEBUGINFOD_URLS=https://debuginfod.ubuntu.com /usr/bin/cmake --install /home/yly/ld19_hand_on/build/scout_can
[19.179s] Level 1:colcon.colcon_core.environment:create_environment_scripts_only(scout_can)
[19.180s] DEBUG:colcon.colcon_core.event_handler.log_command:Invoked command in '/home/yly/ld19_hand_on/build/scout_can' returned '0': CMAKE_PREFIX_PATH=${CMAKE_PREFIX_PATH}:/opt/ros/jazzy DEBUGINFOD_URLS=https://debuginfod.ubuntu.com /usr/bin/cmake --install /home/yly/ld19_hand_on/build/scout_can
[19.183s] Level 1:colcon.colcon_core.environment:checking '/home/yly/ld19_hand_on/install/scout_can' for CMake module files
[19.184s] Level 1:colcon.colcon_core.environment:checking '/home/yly/ld19_hand_on/install/scout_can' for CMake config files
[19.185s] Level 1:colcon.colcon_core.shell:create_environment_hook('scout_can', 'cmake_prefix_path')
[19.185s] INFO:colcon.colcon_core.shell:Creating environment hook '/home/yly/ld19_hand_on/install/scout_can/share/scout_can/hook/cmake_prefix_path.ps1'
[19.186s] INFO:colcon.colcon_core.shell:Creating environment descriptor '/home/yly/ld19_hand_on/install/scout_can/share/scout_can/hook/cmake_prefix_path.dsv'
[19.187s] INFO:colcon.colcon_core.shell:Creating environment hook '/home/yly/ld19_hand_on/install/scout_can/share/scout_can/hook/cmake_prefix_path.sh'
[19.189s] Level 1:colcon.colcon_core.environment:checking '/home/yly/ld19_hand_on/install/scout_can/lib'
[19.189s] Level 1:colcon.colcon_core.environment:checking '/home/yly/ld19_hand_on/install/scout_can/bin'
[19.189s] Level 1:colcon.colcon_core.environment:checking '/home/yly/ld19_hand_on/install/scout_can/lib/pkgconfig/scout_can.pc'
[19.189s] Level 1:colcon.colcon_core.environment:checking '/home/yly/ld19_hand_on/install/scout_can/lib/python3.12/site-packages'
[19.190s] Level 1:colcon.colcon_core.environment:checking '/home/yly/ld19_hand_on/install/scout_can/bin'
[19.190s] INFO:colcon.colcon_core.shell:Creating package script '/home/yly/ld19_hand_on/install/scout_can/share/scout_can/package.ps1'
[19.192s] INFO:colcon.colcon_core.shell:Creating package descriptor '/home/yly/ld19_hand_on/install/scout_can/share/scout_can/package.dsv'
[19.192s] INFO:colcon.colcon_core.shell:Creating package script '/home/yly/ld19_hand_on/install/scout_can/share/scout_can/package.sh'
[19.193s] INFO:colcon.colcon_core.shell:Creating package script '/home/yly/ld19_hand_on/install/scout_can/share/scout_can/package.bash'
[19.194s] INFO:colcon.colcon_core.shell:Creating package script '/home/yly/ld19_hand_on/install/scout_can/share/scout_can/package.zsh'
[19.195s] Level 1:colcon.colcon_core.environment:create_file_with_runtime_dependencies(/home/yly/ld19_hand_on/install/scout_can/share/colcon-core/packages/scout_can)
[19.197s] Level 1:colcon.colcon_core.environment:create_environment_scripts_only(scout_can)
[19.197s] Level 1:colcon.colcon_core.environment:checking '/home/yly/ld19_hand_on/install/scout_can' for CMake module files
[19.198s] Level 1:colcon.colcon_core.environment:checking '/home/yly/ld19_hand_on/install/scout_can' for CMake config files
[19.198s] Level 1:colcon.colcon_core.shell:create_environment_hook('scout_can', 'cmake_prefix_path')
[19.198s] INFO:colcon.colcon_core.shell:Creating environment hook '/home/yly/ld19_hand_on/install/scout_can/share/scout_can/hook/cmake_prefix_path.ps1'
[19.200s] INFO:colcon.colcon_core.shell:Creating environment descriptor '/home/yly/ld19_hand_on/install/scout_can/share/scout_can/hook/cmake_prefix_path.dsv'
[19.203s] INFO:colcon.colcon_core.shell:Creating environment hook '/home/yly/ld19_hand_on/install/scout_can/share/scout_can/hook/cmake_prefix_path.sh'
[19.208s] Level 1:colcon.colcon_core.environment:checking '/home/yly/ld19_hand_on/install/scout_can/lib'
[19.209s] Level 1:colcon.colcon_core.environment:checking '/home/yly/ld19_hand_on/install/scout_can/bin'
[19.209s] Level 1:colcon.colcon_core.environment:checking '/home/yly/ld19_hand_on/install/scout_can/lib/pkgconfig/scout_can.pc'
[19.209s] Level 1:colcon.colcon_core.environment:checking '/home/yly/ld19_hand_on/install/scout_can/lib/python3.12/site-packages'
[19.210s] Level 1:colcon.colcon_core.environment:checking '/home/yly/ld19_hand_on/install/scout_can/bin'
[19.210s] INFO:colcon.colcon_core.shell:Creating package script '/home/yly/ld19_hand_on/install/scout_can/share/scout_can/package.ps1'
[19.211s] INFO:colcon.colcon_core.shell:Creating package descriptor '/home/yly/ld19_hand_on/install/scout_can/share/scout_can/package.dsv'
[19.215s] INFO:colcon.colcon_core.shell:Creating package script '/home/yly/ld19_hand_on/install/scout_can/share/scout_can/package.sh'
[19.217s] INFO:colcon.colcon_core.shell:Creating package script '/home/yly/ld19_hand_on/install/scout_can/share/scout_can/package.bash'
[19.221s] INFO:colcon.colcon_core.shell:Creating package script '/home/yly/ld19_hand_on/install/scout_can/share/scout_can/package.zsh'
[19.222s] Level 1:colcon.colcon_core.environment:create_file_with_runtime_dependencies(/home/yly/ld19_hand_on/install/scout_can/share/colcon-core/packages/scout_can)
[19.223s] DEBUG:colcon.colcon_parallel_executor.executor.parallel:closing loop
[19.223s] DEBUG:colcon.colcon_parallel_executor.executor.parallel:loop closed
[19.223s] DEBUG:colcon.colcon_parallel_executor.executor.parallel:run_until_complete finished with '0'
[19.224s] DEBUG:colcon.colcon_core.event_reactor:joining thread
[19.232s] INFO:colcon.colcon_core.plugin_system:Skipping extension 'colcon_notification.desktop_notification.terminal_notifier': Not used on non-Darwin systems
[19.232s] INFO:colcon.colcon_core.plugin_system:Skipping extension 'colcon_notification.desktop_notification.win32': Not used on non-Windows systems
[19.232s] INFO:colcon.colcon_notification.desktop_notification:Sending desktop notification using 'notify2'
[19.279s] DEBUG:colcon.colcon_core.event_reactor:joined thread
[19.282s] INFO:colcon.colcon_core.shell:Creating prefix script '/home/yly/ld19_hand_on/install/local_setup.ps1'
[19.284s] INFO:colcon.colcon_core.shell:Creating prefix util module '/home/yly/ld19_hand_on/install/_local_setup_util_ps1.py'
[19.286s] INFO:colcon.colcon_core.shell:Creating prefix chain script '/home/yly/ld19_hand_on/install/setup.ps1'
[19.287s] INFO:colcon.colcon_core.shell:Creating prefix script '/home/yly/ld19_hand_on/install/local_setup.sh'
[19.292s] INFO:colcon.colcon_core.shell:Creating prefix util module '/home/yly/ld19_hand_on/install/_local_setup_util_sh.py'
[19.300s] INFO:colcon.colcon_core.shell:Creating prefix chain script '/home/yly/ld19_hand_on/install/setup.sh'
[19.304s] INFO:colcon.colcon_core.shell:Creating prefix script '/home/yly/ld19_hand_on/install/local_setup.bash'
[19.305s] INFO:colcon.colcon_core.shell:Creating prefix chain script '/home/yly/ld19_hand_on/install/setup.bash'
[19.307s] INFO:colcon.colcon_core.shell:Creating prefix script '/home/yly/ld19_hand_on/install/local_setup.zsh'
[19.308s] INFO:colcon.colcon_core.shell:Creating prefix chain script '/home/yly/ld19_hand_on/install/setup.zsh'
