-- Install configuration: ""
-- Execute custom install script
-- Up-to-date symlink: /home/yly/ld19_hand_on/install/scout_bringup/share/scout_bringup/config/ld19_cartographer_2d.lua
-- Up-to-date symlink: /home/yly/ld19_hand_on/install/scout_bringup/share/scout_bringup/config/nav2_navigation_params.yaml
-- Up-to-date symlink: /home/yly/ld19_hand_on/install/scout_bringup/share/scout_bringup/config/scout_bringup_config.yaml
-- Up-to-date symlink: /home/yly/ld19_hand_on/install/scout_bringup/share/scout_bringup/launch/ld19_mapping.launch.py
-- Up-to-date symlink: /home/yly/ld19_hand_on/install/scout_bringup/share/scout_bringup/launch/ld19_nav2_amcl.launch.py
-- Up-to-date symlink: /home/yly/ld19_hand_on/install/scout_bringup/share/scout_bringup/launch/scout_can_communication_test.launch.py
-- Up-to-date symlink: /home/yly/ld19_hand_on/install/scout_bringup/share/scout_bringup/launch/scout_can_odometry_rviz.launch.py
-- Up-to-date symlink: /home/yly/ld19_hand_on/install/scout_bringup/share/scout_bringup/maps/ld19_handheld_map.pgm
-- Up-to-date symlink: /home/yly/ld19_hand_on/install/scout_bringup/share/scout_bringup/maps/ld19_handheld_map.yaml
-- Up-to-date symlink: /home/yly/ld19_hand_on/install/scout_bringup/share/scout_bringup/rviz/ld19_mapping.rviz
-- Up-to-date symlink: /home/yly/ld19_hand_on/install/scout_bringup/share/scout_bringup/rviz/scout_can_odometry.rviz
-- Up-to-date symlink: /home/yly/ld19_hand_on/install/scout_bringup/lib/scout_bringup/save_ld19_map
-- Up-to-date symlink: /home/yly/ld19_hand_on/install/scout_bringup/share/ament_index/resource_index/package_run_dependencies/scout_bringup
-- Up-to-date symlink: /home/yly/ld19_hand_on/install/scout_bringup/share/ament_index/resource_index/parent_prefix_path/scout_bringup
-- Up-to-date symlink: /home/yly/ld19_hand_on/install/scout_bringup/share/scout_bringup/environment/ament_prefix_path.sh
-- Up-to-date symlink: /home/yly/ld19_hand_on/install/scout_bringup/share/scout_bringup/environment/ament_prefix_path.dsv
-- Up-to-date symlink: /home/yly/ld19_hand_on/install/scout_bringup/share/scout_bringup/environment/path.sh
-- Up-to-date symlink: /home/yly/ld19_hand_on/install/scout_bringup/share/scout_bringup/environment/path.dsv
-- Up-to-date symlink: /home/yly/ld19_hand_on/install/scout_bringup/share/scout_bringup/local_setup.bash
-- Up-to-date symlink: /home/yly/ld19_hand_on/install/scout_bringup/share/scout_bringup/local_setup.sh
-- Up-to-date symlink: /home/yly/ld19_hand_on/install/scout_bringup/share/scout_bringup/local_setup.zsh
-- Up-to-date symlink: /home/yly/ld19_hand_on/install/scout_bringup/share/scout_bringup/local_setup.dsv
-- Symlinking: /home/yly/ld19_hand_on/install/scout_bringup/share/scout_bringup/package.dsv
-- Up-to-date symlink: /home/yly/ld19_hand_on/install/scout_bringup/share/ament_index/resource_index/packages/scout_bringup
-- Up-to-date symlink: /home/yly/ld19_hand_on/install/scout_bringup/share/scout_bringup/cmake/scout_bringupConfig.cmake
-- Up-to-date symlink: /home/yly/ld19_hand_on/install/scout_bringup/share/scout_bringup/cmake/scout_bringupConfig-version.cmake
-- Up-to-date symlink: /home/yly/ld19_hand_on/install/scout_bringup/share/scout_bringup/package.xml
