[0.054s] Invoking command in '/home/yly/ld19_hand_on/build/ldlidar_stl_ros2': CMAKE_PREFIX_PATH=${CMAKE_PREFIX_PATH}:/opt/ros/jazzy DEBUGINFOD_URLS=https://debuginfod.ubuntu.com /usr/bin/cmake --build /home/yly/ld19_hand_on/build/ldlidar_stl_ros2 -- -j4 -l4
[0.918s] [100%] Built target ldlidar_stl_ros2_node
[0.981s] Invoked command in '/home/yly/ld19_hand_on/build/ldlidar_stl_ros2' returned '0': CMAKE_PREFIX_PATH=${CMAKE_PREFIX_PATH}:/opt/ros/jazzy DEBUGINFOD_URLS=https://debuginfod.ubuntu.com /usr/bin/cmake --build /home/yly/ld19_hand_on/build/ldlidar_stl_ros2 -- -j4 -l4
[1.045s] Invoking command in '/home/yly/ld19_hand_on/build/ldlidar_stl_ros2': CMAKE_PREFIX_PATH=${CMAKE_PREFIX_PATH}:/opt/ros/jazzy DEBUGINFOD_URLS=https://debuginfod.ubuntu.com /usr/bin/cmake --install /home/yly/ld19_hand_on/build/ldlidar_stl_ros2
[1.091s] -- Install configuration: ""
[1.096s] -- Execute custom install script
[1.102s] -- Up-to-date symlink: /home/yly/ld19_hand_on/install/ldlidar_stl_ros2/lib/ldlidar_stl_ros2/ldlidar_stl_ros2_node
[1.119s] -- Up-to-date symlink: /home/yly/ld19_hand_on/install/ldlidar_stl_ros2/share/ament_index/resource_index/package_run_dependencies/ldlidar_stl_ros2
[1.125s] -- Up-to-date symlink: /home/yly/ld19_hand_on/install/ldlidar_stl_ros2/share/ament_index/resource_index/parent_prefix_path/ldlidar_stl_ros2
[1.128s] -- Up-to-date symlink: /home/yly/ld19_hand_on/install/ldlidar_stl_ros2/share/ldlidar_stl_ros2/environment/ament_prefix_path.sh
[1.129s] -- Up-to-date symlink: /home/yly/ld19_hand_on/install/ldlidar_stl_ros2/share/ldlidar_stl_ros2/environment/ament_prefix_path.dsv
[1.132s] -- Up-to-date symlink: /home/yly/ld19_hand_on/install/ldlidar_stl_ros2/share/ldlidar_stl_ros2/environment/path.sh
[1.143s] -- Up-to-date symlink: /home/yly/ld19_hand_on/install/ldlidar_stl_ros2/share/ldlidar_stl_ros2/environment/path.dsv
[1.147s] -- Up-to-date symlink: /home/yly/ld19_hand_on/install/ldlidar_stl_ros2/share/ldlidar_stl_ros2/local_setup.bash
[1.148s] -- Up-to-date symlink: /home/yly/ld19_hand_on/install/ldlidar_stl_ros2/share/ldlidar_stl_ros2/local_setup.sh
[1.157s] -- Up-to-date symlink: /home/yly/ld19_hand_on/install/ldlidar_stl_ros2/share/ldlidar_stl_ros2/local_setup.zsh
[1.169s] -- Up-to-date symlink: /home/yly/ld19_hand_on/install/ldlidar_stl_ros2/share/ldlidar_stl_ros2/local_setup.dsv
[1.171s] -- Symlinking: /home/yly/ld19_hand_on/install/ldlidar_stl_ros2/share/ldlidar_stl_ros2/package.dsv
[1.225s] -- Up-to-date symlink: /home/yly/ld19_hand_on/install/ldlidar_stl_ros2/share/ament_index/resource_index/packages/ldlidar_stl_ros2
[1.228s] -- Up-to-date symlink: /home/yly/ld19_hand_on/install/ldlidar_stl_ros2/share/ldlidar_stl_ros2/cmake/ldlidar_stl_ros2Config.cmake
[1.233s] -- Up-to-date symlink: /home/yly/ld19_hand_on/install/ldlidar_stl_ros2/share/ldlidar_stl_ros2/cmake/ldlidar_stl_ros2Config-version.cmake
[1.233s] -- Up-to-date symlink: /home/yly/ld19_hand_on/install/ldlidar_stl_ros2/share/ldlidar_stl_ros2/package.xml
[1.245s] Invoked command in '/home/yly/ld19_hand_on/build/ldlidar_stl_ros2' returned '0': CMAKE_PREFIX_PATH=${CMAKE_PREFIX_PATH}:/opt/ros/jazzy DEBUGINFOD_URLS=https://debuginfod.ubuntu.com /usr/bin/cmake --install /home/yly/ld19_hand_on/build/ldlidar_stl_ros2
