[0.019s] Invoking command in '/home/yly/ld19_hand_on/build/ld19_hand_on': AMENT_PREFIX_PATH=/home/yly/ld19_hand_on/install/ldlidar_stl_ros2:${AMENT_PREFIX_PATH} CMAKE_PREFIX_PATH=/home/yly/ld19_hand_on/install/ldlidar_stl_ros2:/home/yly/1d19/install/ld19_bringup:/home/yly/1d19/install/ldlidar_stl_ros2:/opt/ros/jazzy/opt/gz_sim_vendor:/opt/ros/jazzy/opt/gz_sensors_vendor:/opt/ros/jazzy/opt/gz_physics_vendor:/opt/ros/jazzy/opt/sdformat_vendor:/opt/ros/jazzy/opt/gz_gui_vendor:/opt/ros/jazzy/opt/gz_transport_vendor:/opt/ros/jazzy/opt/gz_rendering_vendor:/opt/ros/jazzy/opt/gz_plugin_vendor:/opt/ros/jazzy/opt/gz_fuel_tools_vendor:/opt/ros/jazzy/opt/gz_msgs_vendor:/opt/ros/jazzy/opt/gz_common_vendor:/opt/ros/jazzy/opt/gz_math_vendor:/opt/ros/jazzy/opt/gz_utils_vendor:/opt/ros/jazzy/opt/gz_tools_vendor:/opt/ros/jazzy/opt/gz_ogre_next_vendor:/opt/ros/jazzy/opt/gz_dartsim_vendor:/opt/ros/jazzy/opt/gz_cmake_vendor:/opt/ros/jazzy DEBUGINFOD_URLS=https://debuginfod.ubuntu.com /usr/bin/cmake --build /home/yly/ld19_hand_on/build/ld19_hand_on -- -j4 -l4
[0.089s] -- Found ament_cmake: 2.5.6 (/opt/ros/jazzy/share/ament_cmake/cmake)
[0.663s] -- Override CMake install command with custom implementation using symlinks instead of copying resources
[0.967s] -- Configuring done (0.9s)
[0.982s] -- Generating done (0.0s)
[0.990s] -- Build files have been written to: /home/yly/ld19_hand_on/build/ld19_hand_on
[1.065s] Invoked command in '/home/yly/ld19_hand_on/build/ld19_hand_on' returned '0': AMENT_PREFIX_PATH=/home/yly/ld19_hand_on/install/ldlidar_stl_ros2:${AMENT_PREFIX_PATH} CMAKE_PREFIX_PATH=/home/yly/ld19_hand_on/install/ldlidar_stl_ros2:/home/yly/1d19/install/ld19_bringup:/home/yly/1d19/install/ldlidar_stl_ros2:/opt/ros/jazzy/opt/gz_sim_vendor:/opt/ros/jazzy/opt/gz_sensors_vendor:/opt/ros/jazzy/opt/gz_physics_vendor:/opt/ros/jazzy/opt/sdformat_vendor:/opt/ros/jazzy/opt/gz_gui_vendor:/opt/ros/jazzy/opt/gz_transport_vendor:/opt/ros/jazzy/opt/gz_rendering_vendor:/opt/ros/jazzy/opt/gz_plugin_vendor:/opt/ros/jazzy/opt/gz_fuel_tools_vendor:/opt/ros/jazzy/opt/gz_msgs_vendor:/opt/ros/jazzy/opt/gz_common_vendor:/opt/ros/jazzy/opt/gz_math_vendor:/opt/ros/jazzy/opt/gz_utils_vendor:/opt/ros/jazzy/opt/gz_tools_vendor:/opt/ros/jazzy/opt/gz_ogre_next_vendor:/opt/ros/jazzy/opt/gz_dartsim_vendor:/opt/ros/jazzy/opt/gz_cmake_vendor:/opt/ros/jazzy DEBUGINFOD_URLS=https://debuginfod.ubuntu.com /usr/bin/cmake --build /home/yly/ld19_hand_on/build/ld19_hand_on -- -j4 -l4
[1.067s] Invoking command in '/home/yly/ld19_hand_on/build/ld19_hand_on': AMENT_PREFIX_PATH=/home/yly/ld19_hand_on/install/ldlidar_stl_ros2:${AMENT_PREFIX_PATH} CMAKE_PREFIX_PATH=/home/yly/ld19_hand_on/install/ldlidar_stl_ros2:/home/yly/1d19/install/ld19_bringup:/home/yly/1d19/install/ldlidar_stl_ros2:/opt/ros/jazzy/opt/gz_sim_vendor:/opt/ros/jazzy/opt/gz_sensors_vendor:/opt/ros/jazzy/opt/gz_physics_vendor:/opt/ros/jazzy/opt/sdformat_vendor:/opt/ros/jazzy/opt/gz_gui_vendor:/opt/ros/jazzy/opt/gz_transport_vendor:/opt/ros/jazzy/opt/gz_rendering_vendor:/opt/ros/jazzy/opt/gz_plugin_vendor:/opt/ros/jazzy/opt/gz_fuel_tools_vendor:/opt/ros/jazzy/opt/gz_msgs_vendor:/opt/ros/jazzy/opt/gz_common_vendor:/opt/ros/jazzy/opt/gz_math_vendor:/opt/ros/jazzy/opt/gz_utils_vendor:/opt/ros/jazzy/opt/gz_tools_vendor:/opt/ros/jazzy/opt/gz_ogre_next_vendor:/opt/ros/jazzy/opt/gz_dartsim_vendor:/opt/ros/jazzy/opt/gz_cmake_vendor:/opt/ros/jazzy DEBUGINFOD_URLS=https://debuginfod.ubuntu.com /usr/bin/cmake --install /home/yly/ld19_hand_on/build/ld19_hand_on
[1.095s] -- Install configuration: ""
[1.095s] -- Execute custom install script
[1.096s] -- Up-to-date symlink: /home/yly/ld19_hand_on/install/ld19_hand_on/share/ld19_hand_on/config/ld19_hand_on.lua
[1.096s] -- Symlinking: /home/yly/ld19_hand_on/install/ld19_hand_on/share/ld19_hand_on/config/nav2_params.yaml
[1.129s] -- Symlinking: /home/yly/ld19_hand_on/install/ld19_hand_on/share/ld19_hand_on/launch/__pycache__/ld19_hand_on.launch.cpython-312.pyc
[1.160s] -- Symlinking: /home/yly/ld19_hand_on/install/ld19_hand_on/share/ld19_hand_on/launch/__pycache__/ld19_navigation.launch.cpython-312.pyc
[1.190s] -- Up-to-date symlink: /home/yly/ld19_hand_on/install/ld19_hand_on/share/ld19_hand_on/launch/ld19_hand_on.launch.py
[1.190s] -- Symlinking: /home/yly/ld19_hand_on/install/ld19_hand_on/share/ld19_hand_on/launch/ld19_navigation.launch.py
[1.220s] -- Symlinking: /home/yly/ld19_hand_on/install/ld19_hand_on/share/ld19_hand_on/maps/ld19_map.pgm
[1.252s] -- Symlinking: /home/yly/ld19_hand_on/install/ld19_hand_on/share/ld19_hand_on/maps/ld19_map.yaml
[1.287s] -- Up-to-date symlink: /home/yly/ld19_hand_on/install/ld19_hand_on/share/ld19_hand_on/rviz/ld19_hand_on.rviz
[1.287s] -- Symlinking: /home/yly/ld19_hand_on/install/ld19_hand_on/lib/ld19_hand_on/save_map
[1.327s] -- Up-to-date symlink: /home/yly/ld19_hand_on/install/ld19_hand_on/share/ament_index/resource_index/package_run_dependencies/ld19_hand_on
[1.327s] -- Up-to-date symlink: /home/yly/ld19_hand_on/install/ld19_hand_on/share/ament_index/resource_index/parent_prefix_path/ld19_hand_on
[1.327s] -- Up-to-date symlink: /home/yly/ld19_hand_on/install/ld19_hand_on/share/ld19_hand_on/environment/ament_prefix_path.sh
[1.328s] -- Up-to-date symlink: /home/yly/ld19_hand_on/install/ld19_hand_on/share/ld19_hand_on/environment/ament_prefix_path.dsv
[1.328s] -- Up-to-date symlink: /home/yly/ld19_hand_on/install/ld19_hand_on/share/ld19_hand_on/environment/path.sh
[1.328s] -- Up-to-date symlink: /home/yly/ld19_hand_on/install/ld19_hand_on/share/ld19_hand_on/environment/path.dsv
[1.328s] -- Up-to-date symlink: /home/yly/ld19_hand_on/install/ld19_hand_on/share/ld19_hand_on/local_setup.bash
[1.328s] -- Up-to-date symlink: /home/yly/ld19_hand_on/install/ld19_hand_on/share/ld19_hand_on/local_setup.sh
[1.328s] -- Up-to-date symlink: /home/yly/ld19_hand_on/install/ld19_hand_on/share/ld19_hand_on/local_setup.zsh
[1.328s] -- Up-to-date symlink: /home/yly/ld19_hand_on/install/ld19_hand_on/share/ld19_hand_on/local_setup.dsv
[1.329s] -- Symlinking: /home/yly/ld19_hand_on/install/ld19_hand_on/share/ld19_hand_on/package.dsv
[1.361s] -- Up-to-date symlink: /home/yly/ld19_hand_on/install/ld19_hand_on/share/ament_index/resource_index/packages/ld19_hand_on
[1.361s] -- Up-to-date symlink: /home/yly/ld19_hand_on/install/ld19_hand_on/share/ld19_hand_on/cmake/ld19_hand_onConfig.cmake
[1.362s] -- Up-to-date symlink: /home/yly/ld19_hand_on/install/ld19_hand_on/share/ld19_hand_on/cmake/ld19_hand_onConfig-version.cmake
[1.362s] -- Up-to-date symlink: /home/yly/ld19_hand_on/install/ld19_hand_on/share/ld19_hand_on/package.xml
[1.367s] Invoked command in '/home/yly/ld19_hand_on/build/ld19_hand_on' returned '0': AMENT_PREFIX_PATH=/home/yly/ld19_hand_on/install/ldlidar_stl_ros2:${AMENT_PREFIX_PATH} CMAKE_PREFIX_PATH=/home/yly/ld19_hand_on/install/ldlidar_stl_ros2:/home/yly/1d19/install/ld19_bringup:/home/yly/1d19/install/ldlidar_stl_ros2:/opt/ros/jazzy/opt/gz_sim_vendor:/opt/ros/jazzy/opt/gz_sensors_vendor:/opt/ros/jazzy/opt/gz_physics_vendor:/opt/ros/jazzy/opt/sdformat_vendor:/opt/ros/jazzy/opt/gz_gui_vendor:/opt/ros/jazzy/opt/gz_transport_vendor:/opt/ros/jazzy/opt/gz_rendering_vendor:/opt/ros/jazzy/opt/gz_plugin_vendor:/opt/ros/jazzy/opt/gz_fuel_tools_vendor:/opt/ros/jazzy/opt/gz_msgs_vendor:/opt/ros/jazzy/opt/gz_common_vendor:/opt/ros/jazzy/opt/gz_math_vendor:/opt/ros/jazzy/opt/gz_utils_vendor:/opt/ros/jazzy/opt/gz_tools_vendor:/opt/ros/jazzy/opt/gz_ogre_next_vendor:/opt/ros/jazzy/opt/gz_dartsim_vendor:/opt/ros/jazzy/opt/gz_cmake_vendor:/opt/ros/jazzy DEBUGINFOD_URLS=https://debuginfod.ubuntu.com /usr/bin/cmake --install /home/yly/ld19_hand_on/build/ld19_hand_on
