[0.284s] DEBUG:colcon:Command line arguments: ['/usr/bin/colcon', 'build', '--symlink-install', '--packages-select', 'scout_can', 'scout_bringup']
[0.285s] DEBUG:colcon:Parsed command line arguments: Namespace(log_base=None, log_level=None, verb_name='build', build_base='build', install_base='install', merge_install=False, symlink_install=True, test_result_base=None, continue_on_error=False, executor='parallel', parallel_workers=4, event_handlers=None, ignore_user_meta=False, metas=['./colcon.meta'], base_paths=['.'], packages_ignore=None, packages_ignore_regex=None, paths=None, packages_up_to=None, packages_up_to_regex=None, packages_above=None, packages_above_and_dependencies=None, packages_above_depth=None, packages_select_by_dep=None, packages_skip_by_dep=None, packages_skip_up_to=None, packages_select_build_failed=False, packages_skip_build_finished=False, packages_select_test_failures=False, packages_skip_test_passed=False, packages_select=['scout_can', 'scout_bringup'], packages_skip=None, packages_select_regex=None, packages_skip_regex=None, packages_start=None, packages_end=None, allow_overriding=[], cmake_args=None, cmake_target=None, cmake_target_skip_unavailable=False, cmake_clean_cache=False, cmake_clean_first=False, cmake_force_configure=False, ament_cmake_args=None, catkin_cmake_args=None, catkin_skip_building_tests=False, verb_parser=<colcon_defaults.argument_parser.defaults.DefaultArgumentsDecorator object at 0xffffae8b2f60>, verb_extension=<colcon_core.verb.build.BuildVerb object at 0xffffaea67d10>, main=<bound method BuildVerb.main of <colcon_core.verb.build.BuildVerb object at 0xffffaea67d10>>)
[0.407s] Level 1:colcon.colcon_core.package_discovery:discover_packages(colcon_meta) check parameters
[0.407s] Level 1:colcon.colcon_core.package_discovery:discover_packages(recursive) check parameters
[0.407s] Level 1:colcon.colcon_core.package_discovery:discover_packages(ignore) check parameters
[0.407s] Level 1:colcon.colcon_core.package_discovery:discover_packages(path) check parameters
[0.407s] Level 1:colcon.colcon_core.package_discovery:discover_packages(colcon_meta) discover
[0.407s] Level 1:colcon.colcon_core.package_discovery:discover_packages(recursive) discover
[0.407s] INFO:colcon.colcon_core.package_discovery:Crawling recursively for packages in '/home/yly/ld19_hand_on'
[0.407s] Level 1:colcon.colcon_core.package_identification:_identify(.) by extensions ['ignore', 'ignore_ament_install']
[0.407s] Level 1:colcon.colcon_core.package_identification:_identify(.) by extension 'ignore'
[0.408s] Level 1:colcon.colcon_core.package_identification:_identify(.) by extension 'ignore_ament_install'
[0.408s] Level 1:colcon.colcon_core.package_identification:_identify(.) by extensions ['colcon_pkg']
[0.408s] Level 1:colcon.colcon_core.package_identification:_identify(.) by extension 'colcon_pkg'
[0.408s] Level 1:colcon.colcon_core.package_identification:_identify(.) by extensions ['colcon_meta']
[0.408s] Level 1:colcon.colcon_core.package_identification:_identify(.) by extension 'colcon_meta'
[0.408s] Level 1:colcon.colcon_core.package_identification:_identify(.) by extensions ['ros']
[0.408s] Level 1:colcon.colcon_core.package_identification:_identify(.) by extension 'ros'
[0.450s] Level 1:colcon.colcon_core.package_identification:_identify(.) by extensions ['cmake', 'python']
[0.450s] Level 1:colcon.colcon_core.package_identification:_identify(.) by extension 'cmake'
[0.450s] Level 1:colcon.colcon_core.package_identification:_identify(.) by extension 'python'
[0.450s] Level 1:colcon.colcon_core.package_identification:_identify(.) by extensions ['python_setup_py']
[0.450s] Level 1:colcon.colcon_core.package_identification:_identify(.) by extension 'python_setup_py'
[0.450s] Level 1:colcon.colcon_core.package_identification:_identify(build) by extensions ['ignore', 'ignore_ament_install']
[0.451s] Level 1:colcon.colcon_core.package_identification:_identify(build) by extension 'ignore'
[0.451s] Level 1:colcon.colcon_core.package_identification:_identify(build) ignored
[0.451s] Level 1:colcon.colcon_core.package_identification:_identify(install) by extensions ['ignore', 'ignore_ament_install']
[0.451s] Level 1:colcon.colcon_core.package_identification:_identify(install) by extension 'ignore'
[0.451s] Level 1:colcon.colcon_core.package_identification:_identify(install) ignored
[0.451s] Level 1:colcon.colcon_core.package_identification:_identify(log) by extensions ['ignore', 'ignore_ament_install']
[0.451s] Level 1:colcon.colcon_core.package_identification:_identify(log) by extension 'ignore'
[0.451s] Level 1:colcon.colcon_core.package_identification:_identify(log) ignored
[0.451s] Level 1:colcon.colcon_core.package_identification:_identify(maps) by extensions ['ignore', 'ignore_ament_install']
[0.451s] Level 1:colcon.colcon_core.package_identification:_identify(maps) by extension 'ignore'
[0.451s] Level 1:colcon.colcon_core.package_identification:_identify(maps) by extension 'ignore_ament_install'
[0.451s] Level 1:colcon.colcon_core.package_identification:_identify(maps) by extensions ['colcon_pkg']
[0.451s] Level 1:colcon.colcon_core.package_identification:_identify(maps) by extension 'colcon_pkg'
[0.452s] Level 1:colcon.colcon_core.package_identification:_identify(maps) by extensions ['colcon_meta']
[0.452s] Level 1:colcon.colcon_core.package_identification:_identify(maps) by extension 'colcon_meta'
[0.452s] Level 1:colcon.colcon_core.package_identification:_identify(maps) by extensions ['ros']
[0.452s] Level 1:colcon.colcon_core.package_identification:_identify(maps) by extension 'ros'
[0.452s] Level 1:colcon.colcon_core.package_identification:_identify(maps) by extensions ['cmake', 'python']
[0.452s] Level 1:colcon.colcon_core.package_identification:_identify(maps) by extension 'cmake'
[0.452s] Level 1:colcon.colcon_core.package_identification:_identify(maps) by extension 'python'
[0.452s] Level 1:colcon.colcon_core.package_identification:_identify(maps) by extensions ['python_setup_py']
[0.452s] Level 1:colcon.colcon_core.package_identification:_identify(maps) by extension 'python_setup_py'
[0.452s] Level 1:colcon.colcon_core.package_identification:_identify(src) by extensions ['ignore', 'ignore_ament_install']
[0.452s] Level 1:colcon.colcon_core.package_identification:_identify(src) by extension 'ignore'
[0.452s] Level 1:colcon.colcon_core.package_identification:_identify(src) by extension 'ignore_ament_install'
[0.452s] Level 1:colcon.colcon_core.package_identification:_identify(src) by extensions ['colcon_pkg']
[0.452s] Level 1:colcon.colcon_core.package_identification:_identify(src) by extension 'colcon_pkg'
[0.452s] Level 1:colcon.colcon_core.package_identification:_identify(src) by extensions ['colcon_meta']
[0.452s] Level 1:colcon.colcon_core.package_identification:_identify(src) by extension 'colcon_meta'
[0.452s] Level 1:colcon.colcon_core.package_identification:_identify(src) by extensions ['ros']
[0.452s] Level 1:colcon.colcon_core.package_identification:_identify(src) by extension 'ros'
[0.452s] Level 1:colcon.colcon_core.package_identification:_identify(src) by extensions ['cmake', 'python']
[0.452s] Level 1:colcon.colcon_core.package_identification:_identify(src) by extension 'cmake'
[0.453s] Level 1:colcon.colcon_core.package_identification:_identify(src) by extension 'python'
[0.453s] Level 1:colcon.colcon_core.package_identification:_identify(src) by extensions ['python_setup_py']
[0.453s] Level 1:colcon.colcon_core.package_identification:_identify(src) by extension 'python_setup_py'
[0.453s] Level 1:colcon.colcon_core.package_identification:_identify(src/ldlidar_stl_ros2) by extensions ['ignore', 'ignore_ament_install']
[0.453s] Level 1:colcon.colcon_core.package_identification:_identify(src/ldlidar_stl_ros2) by extension 'ignore'
[0.453s] Level 1:colcon.colcon_core.package_identification:_identify(src/ldlidar_stl_ros2) by extension 'ignore_ament_install'
[0.453s] Level 1:colcon.colcon_core.package_identification:_identify(src/ldlidar_stl_ros2) by extensions ['colcon_pkg']
[0.453s] Level 1:colcon.colcon_core.package_identification:_identify(src/ldlidar_stl_ros2) by extension 'colcon_pkg'
[0.453s] Level 1:colcon.colcon_core.package_identification:_identify(src/ldlidar_stl_ros2) by extensions ['colcon_meta']
[0.453s] Level 1:colcon.colcon_core.package_identification:_identify(src/ldlidar_stl_ros2) by extension 'colcon_meta'
[0.453s] Level 1:colcon.colcon_core.package_identification:_identify(src/ldlidar_stl_ros2) by extensions ['ros']
[0.453s] Level 1:colcon.colcon_core.package_identification:_identify(src/ldlidar_stl_ros2) by extension 'ros'
[0.458s] DEBUG:colcon.colcon_core.package_identification:Package 'src/ldlidar_stl_ros2' with type 'ros.ament_cmake' and name 'ldlidar_stl_ros2'
[0.458s] Level 1:colcon.colcon_core.package_identification:_identify(src/scout_bringup) by extensions ['ignore', 'ignore_ament_install']
[0.459s] Level 1:colcon.colcon_core.package_identification:_identify(src/scout_bringup) by extension 'ignore'
[0.459s] Level 1:colcon.colcon_core.package_identification:_identify(src/scout_bringup) by extension 'ignore_ament_install'
[0.459s] Level 1:colcon.colcon_core.package_identification:_identify(src/scout_bringup) by extensions ['colcon_pkg']
[0.459s] Level 1:colcon.colcon_core.package_identification:_identify(src/scout_bringup) by extension 'colcon_pkg'
[0.459s] Level 1:colcon.colcon_core.package_identification:_identify(src/scout_bringup) by extensions ['colcon_meta']
[0.459s] Level 1:colcon.colcon_core.package_identification:_identify(src/scout_bringup) by extension 'colcon_meta'
[0.459s] Level 1:colcon.colcon_core.package_identification:_identify(src/scout_bringup) by extensions ['ros']
[0.459s] Level 1:colcon.colcon_core.package_identification:_identify(src/scout_bringup) by extension 'ros'
[0.460s] DEBUG:colcon.colcon_core.package_identification:Package 'src/scout_bringup' with type 'ros.ament_cmake' and name 'scout_bringup'
[0.460s] Level 1:colcon.colcon_core.package_identification:_identify(src/scout_can) by extensions ['ignore', 'ignore_ament_install']
[0.460s] Level 1:colcon.colcon_core.package_identification:_identify(src/scout_can) by extension 'ignore'
[0.460s] Level 1:colcon.colcon_core.package_identification:_identify(src/scout_can) by extension 'ignore_ament_install'
[0.460s] Level 1:colcon.colcon_core.package_identification:_identify(src/scout_can) by extensions ['colcon_pkg']
[0.460s] Level 1:colcon.colcon_core.package_identification:_identify(src/scout_can) by extension 'colcon_pkg'
[0.460s] Level 1:colcon.colcon_core.package_identification:_identify(src/scout_can) by extensions ['colcon_meta']
[0.460s] Level 1:colcon.colcon_core.package_identification:_identify(src/scout_can) by extension 'colcon_meta'
[0.460s] Level 1:colcon.colcon_core.package_identification:_identify(src/scout_can) by extensions ['ros']
[0.460s] Level 1:colcon.colcon_core.package_identification:_identify(src/scout_can) by extension 'ros'
[0.461s] DEBUG:colcon.colcon_core.package_identification:Package 'src/scout_can' with type 'ros.ament_cmake' and name 'scout_can'
[0.461s] Level 1:colcon.colcon_core.package_discovery:discover_packages(recursive) using defaults
[0.461s] Level 1:colcon.colcon_core.package_discovery:discover_packages(ignore) discover
[0.461s] Level 1:colcon.colcon_core.package_discovery:discover_packages(ignore) using defaults
[0.461s] Level 1:colcon.colcon_core.package_discovery:discover_packages(path) discover
[0.461s] Level 1:colcon.colcon_core.package_discovery:discover_packages(path) using defaults
[0.505s] INFO:colcon.colcon_core.package_selection:Skipping not selected package 'ldlidar_stl_ros2' in 'src/ldlidar_stl_ros2'
[0.506s] Level 1:colcon.colcon_core.package_discovery:discover_packages(prefix_path) check parameters
[0.506s] Level 1:colcon.colcon_core.package_discovery:discover_packages(prefix_path) discover
[0.515s] DEBUG:colcon.colcon_installed_package_information.package_discovery:Found 395 installed packages in /opt/ros/jazzy
[0.518s] Level 1:colcon.colcon_core.package_discovery:discover_packages(prefix_path) using defaults
[0.601s] Level 5:colcon.colcon_core.verb:set package 'scout_can' build argument 'cmake_args' from command line to 'None'
[0.601s] Level 5:colcon.colcon_core.verb:set package 'scout_can' build argument 'cmake_target' from command line to 'None'
[0.601s] Level 5:colcon.colcon_core.verb:set package 'scout_can' build argument 'cmake_target_skip_unavailable' from command line to 'False'
[0.601s] Level 5:colcon.colcon_core.verb:set package 'scout_can' build argument 'cmake_clean_cache' from command line to 'False'
[0.601s] Level 5:colcon.colcon_core.verb:set package 'scout_can' build argument 'cmake_clean_first' from command line to 'False'
[0.601s] Level 5:colcon.colcon_core.verb:set package 'scout_can' build argument 'cmake_force_configure' from command line to 'False'
[0.601s] Level 5:colcon.colcon_core.verb:set package 'scout_can' build argument 'ament_cmake_args' from command line to 'None'
[0.601s] Level 5:colcon.colcon_core.verb:set package 'scout_can' build argument 'catkin_cmake_args' from command line to 'None'
[0.601s] Level 5:colcon.colcon_core.verb:set package 'scout_can' build argument 'catkin_skip_building_tests' from command line to 'False'
[0.601s] DEBUG:colcon.colcon_core.verb:Building package 'scout_can' with the following arguments: {'ament_cmake_args': None, 'build_base': '/home/yly/ld19_hand_on/build/scout_can', 'catkin_cmake_args': None, 'catkin_skip_building_tests': False, 'cmake_args': None, 'cmake_clean_cache': False, 'cmake_clean_first': False, 'cmake_force_configure': False, 'cmake_target': None, 'cmake_target_skip_unavailable': False, 'install_base': '/home/yly/ld19_hand_on/install/scout_can', 'merge_install': False, 'path': '/home/yly/ld19_hand_on/src/scout_can', 'symlink_install': True, 'test_result_base': None}
[0.602s] Level 5:colcon.colcon_core.verb:set package 'scout_bringup' build argument 'cmake_args' from command line to 'None'
[0.602s] Level 5:colcon.colcon_core.verb:set package 'scout_bringup' build argument 'cmake_target' from command line to 'None'
[0.602s] Level 5:colcon.colcon_core.verb:set package 'scout_bringup' build argument 'cmake_target_skip_unavailable' from command line to 'False'
[0.602s] Level 5:colcon.colcon_core.verb:set package 'scout_bringup' build argument 'cmake_clean_cache' from command line to 'False'
[0.602s] Level 5:colcon.colcon_core.verb:set package 'scout_bringup' build argument 'cmake_clean_first' from command line to 'False'
[0.602s] Level 5:colcon.colcon_core.verb:set package 'scout_bringup' build argument 'cmake_force_configure' from command line to 'False'
[0.602s] Level 5:colcon.colcon_core.verb:set package 'scout_bringup' build argument 'ament_cmake_args' from command line to 'None'
[0.602s] Level 5:colcon.colcon_core.verb:set package 'scout_bringup' build argument 'catkin_cmake_args' from command line to 'None'
[0.602s] Level 5:colcon.colcon_core.verb:set package 'scout_bringup' build argument 'catkin_skip_building_tests' from command line to 'False'
[0.602s] DEBUG:colcon.colcon_core.verb:Building package 'scout_bringup' with the following arguments: {'ament_cmake_args': None, 'build_base': '/home/yly/ld19_hand_on/build/scout_bringup', 'catkin_cmake_args': None, 'catkin_skip_building_tests': False, 'cmake_args': None, 'cmake_clean_cache': False, 'cmake_clean_first': False, 'cmake_force_configure': False, 'cmake_target': None, 'cmake_target_skip_unavailable': False, 'install_base': '/home/yly/ld19_hand_on/install/scout_bringup', 'merge_install': False, 'path': '/home/yly/ld19_hand_on/src/scout_bringup', 'symlink_install': True, 'test_result_base': None}
[0.602s] INFO:colcon.colcon_core.executor:Executing jobs using 'parallel' executor
[0.604s] DEBUG:colcon.colcon_parallel_executor.executor.parallel:run_until_complete
[0.604s] INFO:colcon.colcon_ros.task.ament_cmake.build:Building ROS package in '/home/yly/ld19_hand_on/src/scout_can' with build type 'ament_cmake'
[0.604s] INFO:colcon.colcon_cmake.task.cmake.build:Building CMake package in '/home/yly/ld19_hand_on/src/scout_can'
[0.613s] INFO:colcon.colcon_core.plugin_system:Skipping extension 'colcon_core.shell.bat': Not used on non-Windows systems
[0.614s] INFO:colcon.colcon_core.shell:Skip shell extension 'powershell' for command environment: Not usable outside of PowerShell
[0.614s] DEBUG:colcon.colcon_core.shell:Skip shell extension 'dsv' for command environment
[0.628s] DEBUG:colcon.colcon_core.event_handler.log_command:Invoking command in '/home/yly/ld19_hand_on/build/scout_can': CMAKE_PREFIX_PATH=${CMAKE_PREFIX_PATH}:/opt/ros/jazzy DEBUGINFOD_URLS=https://debuginfod.ubuntu.com /usr/bin/cmake --build /home/yly/ld19_hand_on/build/scout_can -- -j4 -l4
[16.519s] DEBUG:colcon.colcon_core.event_handler.log_command:Invoked command in '/home/yly/ld19_hand_on/build/scout_can' returned '0': CMAKE_PREFIX_PATH=${CMAKE_PREFIX_PATH}:/opt/ros/jazzy DEBUGINFOD_URLS=https://debuginfod.ubuntu.com /usr/bin/cmake --build /home/yly/ld19_hand_on/build/scout_can -- -j4 -l4
[16.542s] DEBUG:colcon.colcon_core.event_handler.log_command:Invoking command in '/home/yly/ld19_hand_on/build/scout_can': CMAKE_PREFIX_PATH=${CMAKE_PREFIX_PATH}:/opt/ros/jazzy DEBUGINFOD_URLS=https://debuginfod.ubuntu.com /usr/bin/cmake --install /home/yly/ld19_hand_on/build/scout_can
[16.587s] Level 1:colcon.colcon_core.environment:create_environment_scripts_only(scout_can)
[16.588s] DEBUG:colcon.colcon_core.event_handler.log_command:Invoked command in '/home/yly/ld19_hand_on/build/scout_can' returned '0': CMAKE_PREFIX_PATH=${CMAKE_PREFIX_PATH}:/opt/ros/jazzy DEBUGINFOD_URLS=https://debuginfod.ubuntu.com /usr/bin/cmake --install /home/yly/ld19_hand_on/build/scout_can
[16.598s] Level 1:colcon.colcon_core.environment:checking '/home/yly/ld19_hand_on/install/scout_can' for CMake module files
[16.599s] Level 1:colcon.colcon_core.environment:checking '/home/yly/ld19_hand_on/install/scout_can' for CMake config files
[16.599s] Level 1:colcon.colcon_core.shell:create_environment_hook('scout_can', 'cmake_prefix_path')
[16.600s] INFO:colcon.colcon_core.shell:Creating environment hook '/home/yly/ld19_hand_on/install/scout_can/share/scout_can/hook/cmake_prefix_path.ps1'
[16.602s] INFO:colcon.colcon_core.shell:Creating environment descriptor '/home/yly/ld19_hand_on/install/scout_can/share/scout_can/hook/cmake_prefix_path.dsv'
[16.605s] INFO:colcon.colcon_core.shell:Creating environment hook '/home/yly/ld19_hand_on/install/scout_can/share/scout_can/hook/cmake_prefix_path.sh'
[16.610s] Level 1:colcon.colcon_core.environment:checking '/home/yly/ld19_hand_on/install/scout_can/lib'
[16.611s] Level 1:colcon.colcon_core.environment:checking '/home/yly/ld19_hand_on/install/scout_can/bin'
[16.611s] Level 1:colcon.colcon_core.environment:checking '/home/yly/ld19_hand_on/install/scout_can/lib/pkgconfig/scout_can.pc'
[16.612s] Level 1:colcon.colcon_core.environment:checking '/home/yly/ld19_hand_on/install/scout_can/lib/python3.12/site-packages'
[16.613s] Level 1:colcon.colcon_core.environment:checking '/home/yly/ld19_hand_on/install/scout_can/bin'
[16.614s] INFO:colcon.colcon_core.shell:Creating package script '/home/yly/ld19_hand_on/install/scout_can/share/scout_can/package.ps1'
[16.617s] INFO:colcon.colcon_core.shell:Creating package descriptor '/home/yly/ld19_hand_on/install/scout_can/share/scout_can/package.dsv'
[16.619s] INFO:colcon.colcon_core.shell:Creating package script '/home/yly/ld19_hand_on/install/scout_can/share/scout_can/package.sh'
[16.620s] INFO:colcon.colcon_core.shell:Creating package script '/home/yly/ld19_hand_on/install/scout_can/share/scout_can/package.bash'
[16.623s] INFO:colcon.colcon_core.shell:Creating package script '/home/yly/ld19_hand_on/install/scout_can/share/scout_can/package.zsh'
[16.626s] Level 1:colcon.colcon_core.environment:create_file_with_runtime_dependencies(/home/yly/ld19_hand_on/install/scout_can/share/colcon-core/packages/scout_can)
[16.628s] Level 1:colcon.colcon_core.environment:create_environment_scripts_only(scout_can)
[16.628s] Level 1:colcon.colcon_core.environment:checking '/home/yly/ld19_hand_on/install/scout_can' for CMake module files
[16.629s] Level 1:colcon.colcon_core.environment:checking '/home/yly/ld19_hand_on/install/scout_can' for CMake config files
[16.629s] Level 1:colcon.colcon_core.shell:create_environment_hook('scout_can', 'cmake_prefix_path')
[16.630s] INFO:colcon.colcon_core.shell:Creating environment hook '/home/yly/ld19_hand_on/install/scout_can/share/scout_can/hook/cmake_prefix_path.ps1'
[16.631s] INFO:colcon.colcon_core.shell:Creating environment descriptor '/home/yly/ld19_hand_on/install/scout_can/share/scout_can/hook/cmake_prefix_path.dsv'
[16.631s] INFO:colcon.colcon_core.shell:Creating environment hook '/home/yly/ld19_hand_on/install/scout_can/share/scout_can/hook/cmake_prefix_path.sh'
[16.633s] Level 1:colcon.colcon_core.environment:checking '/home/yly/ld19_hand_on/install/scout_can/lib'
[16.633s] Level 1:colcon.colcon_core.environment:checking '/home/yly/ld19_hand_on/install/scout_can/bin'
[16.633s] Level 1:colcon.colcon_core.environment:checking '/home/yly/ld19_hand_on/install/scout_can/lib/pkgconfig/scout_can.pc'
[16.633s] Level 1:colcon.colcon_core.environment:checking '/home/yly/ld19_hand_on/install/scout_can/lib/python3.12/site-packages'
[16.634s] Level 1:colcon.colcon_core.environment:checking '/home/yly/ld19_hand_on/install/scout_can/bin'
[16.634s] INFO:colcon.colcon_core.shell:Creating package script '/home/yly/ld19_hand_on/install/scout_can/share/scout_can/package.ps1'
[16.635s] INFO:colcon.colcon_core.shell:Creating package descriptor '/home/yly/ld19_hand_on/install/scout_can/share/scout_can/package.dsv'
[16.636s] INFO:colcon.colcon_core.shell:Creating package script '/home/yly/ld19_hand_on/install/scout_can/share/scout_can/package.sh'
[16.637s] INFO:colcon.colcon_core.shell:Creating package script '/home/yly/ld19_hand_on/install/scout_can/share/scout_can/package.bash'
[16.638s] INFO:colcon.colcon_core.shell:Creating package script '/home/yly/ld19_hand_on/install/scout_can/share/scout_can/package.zsh'
[16.638s] Level 1:colcon.colcon_core.environment:create_file_with_runtime_dependencies(/home/yly/ld19_hand_on/install/scout_can/share/colcon-core/packages/scout_can)
[16.639s] INFO:colcon.colcon_ros.task.ament_cmake.build:Building ROS package in '/home/yly/ld19_hand_on/src/scout_bringup' with build type 'ament_cmake'
[16.640s] INFO:colcon.colcon_cmake.task.cmake.build:Building CMake package in '/home/yly/ld19_hand_on/src/scout_bringup'
[16.640s] INFO:colcon.colcon_core.shell:Skip shell extension 'powershell' for command environment: Not usable outside of PowerShell
[16.640s] DEBUG:colcon.colcon_core.shell:Skip shell extension 'dsv' for command environment
[16.658s] DEBUG:colcon.colcon_core.event_handler.log_command:Invoking command in '/home/yly/ld19_hand_on/build/scout_bringup': AMENT_PREFIX_PATH=/home/yly/ld19_hand_on/install/scout_can:/home/yly/ld19_hand_on/install/ldlidar_stl_ros2:${AMENT_PREFIX_PATH} CMAKE_PREFIX_PATH=/home/yly/ld19_hand_on/install/scout_can:/home/yly/ld19_hand_on/install/ldlidar_stl_ros2:/opt/ros/jazzy/opt/gz_sim_vendor:/opt/ros/jazzy/opt/gz_sensors_vendor:/opt/ros/jazzy/opt/gz_physics_vendor:/opt/ros/jazzy/opt/sdformat_vendor:/opt/ros/jazzy/opt/gz_gui_vendor:/opt/ros/jazzy/opt/gz_transport_vendor:/opt/ros/jazzy/opt/gz_rendering_vendor:/opt/ros/jazzy/opt/gz_plugin_vendor:/opt/ros/jazzy/opt/gz_fuel_tools_vendor:/opt/ros/jazzy/opt/gz_msgs_vendor:/opt/ros/jazzy/opt/gz_common_vendor:/opt/ros/jazzy/opt/gz_math_vendor:/opt/ros/jazzy/opt/gz_utils_vendor:/opt/ros/jazzy/opt/gz_tools_vendor:/opt/ros/jazzy/opt/gz_ogre_next_vendor:/opt/ros/jazzy/opt/gz_dartsim_vendor:/opt/ros/jazzy/opt/gz_cmake_vendor:/opt/ros/jazzy DEBUGINFOD_URLS=https://debuginfod.ubuntu.com /usr/bin/cmake --build /home/yly/ld19_hand_on/build/scout_bringup -- -j4 -l4
[17.340s] DEBUG:colcon.colcon_core.event_handler.log_command:Invoked command in '/home/yly/ld19_hand_on/build/scout_bringup' returned '0': AMENT_PREFIX_PATH=/home/yly/ld19_hand_on/install/scout_can:/home/yly/ld19_hand_on/install/ldlidar_stl_ros2:${AMENT_PREFIX_PATH} CMAKE_PREFIX_PATH=/home/yly/ld19_hand_on/install/scout_can:/home/yly/ld19_hand_on/install/ldlidar_stl_ros2:/opt/ros/jazzy/opt/gz_sim_vendor:/opt/ros/jazzy/opt/gz_sensors_vendor:/opt/ros/jazzy/opt/gz_physics_vendor:/opt/ros/jazzy/opt/sdformat_vendor:/opt/ros/jazzy/opt/gz_gui_vendor:/opt/ros/jazzy/opt/gz_transport_vendor:/opt/ros/jazzy/opt/gz_rendering_vendor:/opt/ros/jazzy/opt/gz_plugin_vendor:/opt/ros/jazzy/opt/gz_fuel_tools_vendor:/opt/ros/jazzy/opt/gz_msgs_vendor:/opt/ros/jazzy/opt/gz_common_vendor:/opt/ros/jazzy/opt/gz_math_vendor:/opt/ros/jazzy/opt/gz_utils_vendor:/opt/ros/jazzy/opt/gz_tools_vendor:/opt/ros/jazzy/opt/gz_ogre_next_vendor:/opt/ros/jazzy/opt/gz_dartsim_vendor:/opt/ros/jazzy/opt/gz_cmake_vendor:/opt/ros/jazzy DEBUGINFOD_URLS=https://debuginfod.ubuntu.com /usr/bin/cmake --build /home/yly/ld19_hand_on/build/scout_bringup -- -j4 -l4
[17.342s] DEBUG:colcon.colcon_core.event_handler.log_command:Invoking command in '/home/yly/ld19_hand_on/build/scout_bringup': AMENT_PREFIX_PATH=/home/yly/ld19_hand_on/install/scout_can:/home/yly/ld19_hand_on/install/ldlidar_stl_ros2:${AMENT_PREFIX_PATH} CMAKE_PREFIX_PATH=/home/yly/ld19_hand_on/install/scout_can:/home/yly/ld19_hand_on/install/ldlidar_stl_ros2:/opt/ros/jazzy/opt/gz_sim_vendor:/opt/ros/jazzy/opt/gz_sensors_vendor:/opt/ros/jazzy/opt/gz_physics_vendor:/opt/ros/jazzy/opt/sdformat_vendor:/opt/ros/jazzy/opt/gz_gui_vendor:/opt/ros/jazzy/opt/gz_transport_vendor:/opt/ros/jazzy/opt/gz_rendering_vendor:/opt/ros/jazzy/opt/gz_plugin_vendor:/opt/ros/jazzy/opt/gz_fuel_tools_vendor:/opt/ros/jazzy/opt/gz_msgs_vendor:/opt/ros/jazzy/opt/gz_common_vendor:/opt/ros/jazzy/opt/gz_math_vendor:/opt/ros/jazzy/opt/gz_utils_vendor:/opt/ros/jazzy/opt/gz_tools_vendor:/opt/ros/jazzy/opt/gz_ogre_next_vendor:/opt/ros/jazzy/opt/gz_dartsim_vendor:/opt/ros/jazzy/opt/gz_cmake_vendor:/opt/ros/jazzy DEBUGINFOD_URLS=https://debuginfod.ubuntu.com /usr/bin/cmake --install /home/yly/ld19_hand_on/build/scout_bringup
[17.409s] Level 1:colcon.colcon_core.environment:create_environment_scripts_only(scout_bringup)
[17.409s] Level 1:colcon.colcon_core.environment:checking '/home/yly/ld19_hand_on/install/scout_bringup' for CMake module files
[17.410s] DEBUG:colcon.colcon_core.event_handler.log_command:Invoked command in '/home/yly/ld19_hand_on/build/scout_bringup' returned '0': AMENT_PREFIX_PATH=/home/yly/ld19_hand_on/install/scout_can:/home/yly/ld19_hand_on/install/ldlidar_stl_ros2:${AMENT_PREFIX_PATH} CMAKE_PREFIX_PATH=/home/yly/ld19_hand_on/install/scout_can:/home/yly/ld19_hand_on/install/ldlidar_stl_ros2:/opt/ros/jazzy/opt/gz_sim_vendor:/opt/ros/jazzy/opt/gz_sensors_vendor:/opt/ros/jazzy/opt/gz_physics_vendor:/opt/ros/jazzy/opt/sdformat_vendor:/opt/ros/jazzy/opt/gz_gui_vendor:/opt/ros/jazzy/opt/gz_transport_vendor:/opt/ros/jazzy/opt/gz_rendering_vendor:/opt/ros/jazzy/opt/gz_plugin_vendor:/opt/ros/jazzy/opt/gz_fuel_tools_vendor:/opt/ros/jazzy/opt/gz_msgs_vendor:/opt/ros/jazzy/opt/gz_common_vendor:/opt/ros/jazzy/opt/gz_math_vendor:/opt/ros/jazzy/opt/gz_utils_vendor:/opt/ros/jazzy/opt/gz_tools_vendor:/opt/ros/jazzy/opt/gz_ogre_next_vendor:/opt/ros/jazzy/opt/gz_dartsim_vendor:/opt/ros/jazzy/opt/gz_cmake_vendor:/opt/ros/jazzy DEBUGINFOD_URLS=https://debuginfod.ubuntu.com /usr/bin/cmake --install /home/yly/ld19_hand_on/build/scout_bringup
[17.410s] Level 1:colcon.colcon_core.environment:checking '/home/yly/ld19_hand_on/install/scout_bringup' for CMake config files
[17.411s] Level 1:colcon.colcon_core.shell:create_environment_hook('scout_bringup', 'cmake_prefix_path')
[17.411s] INFO:colcon.colcon_core.shell:Creating environment hook '/home/yly/ld19_hand_on/install/scout_bringup/share/scout_bringup/hook/cmake_prefix_path.ps1'
[17.412s] INFO:colcon.colcon_core.shell:Creating environment descriptor '/home/yly/ld19_hand_on/install/scout_bringup/share/scout_bringup/hook/cmake_prefix_path.dsv'
[17.413s] INFO:colcon.colcon_core.shell:Creating environment hook '/home/yly/ld19_hand_on/install/scout_bringup/share/scout_bringup/hook/cmake_prefix_path.sh'
[17.414s] Level 1:colcon.colcon_core.environment:checking '/home/yly/ld19_hand_on/install/scout_bringup/lib'
[17.414s] Level 1:colcon.colcon_core.environment:checking '/home/yly/ld19_hand_on/install/scout_bringup/bin'
[17.414s] Level 1:colcon.colcon_core.environment:checking '/home/yly/ld19_hand_on/install/scout_bringup/lib/pkgconfig/scout_bringup.pc'
[17.415s] Level 1:colcon.colcon_core.environment:checking '/home/yly/ld19_hand_on/install/scout_bringup/lib/python3.12/site-packages'
[17.415s] Level 1:colcon.colcon_core.environment:checking '/home/yly/ld19_hand_on/install/scout_bringup/bin'
[17.415s] INFO:colcon.colcon_core.shell:Creating package script '/home/yly/ld19_hand_on/install/scout_bringup/share/scout_bringup/package.ps1'
[17.416s] INFO:colcon.colcon_core.shell:Creating package descriptor '/home/yly/ld19_hand_on/install/scout_bringup/share/scout_bringup/package.dsv'
[17.417s] INFO:colcon.colcon_core.shell:Creating package script '/home/yly/ld19_hand_on/install/scout_bringup/share/scout_bringup/package.sh'
[17.417s] INFO:colcon.colcon_core.shell:Creating package script '/home/yly/ld19_hand_on/install/scout_bringup/share/scout_bringup/package.bash'
[17.418s] INFO:colcon.colcon_core.shell:Creating package script '/home/yly/ld19_hand_on/install/scout_bringup/share/scout_bringup/package.zsh'
[17.419s] Level 1:colcon.colcon_core.environment:create_file_with_runtime_dependencies(/home/yly/ld19_hand_on/install/scout_bringup/share/colcon-core/packages/scout_bringup)
[17.420s] Level 1:colcon.colcon_core.environment:create_environment_scripts_only(scout_bringup)
[17.420s] Level 1:colcon.colcon_core.environment:checking '/home/yly/ld19_hand_on/install/scout_bringup' for CMake module files
[17.421s] Level 1:colcon.colcon_core.environment:checking '/home/yly/ld19_hand_on/install/scout_bringup' for CMake config files
[17.422s] Level 1:colcon.colcon_core.shell:create_environment_hook('scout_bringup', 'cmake_prefix_path')
[17.422s] INFO:colcon.colcon_core.shell:Creating environment hook '/home/yly/ld19_hand_on/install/scout_bringup/share/scout_bringup/hook/cmake_prefix_path.ps1'
[17.422s] INFO:colcon.colcon_core.shell:Creating environment descriptor '/home/yly/ld19_hand_on/install/scout_bringup/share/scout_bringup/hook/cmake_prefix_path.dsv'
[17.423s] INFO:colcon.colcon_core.shell:Creating environment hook '/home/yly/ld19_hand_on/install/scout_bringup/share/scout_bringup/hook/cmake_prefix_path.sh'
[17.424s] Level 1:colcon.colcon_core.environment:checking '/home/yly/ld19_hand_on/install/scout_bringup/lib'
[17.424s] Level 1:colcon.colcon_core.environment:checking '/home/yly/ld19_hand_on/install/scout_bringup/bin'
[17.424s] Level 1:colcon.colcon_core.environment:checking '/home/yly/ld19_hand_on/install/scout_bringup/lib/pkgconfig/scout_bringup.pc'
[17.425s] Level 1:colcon.colcon_core.environment:checking '/home/yly/ld19_hand_on/install/scout_bringup/lib/python3.12/site-packages'
[17.425s] Level 1:colcon.colcon_core.environment:checking '/home/yly/ld19_hand_on/install/scout_bringup/bin'
[17.425s] INFO:colcon.colcon_core.shell:Creating package script '/home/yly/ld19_hand_on/install/scout_bringup/share/scout_bringup/package.ps1'
[17.426s] INFO:colcon.colcon_core.shell:Creating package descriptor '/home/yly/ld19_hand_on/install/scout_bringup/share/scout_bringup/package.dsv'
[17.427s] INFO:colcon.colcon_core.shell:Creating package script '/home/yly/ld19_hand_on/install/scout_bringup/share/scout_bringup/package.sh'
[17.428s] INFO:colcon.colcon_core.shell:Creating package script '/home/yly/ld19_hand_on/install/scout_bringup/share/scout_bringup/package.bash'
[17.429s] INFO:colcon.colcon_core.shell:Creating package script '/home/yly/ld19_hand_on/install/scout_bringup/share/scout_bringup/package.zsh'
[17.429s] Level 1:colcon.colcon_core.environment:create_file_with_runtime_dependencies(/home/yly/ld19_hand_on/install/scout_bringup/share/colcon-core/packages/scout_bringup)
[17.430s] DEBUG:colcon.colcon_parallel_executor.executor.parallel:closing loop
[17.431s] DEBUG:colcon.colcon_parallel_executor.executor.parallel:loop closed
[17.431s] DEBUG:colcon.colcon_parallel_executor.executor.parallel:run_until_complete finished with '0'
[17.431s] DEBUG:colcon.colcon_core.event_reactor:joining thread
[17.432s] DEBUG:colcon.colcon_core.event_reactor:joined thread
[17.432s] INFO:colcon.colcon_core.shell:Creating prefix script '/home/yly/ld19_hand_on/install/local_setup.ps1'
[17.436s] INFO:colcon.colcon_core.shell:Creating prefix util module '/home/yly/ld19_hand_on/install/_local_setup_util_ps1.py'
[17.439s] INFO:colcon.colcon_core.shell:Creating prefix chain script '/home/yly/ld19_hand_on/install/setup.ps1'
[17.441s] INFO:colcon.colcon_core.shell:Creating prefix script '/home/yly/ld19_hand_on/install/local_setup.sh'
[17.443s] INFO:colcon.colcon_core.shell:Creating prefix util module '/home/yly/ld19_hand_on/install/_local_setup_util_sh.py'
[17.444s] INFO:colcon.colcon_core.shell:Creating prefix chain script '/home/yly/ld19_hand_on/install/setup.sh'
[17.447s] INFO:colcon.colcon_core.shell:Creating prefix script '/home/yly/ld19_hand_on/install/local_setup.bash'
[17.449s] INFO:colcon.colcon_core.shell:Creating prefix chain script '/home/yly/ld19_hand_on/install/setup.bash'
[17.451s] INFO:colcon.colcon_core.shell:Creating prefix script '/home/yly/ld19_hand_on/install/local_setup.zsh'
[17.453s] INFO:colcon.colcon_core.shell:Creating prefix chain script '/home/yly/ld19_hand_on/install/setup.zsh'
