[0.058s] Invoking command in '/home/yly/ld19_hand_on/build/ld19_hand_on': DEBUGINFOD_URLS=https://debuginfod.ubuntu.com /usr/bin/cmake /home/yly/ld19_hand_on/src/ld19_hand_on -DCMAKE_INSTALL_PREFIX=/home/yly/ld19_hand_on/install/ld19_hand_on
[0.771s] -- The C compiler identification is GNU 13.3.0
[1.439s] -- The CXX compiler identification is GNU 13.3.0
[1.509s] -- Detecting C compiler ABI info
[1.905s] -- Detecting C compiler ABI info - done
[1.923s] -- Check for working C compiler: /usr/bin/cc - skipped
[1.924s] -- Detecting C compile features
[1.925s] -- Detecting C compile features - done
[1.955s] -- Detecting CXX compiler ABI info
[2.363s] -- Detecting CXX compiler ABI info - done
[2.387s] -- Check for working CXX compiler: /usr/bin/c++ - skipped
[2.387s] -- Detecting CXX compile features
[2.387s] -- Detecting CXX compile features - done
[2.426s] -- Found ament_cmake: 2.5.6 (/opt/ros/jazzy/share/ament_cmake/cmake)
[2.971s] -- Found Python3: /usr/bin/python3 (found version "3.12.3") found components: Interpreter 
[3.694s] Error parsing '/home/yly/ld19_hand_on/src/ld19_hand_on/package.xml':
[32.017s] Traceback (most recent call last):
[32.021s]   File "/opt/ros/jazzy/share/ament_cmake_core/cmake/core/package_xml_2_cmake.py", line 150, in <module>
[32.021s]     main()
[32.022s]   File "/opt/ros/jazzy/share/ament_cmake_core/cmake/core/package_xml_2_cmake.py", line 53, in main
[32.022s]     raise e
[32.022s]   File "/opt/ros/jazzy/share/ament_cmake_core/cmake/core/package_xml_2_cmake.py", line 49, in main
[32.023s]     package = parse_package_string(
[32.023s]               ^^^^^^^^^^^^^^^^^^^^^
[32.023s]   File "/usr/lib/python3/dist-packages/catkin_pkg/package.py", line 788, in parse_package_string
[32.023s]     pkg.validate(warnings=warnings)
[32.027s]   File "/usr/lib/python3/dist-packages/catkin_pkg/package.py", line 330, in validate
[32.027s]     raise InvalidPackage('\n'.join(errors), self.filename)
[32.028s] catkin_pkg.package.InvalidPackage: Error(s) in package '/home/yly/ld19_hand_on/src/ld19_hand_on/package.xml':
[32.028s] Invalid email "yly@localhost" for person "yly"
[32.392s] CMake Error at /opt/ros/jazzy/share/ament_cmake_core/cmake/core/ament_package_xml.cmake:95 (message):
[32.398s]   execute_process(/usr/bin/python3
[32.402s]   /opt/ros/jazzy/share/ament_cmake_core/cmake/core/package_xml_2_cmake.py
[32.402s]   /home/yly/ld19_hand_on/src/ld19_hand_on/package.xml
[32.403s]   /home/yly/ld19_hand_on/build/ld19_hand_on/ament_cmake_core/package.cmake)
[32.403s]   returned error code 1
[32.403s] Call Stack (most recent call first):
[32.404s]   /opt/ros/jazzy/share/ament_cmake_core/cmake/core/ament_package_xml.cmake:49 (_ament_package_xml)
[32.408s]   /opt/ros/jazzy/share/ament_cmake_core/cmake/core/ament_package.cmake:63 (ament_package_xml)
[32.408s]   CMakeLists.txt:11 (ament_package)
[32.409s] 
[32.409s] 
[32.409s] -- Configuring incomplete, errors occurred!
[32.435s] Invoked command in '/home/yly/ld19_hand_on/build/ld19_hand_on' returned '1': DEBUGINFOD_URLS=https://debuginfod.ubuntu.com /usr/bin/cmake /home/yly/ld19_hand_on/src/ld19_hand_on -DCMAKE_INSTALL_PREFIX=/home/yly/ld19_hand_on/install/ld19_hand_on
