[0.231s] DEBUG:colcon:Command line arguments: ['/usr/bin/colcon', 'build', '--symlink-install', '--allow-overriding', 'ldlidar_stl_ros2']
[0.231s] DEBUG:colcon:Parsed command line arguments: Namespace(log_base=None, log_level=None, verb_name='build', build_base='build', install_base='install', merge_install=False, symlink_install=True, test_result_base=None, continue_on_error=False, executor='parallel', parallel_workers=4, event_handlers=None, ignore_user_meta=False, metas=['./colcon.meta'], base_paths=['.'], packages_ignore=None, packages_ignore_regex=None, paths=None, packages_up_to=None, packages_up_to_regex=None, packages_above=None, packages_above_and_dependencies=None, packages_above_depth=None, packages_select_by_dep=None, packages_skip_by_dep=None, packages_skip_up_to=None, packages_select_build_failed=False, packages_skip_build_finished=False, packages_select_test_failures=False, packages_skip_test_passed=False, packages_select=None, packages_skip=None, packages_select_regex=None, packages_skip_regex=None, packages_start=None, packages_end=None, allow_overriding=['ldlidar_stl_ros2'], cmake_args=None, cmake_target=None, cmake_target_skip_unavailable=False, cmake_clean_cache=False, cmake_clean_first=False, cmake_force_configure=False, ament_cmake_args=None, catkin_cmake_args=None, catkin_skip_building_tests=False, verb_parser=<colcon_defaults.argument_parser.defaults.DefaultArgumentsDecorator object at 0xffff9aa86c30>, verb_extension=<colcon_core.verb.build.BuildVerb object at 0xffff9ac3bdd0>, main=<bound method BuildVerb.main of <colcon_core.verb.build.BuildVerb object at 0xffff9ac3bdd0>>)
[0.322s] Level 1:colcon.colcon_core.package_discovery:discover_packages(colcon_meta) check parameters
[0.323s] Level 1:colcon.colcon_core.package_discovery:discover_packages(recursive) check parameters
[0.324s] Level 1:colcon.colcon_core.package_discovery:discover_packages(ignore) check parameters
[0.324s] Level 1:colcon.colcon_core.package_discovery:discover_packages(path) check parameters
[0.324s] Level 1:colcon.colcon_core.package_discovery:discover_packages(colcon_meta) discover
[0.324s] Level 1:colcon.colcon_core.package_discovery:discover_packages(recursive) discover
[0.324s] INFO:colcon.colcon_core.package_discovery:Crawling recursively for packages in '/home/yly/ld19_hand_on'
[0.325s] Level 1:colcon.colcon_core.package_identification:_identify(.) by extensions ['ignore', 'ignore_ament_install']
[0.325s] Level 1:colcon.colcon_core.package_identification:_identify(.) by extension 'ignore'
[0.325s] Level 1:colcon.colcon_core.package_identification:_identify(.) by extension 'ignore_ament_install'
[0.325s] Level 1:colcon.colcon_core.package_identification:_identify(.) by extensions ['colcon_pkg']
[0.325s] Level 1:colcon.colcon_core.package_identification:_identify(.) by extension 'colcon_pkg'
[0.325s] Level 1:colcon.colcon_core.package_identification:_identify(.) by extensions ['colcon_meta']
[0.325s] Level 1:colcon.colcon_core.package_identification:_identify(.) by extension 'colcon_meta'
[0.325s] Level 1:colcon.colcon_core.package_identification:_identify(.) by extensions ['ros']
[0.325s] Level 1:colcon.colcon_core.package_identification:_identify(.) by extension 'ros'
[0.401s] Level 1:colcon.colcon_core.package_identification:_identify(.) by extensions ['cmake', 'python']
[0.401s] Level 1:colcon.colcon_core.package_identification:_identify(.) by extension 'cmake'
[0.402s] Level 1:colcon.colcon_core.package_identification:_identify(.) by extension 'python'
[0.402s] Level 1:colcon.colcon_core.package_identification:_identify(.) by extensions ['python_setup_py']
[0.402s] Level 1:colcon.colcon_core.package_identification:_identify(.) by extension 'python_setup_py'
[0.402s] Level 1:colcon.colcon_core.package_identification:_identify(build) by extensions ['ignore', 'ignore_ament_install']
[0.402s] Level 1:colcon.colcon_core.package_identification:_identify(build) by extension 'ignore'
[0.402s] Level 1:colcon.colcon_core.package_identification:_identify(build) ignored
[0.403s] Level 1:colcon.colcon_core.package_identification:_identify(install) by extensions ['ignore', 'ignore_ament_install']
[0.403s] Level 1:colcon.colcon_core.package_identification:_identify(install) by extension 'ignore'
[0.403s] Level 1:colcon.colcon_core.package_identification:_identify(install) ignored
[0.403s] Level 1:colcon.colcon_core.package_identification:_identify(log) by extensions ['ignore', 'ignore_ament_install']
[0.403s] Level 1:colcon.colcon_core.package_identification:_identify(log) by extension 'ignore'
[0.403s] Level 1:colcon.colcon_core.package_identification:_identify(log) ignored
[0.403s] Level 1:colcon.colcon_core.package_identification:_identify(maps) by extensions ['ignore', 'ignore_ament_install']
[0.403s] Level 1:colcon.colcon_core.package_identification:_identify(maps) by extension 'ignore'
[0.403s] Level 1:colcon.colcon_core.package_identification:_identify(maps) by extension 'ignore_ament_install'
[0.403s] Level 1:colcon.colcon_core.package_identification:_identify(maps) by extensions ['colcon_pkg']
[0.403s] Level 1:colcon.colcon_core.package_identification:_identify(maps) by extension 'colcon_pkg'
[0.403s] Level 1:colcon.colcon_core.package_identification:_identify(maps) by extensions ['colcon_meta']
[0.403s] Level 1:colcon.colcon_core.package_identification:_identify(maps) by extension 'colcon_meta'
[0.404s] Level 1:colcon.colcon_core.package_identification:_identify(maps) by extensions ['ros']
[0.404s] Level 1:colcon.colcon_core.package_identification:_identify(maps) by extension 'ros'
[0.404s] Level 1:colcon.colcon_core.package_identification:_identify(maps) by extensions ['cmake', 'python']
[0.404s] Level 1:colcon.colcon_core.package_identification:_identify(maps) by extension 'cmake'
[0.404s] Level 1:colcon.colcon_core.package_identification:_identify(maps) by extension 'python'
[0.404s] Level 1:colcon.colcon_core.package_identification:_identify(maps) by extensions ['python_setup_py']
[0.404s] Level 1:colcon.colcon_core.package_identification:_identify(maps) by extension 'python_setup_py'
[0.404s] Level 1:colcon.colcon_core.package_identification:_identify(src) by extensions ['ignore', 'ignore_ament_install']
[0.404s] Level 1:colcon.colcon_core.package_identification:_identify(src) by extension 'ignore'
[0.404s] Level 1:colcon.colcon_core.package_identification:_identify(src) by extension 'ignore_ament_install'
[0.404s] Level 1:colcon.colcon_core.package_identification:_identify(src) by extensions ['colcon_pkg']
[0.404s] Level 1:colcon.colcon_core.package_identification:_identify(src) by extension 'colcon_pkg'
[0.404s] Level 1:colcon.colcon_core.package_identification:_identify(src) by extensions ['colcon_meta']
[0.404s] Level 1:colcon.colcon_core.package_identification:_identify(src) by extension 'colcon_meta'
[0.404s] Level 1:colcon.colcon_core.package_identification:_identify(src) by extensions ['ros']
[0.404s] Level 1:colcon.colcon_core.package_identification:_identify(src) by extension 'ros'
[0.404s] Level 1:colcon.colcon_core.package_identification:_identify(src) by extensions ['cmake', 'python']
[0.404s] Level 1:colcon.colcon_core.package_identification:_identify(src) by extension 'cmake'
[0.404s] Level 1:colcon.colcon_core.package_identification:_identify(src) by extension 'python'
[0.405s] Level 1:colcon.colcon_core.package_identification:_identify(src) by extensions ['python_setup_py']
[0.405s] Level 1:colcon.colcon_core.package_identification:_identify(src) by extension 'python_setup_py'
[0.405s] Level 1:colcon.colcon_core.package_identification:_identify(src/ld19_hand_on) by extensions ['ignore', 'ignore_ament_install']
[0.405s] Level 1:colcon.colcon_core.package_identification:_identify(src/ld19_hand_on) by extension 'ignore'
[0.405s] Level 1:colcon.colcon_core.package_identification:_identify(src/ld19_hand_on) by extension 'ignore_ament_install'
[0.405s] Level 1:colcon.colcon_core.package_identification:_identify(src/ld19_hand_on) by extensions ['colcon_pkg']
[0.405s] Level 1:colcon.colcon_core.package_identification:_identify(src/ld19_hand_on) by extension 'colcon_pkg'
[0.405s] Level 1:colcon.colcon_core.package_identification:_identify(src/ld19_hand_on) by extensions ['colcon_meta']
[0.405s] Level 1:colcon.colcon_core.package_identification:_identify(src/ld19_hand_on) by extension 'colcon_meta'
[0.405s] Level 1:colcon.colcon_core.package_identification:_identify(src/ld19_hand_on) by extensions ['ros']
[0.405s] Level 1:colcon.colcon_core.package_identification:_identify(src/ld19_hand_on) by extension 'ros'
[0.410s] DEBUG:colcon.colcon_core.package_identification:Package 'src/ld19_hand_on' with type 'ros.ament_cmake' and name 'ld19_hand_on'
[0.410s] Level 1:colcon.colcon_core.package_identification:_identify(src/ldlidar_stl_ros2) by extensions ['ignore', 'ignore_ament_install']
[0.410s] Level 1:colcon.colcon_core.package_identification:_identify(src/ldlidar_stl_ros2) by extension 'ignore'
[0.410s] Level 1:colcon.colcon_core.package_identification:_identify(src/ldlidar_stl_ros2) by extension 'ignore_ament_install'
[0.410s] Level 1:colcon.colcon_core.package_identification:_identify(src/ldlidar_stl_ros2) by extensions ['colcon_pkg']
[0.410s] Level 1:colcon.colcon_core.package_identification:_identify(src/ldlidar_stl_ros2) by extension 'colcon_pkg'
[0.410s] Level 1:colcon.colcon_core.package_identification:_identify(src/ldlidar_stl_ros2) by extensions ['colcon_meta']
[0.410s] Level 1:colcon.colcon_core.package_identification:_identify(src/ldlidar_stl_ros2) by extension 'colcon_meta'
[0.410s] Level 1:colcon.colcon_core.package_identification:_identify(src/ldlidar_stl_ros2) by extensions ['ros']
[0.410s] Level 1:colcon.colcon_core.package_identification:_identify(src/ldlidar_stl_ros2) by extension 'ros'
[0.411s] DEBUG:colcon.colcon_core.package_identification:Package 'src/ldlidar_stl_ros2' with type 'ros.ament_cmake' and name 'ldlidar_stl_ros2'
[0.412s] Level 1:colcon.colcon_core.package_discovery:discover_packages(recursive) using defaults
[0.412s] Level 1:colcon.colcon_core.package_discovery:discover_packages(ignore) discover
[0.412s] Level 1:colcon.colcon_core.package_discovery:discover_packages(ignore) using defaults
[0.412s] Level 1:colcon.colcon_core.package_discovery:discover_packages(path) discover
[0.412s] Level 1:colcon.colcon_core.package_discovery:discover_packages(path) using defaults
[0.449s] Level 1:colcon.colcon_core.package_discovery:discover_packages(prefix_path) check parameters
[0.449s] Level 1:colcon.colcon_core.package_discovery:discover_packages(prefix_path) discover
[0.455s] DEBUG:colcon.colcon_installed_package_information.package_discovery:Found 2 installed packages in /home/yly/1d19/install
[0.459s] DEBUG:colcon.colcon_installed_package_information.package_discovery:Found 395 installed packages in /opt/ros/jazzy
[0.464s] Level 1:colcon.colcon_core.package_discovery:discover_packages(prefix_path) using defaults
[0.567s] Level 5:colcon.colcon_core.verb:set package 'ldlidar_stl_ros2' build argument 'cmake_args' from command line to 'None'
[0.567s] Level 5:colcon.colcon_core.verb:set package 'ldlidar_stl_ros2' build argument 'cmake_target' from command line to 'None'
[0.567s] Level 5:colcon.colcon_core.verb:set package 'ldlidar_stl_ros2' build argument 'cmake_target_skip_unavailable' from command line to 'False'
[0.567s] Level 5:colcon.colcon_core.verb:set package 'ldlidar_stl_ros2' build argument 'cmake_clean_cache' from command line to 'False'
[0.567s] Level 5:colcon.colcon_core.verb:set package 'ldlidar_stl_ros2' build argument 'cmake_clean_first' from command line to 'False'
[0.567s] Level 5:colcon.colcon_core.verb:set package 'ldlidar_stl_ros2' build argument 'cmake_force_configure' from command line to 'False'
[0.567s] Level 5:colcon.colcon_core.verb:set package 'ldlidar_stl_ros2' build argument 'ament_cmake_args' from command line to 'None'
[0.567s] Level 5:colcon.colcon_core.verb:set package 'ldlidar_stl_ros2' build argument 'catkin_cmake_args' from command line to 'None'
[0.567s] Level 5:colcon.colcon_core.verb:set package 'ldlidar_stl_ros2' build argument 'catkin_skip_building_tests' from command line to 'False'
[0.567s] DEBUG:colcon.colcon_core.verb:Building package 'ldlidar_stl_ros2' with the following arguments: {'ament_cmake_args': None, 'build_base': '/home/yly/ld19_hand_on/build/ldlidar_stl_ros2', 'catkin_cmake_args': None, 'catkin_skip_building_tests': False, 'cmake_args': None, 'cmake_clean_cache': False, 'cmake_clean_first': False, 'cmake_force_configure': False, 'cmake_target': None, 'cmake_target_skip_unavailable': False, 'install_base': '/home/yly/ld19_hand_on/install/ldlidar_stl_ros2', 'merge_install': False, 'path': '/home/yly/ld19_hand_on/src/ldlidar_stl_ros2', 'symlink_install': True, 'test_result_base': None}
[0.568s] Level 5:colcon.colcon_core.verb:set package 'ld19_hand_on' build argument 'cmake_args' from command line to 'None'
[0.568s] Level 5:colcon.colcon_core.verb:set package 'ld19_hand_on' build argument 'cmake_target' from command line to 'None'
[0.568s] Level 5:colcon.colcon_core.verb:set package 'ld19_hand_on' build argument 'cmake_target_skip_unavailable' from command line to 'False'
[0.568s] Level 5:colcon.colcon_core.verb:set package 'ld19_hand_on' build argument 'cmake_clean_cache' from command line to 'False'
[0.568s] Level 5:colcon.colcon_core.verb:set package 'ld19_hand_on' build argument 'cmake_clean_first' from command line to 'False'
[0.568s] Level 5:colcon.colcon_core.verb:set package 'ld19_hand_on' build argument 'cmake_force_configure' from command line to 'False'
[0.568s] Level 5:colcon.colcon_core.verb:set package 'ld19_hand_on' build argument 'ament_cmake_args' from command line to 'None'
[0.568s] Level 5:colcon.colcon_core.verb:set package 'ld19_hand_on' build argument 'catkin_cmake_args' from command line to 'None'
[0.568s] Level 5:colcon.colcon_core.verb:set package 'ld19_hand_on' build argument 'catkin_skip_building_tests' from command line to 'False'
[0.568s] DEBUG:colcon.colcon_core.verb:Building package 'ld19_hand_on' with the following arguments: {'ament_cmake_args': None, 'build_base': '/home/yly/ld19_hand_on/build/ld19_hand_on', 'catkin_cmake_args': None, 'catkin_skip_building_tests': False, 'cmake_args': None, 'cmake_clean_cache': False, 'cmake_clean_first': False, 'cmake_force_configure': False, 'cmake_target': None, 'cmake_target_skip_unavailable': False, 'install_base': '/home/yly/ld19_hand_on/install/ld19_hand_on', 'merge_install': False, 'path': '/home/yly/ld19_hand_on/src/ld19_hand_on', 'symlink_install': True, 'test_result_base': None}
[0.568s] INFO:colcon.colcon_core.executor:Executing jobs using 'parallel' executor
[0.570s] DEBUG:colcon.colcon_parallel_executor.executor.parallel:run_until_complete
[0.570s] INFO:colcon.colcon_ros.task.ament_cmake.build:Building ROS package in '/home/yly/ld19_hand_on/src/ldlidar_stl_ros2' with build type 'ament_cmake'
[0.570s] INFO:colcon.colcon_cmake.task.cmake.build:Building CMake package in '/home/yly/ld19_hand_on/src/ldlidar_stl_ros2'
[0.574s] INFO:colcon.colcon_core.plugin_system:Skipping extension 'colcon_core.shell.bat': Not used on non-Windows systems
[0.575s] INFO:colcon.colcon_core.shell:Skip shell extension 'powershell' for command environment: Not usable outside of PowerShell
[0.576s] DEBUG:colcon.colcon_core.shell:Skip shell extension 'dsv' for command environment
[0.597s] DEBUG:colcon.colcon_core.event_handler.log_command:Invoking command in '/home/yly/ld19_hand_on/build/ldlidar_stl_ros2': CMAKE_PREFIX_PATH=${CMAKE_PREFIX_PATH}:/opt/ros/jazzy DEBUGINFOD_URLS=https://debuginfod.ubuntu.com /usr/bin/cmake --build /home/yly/ld19_hand_on/build/ldlidar_stl_ros2 -- -j4 -l4
[14.155s] DEBUG:colcon.colcon_core.event_handler.log_command:Invoked command in '/home/yly/ld19_hand_on/build/ldlidar_stl_ros2' returned '0': CMAKE_PREFIX_PATH=${CMAKE_PREFIX_PATH}:/opt/ros/jazzy DEBUGINFOD_URLS=https://debuginfod.ubuntu.com /usr/bin/cmake --build /home/yly/ld19_hand_on/build/ldlidar_stl_ros2 -- -j4 -l4
[14.189s] DEBUG:colcon.colcon_core.event_handler.log_command:Invoking command in '/home/yly/ld19_hand_on/build/ldlidar_stl_ros2': CMAKE_PREFIX_PATH=${CMAKE_PREFIX_PATH}:/opt/ros/jazzy DEBUGINFOD_URLS=https://debuginfod.ubuntu.com /usr/bin/cmake --install /home/yly/ld19_hand_on/build/ldlidar_stl_ros2
[14.259s] Level 1:colcon.colcon_core.environment:create_environment_scripts_only(ldlidar_stl_ros2)
[14.259s] DEBUG:colcon.colcon_core.event_handler.log_command:Invoked command in '/home/yly/ld19_hand_on/build/ldlidar_stl_ros2' returned '0': CMAKE_PREFIX_PATH=${CMAKE_PREFIX_PATH}:/opt/ros/jazzy DEBUGINFOD_URLS=https://debuginfod.ubuntu.com /usr/bin/cmake --install /home/yly/ld19_hand_on/build/ldlidar_stl_ros2
[14.265s] Level 1:colcon.colcon_core.environment:checking '/home/yly/ld19_hand_on/install/ldlidar_stl_ros2' for CMake module files
[14.267s] Level 1:colcon.colcon_core.environment:checking '/home/yly/ld19_hand_on/install/ldlidar_stl_ros2' for CMake config files
[14.267s] Level 1:colcon.colcon_core.shell:create_environment_hook('ldlidar_stl_ros2', 'cmake_prefix_path')
[14.269s] INFO:colcon.colcon_core.shell:Creating environment hook '/home/yly/ld19_hand_on/install/ldlidar_stl_ros2/share/ldlidar_stl_ros2/hook/cmake_prefix_path.ps1'
[14.271s] INFO:colcon.colcon_core.shell:Creating environment descriptor '/home/yly/ld19_hand_on/install/ldlidar_stl_ros2/share/ldlidar_stl_ros2/hook/cmake_prefix_path.dsv'
[14.272s] INFO:colcon.colcon_core.shell:Creating environment hook '/home/yly/ld19_hand_on/install/ldlidar_stl_ros2/share/ldlidar_stl_ros2/hook/cmake_prefix_path.sh'
[14.275s] Level 1:colcon.colcon_core.environment:checking '/home/yly/ld19_hand_on/install/ldlidar_stl_ros2/lib'
[14.276s] Level 1:colcon.colcon_core.environment:checking '/home/yly/ld19_hand_on/install/ldlidar_stl_ros2/bin'
[14.276s] Level 1:colcon.colcon_core.environment:checking '/home/yly/ld19_hand_on/install/ldlidar_stl_ros2/lib/pkgconfig/ldlidar_stl_ros2.pc'
[14.276s] Level 1:colcon.colcon_core.environment:checking '/home/yly/ld19_hand_on/install/ldlidar_stl_ros2/lib/python3.12/site-packages'
[14.277s] Level 1:colcon.colcon_core.environment:checking '/home/yly/ld19_hand_on/install/ldlidar_stl_ros2/bin'
[14.278s] INFO:colcon.colcon_core.shell:Creating package script '/home/yly/ld19_hand_on/install/ldlidar_stl_ros2/share/ldlidar_stl_ros2/package.ps1'
[14.280s] INFO:colcon.colcon_core.shell:Creating package descriptor '/home/yly/ld19_hand_on/install/ldlidar_stl_ros2/share/ldlidar_stl_ros2/package.dsv'
[14.281s] INFO:colcon.colcon_core.shell:Creating package script '/home/yly/ld19_hand_on/install/ldlidar_stl_ros2/share/ldlidar_stl_ros2/package.sh'
[14.282s] INFO:colcon.colcon_core.shell:Creating package script '/home/yly/ld19_hand_on/install/ldlidar_stl_ros2/share/ldlidar_stl_ros2/package.bash'
[14.282s] INFO:colcon.colcon_core.shell:Creating package script '/home/yly/ld19_hand_on/install/ldlidar_stl_ros2/share/ldlidar_stl_ros2/package.zsh'
[14.283s] Level 1:colcon.colcon_core.environment:create_file_with_runtime_dependencies(/home/yly/ld19_hand_on/install/ldlidar_stl_ros2/share/colcon-core/packages/ldlidar_stl_ros2)
[14.285s] Level 1:colcon.colcon_core.environment:create_environment_scripts_only(ldlidar_stl_ros2)
[14.285s] Level 1:colcon.colcon_core.environment:checking '/home/yly/ld19_hand_on/install/ldlidar_stl_ros2' for CMake module files
[14.285s] Level 1:colcon.colcon_core.environment:checking '/home/yly/ld19_hand_on/install/ldlidar_stl_ros2' for CMake config files
[14.286s] Level 1:colcon.colcon_core.shell:create_environment_hook('ldlidar_stl_ros2', 'cmake_prefix_path')
[14.286s] INFO:colcon.colcon_core.shell:Creating environment hook '/home/yly/ld19_hand_on/install/ldlidar_stl_ros2/share/ldlidar_stl_ros2/hook/cmake_prefix_path.ps1'
[14.286s] INFO:colcon.colcon_core.shell:Creating environment descriptor '/home/yly/ld19_hand_on/install/ldlidar_stl_ros2/share/ldlidar_stl_ros2/hook/cmake_prefix_path.dsv'
[14.287s] INFO:colcon.colcon_core.shell:Creating environment hook '/home/yly/ld19_hand_on/install/ldlidar_stl_ros2/share/ldlidar_stl_ros2/hook/cmake_prefix_path.sh'
[14.288s] Level 1:colcon.colcon_core.environment:checking '/home/yly/ld19_hand_on/install/ldlidar_stl_ros2/lib'
[14.289s] Level 1:colcon.colcon_core.environment:checking '/home/yly/ld19_hand_on/install/ldlidar_stl_ros2/bin'
[14.289s] Level 1:colcon.colcon_core.environment:checking '/home/yly/ld19_hand_on/install/ldlidar_stl_ros2/lib/pkgconfig/ldlidar_stl_ros2.pc'
[14.289s] Level 1:colcon.colcon_core.environment:checking '/home/yly/ld19_hand_on/install/ldlidar_stl_ros2/lib/python3.12/site-packages'
[14.289s] Level 1:colcon.colcon_core.environment:checking '/home/yly/ld19_hand_on/install/ldlidar_stl_ros2/bin'
[14.290s] INFO:colcon.colcon_core.shell:Creating package script '/home/yly/ld19_hand_on/install/ldlidar_stl_ros2/share/ldlidar_stl_ros2/package.ps1'
[14.293s] INFO:colcon.colcon_core.shell:Creating package descriptor '/home/yly/ld19_hand_on/install/ldlidar_stl_ros2/share/ldlidar_stl_ros2/package.dsv'
[14.296s] INFO:colcon.colcon_core.shell:Creating package script '/home/yly/ld19_hand_on/install/ldlidar_stl_ros2/share/ldlidar_stl_ros2/package.sh'
[14.297s] INFO:colcon.colcon_core.shell:Creating package script '/home/yly/ld19_hand_on/install/ldlidar_stl_ros2/share/ldlidar_stl_ros2/package.bash'
[14.300s] INFO:colcon.colcon_core.shell:Creating package script '/home/yly/ld19_hand_on/install/ldlidar_stl_ros2/share/ldlidar_stl_ros2/package.zsh'
[14.301s] Level 1:colcon.colcon_core.environment:create_file_with_runtime_dependencies(/home/yly/ld19_hand_on/install/ldlidar_stl_ros2/share/colcon-core/packages/ldlidar_stl_ros2)
[14.302s] INFO:colcon.colcon_ros.task.ament_cmake.build:Building ROS package in '/home/yly/ld19_hand_on/src/ld19_hand_on' with build type 'ament_cmake'
[14.303s] INFO:colcon.colcon_cmake.task.cmake.build:Building CMake package in '/home/yly/ld19_hand_on/src/ld19_hand_on'
[14.304s] INFO:colcon.colcon_core.shell:Skip shell extension 'powershell' for command environment: Not usable outside of PowerShell
[14.304s] DEBUG:colcon.colcon_core.shell:Skip shell extension 'dsv' for command environment
[14.329s] DEBUG:colcon.colcon_core.event_handler.log_command:Invoking command in '/home/yly/ld19_hand_on/build/ld19_hand_on': AMENT_PREFIX_PATH=/home/yly/ld19_hand_on/install/ldlidar_stl_ros2:${AMENT_PREFIX_PATH} CMAKE_PREFIX_PATH=/home/yly/ld19_hand_on/install/ldlidar_stl_ros2:/home/yly/1d19/install/ld19_bringup:/home/yly/1d19/install/ldlidar_stl_ros2:/opt/ros/jazzy/opt/gz_sim_vendor:/opt/ros/jazzy/opt/gz_sensors_vendor:/opt/ros/jazzy/opt/gz_physics_vendor:/opt/ros/jazzy/opt/sdformat_vendor:/opt/ros/jazzy/opt/gz_gui_vendor:/opt/ros/jazzy/opt/gz_transport_vendor:/opt/ros/jazzy/opt/gz_rendering_vendor:/opt/ros/jazzy/opt/gz_plugin_vendor:/opt/ros/jazzy/opt/gz_fuel_tools_vendor:/opt/ros/jazzy/opt/gz_msgs_vendor:/opt/ros/jazzy/opt/gz_common_vendor:/opt/ros/jazzy/opt/gz_math_vendor:/opt/ros/jazzy/opt/gz_utils_vendor:/opt/ros/jazzy/opt/gz_tools_vendor:/opt/ros/jazzy/opt/gz_ogre_next_vendor:/opt/ros/jazzy/opt/gz_dartsim_vendor:/opt/ros/jazzy/opt/gz_cmake_vendor:/opt/ros/jazzy DEBUGINFOD_URLS=https://debuginfod.ubuntu.com /usr/bin/cmake --build /home/yly/ld19_hand_on/build/ld19_hand_on -- -j4 -l4
[14.460s] DEBUG:colcon.colcon_core.event_handler.log_command:Invoked command in '/home/yly/ld19_hand_on/build/ld19_hand_on' returned '0': AMENT_PREFIX_PATH=/home/yly/ld19_hand_on/install/ldlidar_stl_ros2:${AMENT_PREFIX_PATH} CMAKE_PREFIX_PATH=/home/yly/ld19_hand_on/install/ldlidar_stl_ros2:/home/yly/1d19/install/ld19_bringup:/home/yly/1d19/install/ldlidar_stl_ros2:/opt/ros/jazzy/opt/gz_sim_vendor:/opt/ros/jazzy/opt/gz_sensors_vendor:/opt/ros/jazzy/opt/gz_physics_vendor:/opt/ros/jazzy/opt/sdformat_vendor:/opt/ros/jazzy/opt/gz_gui_vendor:/opt/ros/jazzy/opt/gz_transport_vendor:/opt/ros/jazzy/opt/gz_rendering_vendor:/opt/ros/jazzy/opt/gz_plugin_vendor:/opt/ros/jazzy/opt/gz_fuel_tools_vendor:/opt/ros/jazzy/opt/gz_msgs_vendor:/opt/ros/jazzy/opt/gz_common_vendor:/opt/ros/jazzy/opt/gz_math_vendor:/opt/ros/jazzy/opt/gz_utils_vendor:/opt/ros/jazzy/opt/gz_tools_vendor:/opt/ros/jazzy/opt/gz_ogre_next_vendor:/opt/ros/jazzy/opt/gz_dartsim_vendor:/opt/ros/jazzy/opt/gz_cmake_vendor:/opt/ros/jazzy DEBUGINFOD_URLS=https://debuginfod.ubuntu.com /usr/bin/cmake --build /home/yly/ld19_hand_on/build/ld19_hand_on -- -j4 -l4
[14.462s] DEBUG:colcon.colcon_core.event_handler.log_command:Invoking command in '/home/yly/ld19_hand_on/build/ld19_hand_on': AMENT_PREFIX_PATH=/home/yly/ld19_hand_on/install/ldlidar_stl_ros2:${AMENT_PREFIX_PATH} CMAKE_PREFIX_PATH=/home/yly/ld19_hand_on/install/ldlidar_stl_ros2:/home/yly/1d19/install/ld19_bringup:/home/yly/1d19/install/ldlidar_stl_ros2:/opt/ros/jazzy/opt/gz_sim_vendor:/opt/ros/jazzy/opt/gz_sensors_vendor:/opt/ros/jazzy/opt/gz_physics_vendor:/opt/ros/jazzy/opt/sdformat_vendor:/opt/ros/jazzy/opt/gz_gui_vendor:/opt/ros/jazzy/opt/gz_transport_vendor:/opt/ros/jazzy/opt/gz_rendering_vendor:/opt/ros/jazzy/opt/gz_plugin_vendor:/opt/ros/jazzy/opt/gz_fuel_tools_vendor:/opt/ros/jazzy/opt/gz_msgs_vendor:/opt/ros/jazzy/opt/gz_common_vendor:/opt/ros/jazzy/opt/gz_math_vendor:/opt/ros/jazzy/opt/gz_utils_vendor:/opt/ros/jazzy/opt/gz_tools_vendor:/opt/ros/jazzy/opt/gz_ogre_next_vendor:/opt/ros/jazzy/opt/gz_dartsim_vendor:/opt/ros/jazzy/opt/gz_cmake_vendor:/opt/ros/jazzy DEBUGINFOD_URLS=https://debuginfod.ubuntu.com /usr/bin/cmake --install /home/yly/ld19_hand_on/build/ld19_hand_on
[14.522s] Level 1:colcon.colcon_core.environment:create_environment_scripts_only(ld19_hand_on)
[14.523s] Level 1:colcon.colcon_core.environment:checking '/home/yly/ld19_hand_on/install/ld19_hand_on' for CMake module files
[14.524s] DEBUG:colcon.colcon_core.event_handler.log_command:Invoked command in '/home/yly/ld19_hand_on/build/ld19_hand_on' returned '0': AMENT_PREFIX_PATH=/home/yly/ld19_hand_on/install/ldlidar_stl_ros2:${AMENT_PREFIX_PATH} CMAKE_PREFIX_PATH=/home/yly/ld19_hand_on/install/ldlidar_stl_ros2:/home/yly/1d19/install/ld19_bringup:/home/yly/1d19/install/ldlidar_stl_ros2:/opt/ros/jazzy/opt/gz_sim_vendor:/opt/ros/jazzy/opt/gz_sensors_vendor:/opt/ros/jazzy/opt/gz_physics_vendor:/opt/ros/jazzy/opt/sdformat_vendor:/opt/ros/jazzy/opt/gz_gui_vendor:/opt/ros/jazzy/opt/gz_transport_vendor:/opt/ros/jazzy/opt/gz_rendering_vendor:/opt/ros/jazzy/opt/gz_plugin_vendor:/opt/ros/jazzy/opt/gz_fuel_tools_vendor:/opt/ros/jazzy/opt/gz_msgs_vendor:/opt/ros/jazzy/opt/gz_common_vendor:/opt/ros/jazzy/opt/gz_math_vendor:/opt/ros/jazzy/opt/gz_utils_vendor:/opt/ros/jazzy/opt/gz_tools_vendor:/opt/ros/jazzy/opt/gz_ogre_next_vendor:/opt/ros/jazzy/opt/gz_dartsim_vendor:/opt/ros/jazzy/opt/gz_cmake_vendor:/opt/ros/jazzy DEBUGINFOD_URLS=https://debuginfod.ubuntu.com /usr/bin/cmake --install /home/yly/ld19_hand_on/build/ld19_hand_on
[14.524s] Level 1:colcon.colcon_core.environment:checking '/home/yly/ld19_hand_on/install/ld19_hand_on' for CMake config files
[14.525s] Level 1:colcon.colcon_core.shell:create_environment_hook('ld19_hand_on', 'cmake_prefix_path')
[14.527s] INFO:colcon.colcon_core.shell:Creating environment hook '/home/yly/ld19_hand_on/install/ld19_hand_on/share/ld19_hand_on/hook/cmake_prefix_path.ps1'
[14.535s] INFO:colcon.colcon_core.shell:Creating environment descriptor '/home/yly/ld19_hand_on/install/ld19_hand_on/share/ld19_hand_on/hook/cmake_prefix_path.dsv'
[14.537s] INFO:colcon.colcon_core.shell:Creating environment hook '/home/yly/ld19_hand_on/install/ld19_hand_on/share/ld19_hand_on/hook/cmake_prefix_path.sh'
[14.539s] Level 1:colcon.colcon_core.environment:checking '/home/yly/ld19_hand_on/install/ld19_hand_on/bin'
[14.539s] Level 1:colcon.colcon_core.environment:checking '/home/yly/ld19_hand_on/install/ld19_hand_on/lib/pkgconfig/ld19_hand_on.pc'
[14.540s] Level 1:colcon.colcon_core.environment:checking '/home/yly/ld19_hand_on/install/ld19_hand_on/lib/python3.12/site-packages'
[14.540s] Level 1:colcon.colcon_core.environment:checking '/home/yly/ld19_hand_on/install/ld19_hand_on/bin'
[14.541s] INFO:colcon.colcon_core.shell:Creating package script '/home/yly/ld19_hand_on/install/ld19_hand_on/share/ld19_hand_on/package.ps1'
[14.542s] INFO:colcon.colcon_core.shell:Creating package descriptor '/home/yly/ld19_hand_on/install/ld19_hand_on/share/ld19_hand_on/package.dsv'
[14.543s] INFO:colcon.colcon_core.shell:Creating package script '/home/yly/ld19_hand_on/install/ld19_hand_on/share/ld19_hand_on/package.sh'
[14.544s] INFO:colcon.colcon_core.shell:Creating package script '/home/yly/ld19_hand_on/install/ld19_hand_on/share/ld19_hand_on/package.bash'
[14.544s] INFO:colcon.colcon_core.shell:Creating package script '/home/yly/ld19_hand_on/install/ld19_hand_on/share/ld19_hand_on/package.zsh'
[14.544s] Level 1:colcon.colcon_core.environment:create_file_with_runtime_dependencies(/home/yly/ld19_hand_on/install/ld19_hand_on/share/colcon-core/packages/ld19_hand_on)
[14.546s] Level 1:colcon.colcon_core.environment:create_environment_scripts_only(ld19_hand_on)
[14.546s] Level 1:colcon.colcon_core.environment:checking '/home/yly/ld19_hand_on/install/ld19_hand_on' for CMake module files
[14.547s] Level 1:colcon.colcon_core.environment:checking '/home/yly/ld19_hand_on/install/ld19_hand_on' for CMake config files
[14.547s] Level 1:colcon.colcon_core.shell:create_environment_hook('ld19_hand_on', 'cmake_prefix_path')
[14.548s] INFO:colcon.colcon_core.shell:Creating environment hook '/home/yly/ld19_hand_on/install/ld19_hand_on/share/ld19_hand_on/hook/cmake_prefix_path.ps1'
[14.549s] INFO:colcon.colcon_core.shell:Creating environment descriptor '/home/yly/ld19_hand_on/install/ld19_hand_on/share/ld19_hand_on/hook/cmake_prefix_path.dsv'
[14.549s] INFO:colcon.colcon_core.shell:Creating environment hook '/home/yly/ld19_hand_on/install/ld19_hand_on/share/ld19_hand_on/hook/cmake_prefix_path.sh'
[14.550s] Level 1:colcon.colcon_core.environment:checking '/home/yly/ld19_hand_on/install/ld19_hand_on/bin'
[14.550s] Level 1:colcon.colcon_core.environment:checking '/home/yly/ld19_hand_on/install/ld19_hand_on/lib/pkgconfig/ld19_hand_on.pc'
[14.551s] Level 1:colcon.colcon_core.environment:checking '/home/yly/ld19_hand_on/install/ld19_hand_on/lib/python3.12/site-packages'
[14.551s] Level 1:colcon.colcon_core.environment:checking '/home/yly/ld19_hand_on/install/ld19_hand_on/bin'
[14.552s] INFO:colcon.colcon_core.shell:Creating package script '/home/yly/ld19_hand_on/install/ld19_hand_on/share/ld19_hand_on/package.ps1'
[14.554s] INFO:colcon.colcon_core.shell:Creating package descriptor '/home/yly/ld19_hand_on/install/ld19_hand_on/share/ld19_hand_on/package.dsv'
[14.555s] INFO:colcon.colcon_core.shell:Creating package script '/home/yly/ld19_hand_on/install/ld19_hand_on/share/ld19_hand_on/package.sh'
[14.555s] INFO:colcon.colcon_core.shell:Creating package script '/home/yly/ld19_hand_on/install/ld19_hand_on/share/ld19_hand_on/package.bash'
[14.556s] INFO:colcon.colcon_core.shell:Creating package script '/home/yly/ld19_hand_on/install/ld19_hand_on/share/ld19_hand_on/package.zsh'
[14.556s] Level 1:colcon.colcon_core.environment:create_file_with_runtime_dependencies(/home/yly/ld19_hand_on/install/ld19_hand_on/share/colcon-core/packages/ld19_hand_on)
[14.557s] DEBUG:colcon.colcon_parallel_executor.executor.parallel:closing loop
[14.557s] DEBUG:colcon.colcon_parallel_executor.executor.parallel:loop closed
[14.557s] DEBUG:colcon.colcon_parallel_executor.executor.parallel:run_until_complete finished with '0'
[14.557s] DEBUG:colcon.colcon_core.event_reactor:joining thread
[14.574s] INFO:colcon.colcon_core.plugin_system:Skipping extension 'colcon_notification.desktop_notification.terminal_notifier': Not used on non-Darwin systems
[14.574s] INFO:colcon.colcon_core.plugin_system:Skipping extension 'colcon_notification.desktop_notification.win32': Not used on non-Windows systems
[14.574s] INFO:colcon.colcon_notification.desktop_notification:Sending desktop notification using 'notify2'
[14.609s] DEBUG:colcon.colcon_core.event_reactor:joined thread
[14.611s] INFO:colcon.colcon_core.shell:Creating prefix script '/home/yly/ld19_hand_on/install/local_setup.ps1'
[14.613s] INFO:colcon.colcon_core.shell:Creating prefix util module '/home/yly/ld19_hand_on/install/_local_setup_util_ps1.py'
[14.614s] INFO:colcon.colcon_core.shell:Creating prefix chain script '/home/yly/ld19_hand_on/install/setup.ps1'
[14.616s] INFO:colcon.colcon_core.shell:Creating prefix script '/home/yly/ld19_hand_on/install/local_setup.sh'
[14.617s] INFO:colcon.colcon_core.shell:Creating prefix util module '/home/yly/ld19_hand_on/install/_local_setup_util_sh.py'
[14.618s] INFO:colcon.colcon_core.shell:Creating prefix chain script '/home/yly/ld19_hand_on/install/setup.sh'
[14.621s] INFO:colcon.colcon_core.shell:Creating prefix script '/home/yly/ld19_hand_on/install/local_setup.bash'
[14.622s] INFO:colcon.colcon_core.shell:Creating prefix chain script '/home/yly/ld19_hand_on/install/setup.bash'
[14.623s] INFO:colcon.colcon_core.shell:Creating prefix script '/home/yly/ld19_hand_on/install/local_setup.zsh'
[14.624s] INFO:colcon.colcon_core.shell:Creating prefix chain script '/home/yly/ld19_hand_on/install/setup.zsh'
