[0.016s] Invoking command in '/home/yly/ld19_hand_on/build/scout_bringup': AMENT_PREFIX_PATH=/home/yly/ld19_hand_on/install/scout_can:/home/yly/ld19_hand_on/install/ldlidar_stl_ros2:${AMENT_PREFIX_PATH} CMAKE_PREFIX_PATH=/home/yly/ld19_hand_on/install/scout_can:/home/yly/ld19_hand_on/install/ldlidar_stl_ros2:/opt/ros/jazzy/opt/gz_sim_vendor:/opt/ros/jazzy/opt/gz_sensors_vendor:/opt/ros/jazzy/opt/gz_physics_vendor:/opt/ros/jazzy/opt/sdformat_vendor:/opt/ros/jazzy/opt/gz_gui_vendor:/opt/ros/jazzy/opt/gz_transport_vendor:/opt/ros/jazzy/opt/gz_rendering_vendor:/opt/ros/jazzy/opt/gz_plugin_vendor:/opt/ros/jazzy/opt/gz_fuel_tools_vendor:/opt/ros/jazzy/opt/gz_msgs_vendor:/opt/ros/jazzy/opt/gz_common_vendor:/opt/ros/jazzy/opt/gz_math_vendor:/opt/ros/jazzy/opt/gz_utils_vendor:/opt/ros/jazzy/opt/gz_tools_vendor:/opt/ros/jazzy/opt/gz_ogre_next_vendor:/opt/ros/jazzy/opt/gz_dartsim_vendor:/opt/ros/jazzy/opt/gz_cmake_vendor:/opt/ros/jazzy DEBUGINFOD_URLS=https://debuginfod.ubuntu.com /usr/bin/cmake --build /home/yly/ld19_hand_on/build/scout_bringup -- -j4 -l4
[0.072s] -- Found ament_cmake: 2.5.6 (/opt/ros/jazzy/share/ament_cmake/cmake)
[0.431s] -- Override CMake install command with custom implementation using symlinks instead of copying resources
[0.634s] -- Configuring done (0.6s)
[0.647s] -- Generating done (0.0s)
[0.655s] -- Build files have been written to: /home/yly/ld19_hand_on/build/scout_bringup
[0.699s] Invoked command in '/home/yly/ld19_hand_on/build/scout_bringup' returned '0': AMENT_PREFIX_PATH=/home/yly/ld19_hand_on/install/scout_can:/home/yly/ld19_hand_on/install/ldlidar_stl_ros2:${AMENT_PREFIX_PATH} CMAKE_PREFIX_PATH=/home/yly/ld19_hand_on/install/scout_can:/home/yly/ld19_hand_on/install/ldlidar_stl_ros2:/opt/ros/jazzy/opt/gz_sim_vendor:/opt/ros/jazzy/opt/gz_sensors_vendor:/opt/ros/jazzy/opt/gz_physics_vendor:/opt/ros/jazzy/opt/sdformat_vendor:/opt/ros/jazzy/opt/gz_gui_vendor:/opt/ros/jazzy/opt/gz_transport_vendor:/opt/ros/jazzy/opt/gz_rendering_vendor:/opt/ros/jazzy/opt/gz_plugin_vendor:/opt/ros/jazzy/opt/gz_fuel_tools_vendor:/opt/ros/jazzy/opt/gz_msgs_vendor:/opt/ros/jazzy/opt/gz_common_vendor:/opt/ros/jazzy/opt/gz_math_vendor:/opt/ros/jazzy/opt/gz_utils_vendor:/opt/ros/jazzy/opt/gz_tools_vendor:/opt/ros/jazzy/opt/gz_ogre_next_vendor:/opt/ros/jazzy/opt/gz_dartsim_vendor:/opt/ros/jazzy/opt/gz_cmake_vendor:/opt/ros/jazzy DEBUGINFOD_URLS=https://debuginfod.ubuntu.com /usr/bin/cmake --build /home/yly/ld19_hand_on/build/scout_bringup -- -j4 -l4
[0.701s] Invoking command in '/home/yly/ld19_hand_on/build/scout_bringup': AMENT_PREFIX_PATH=/home/yly/ld19_hand_on/install/scout_can:/home/yly/ld19_hand_on/install/ldlidar_stl_ros2:${AMENT_PREFIX_PATH} CMAKE_PREFIX_PATH=/home/yly/ld19_hand_on/install/scout_can:/home/yly/ld19_hand_on/install/ldlidar_stl_ros2:/opt/ros/jazzy/opt/gz_sim_vendor:/opt/ros/jazzy/opt/gz_sensors_vendor:/opt/ros/jazzy/opt/gz_physics_vendor:/opt/ros/jazzy/opt/sdformat_vendor:/opt/ros/jazzy/opt/gz_gui_vendor:/opt/ros/jazzy/opt/gz_transport_vendor:/opt/ros/jazzy/opt/gz_rendering_vendor:/opt/ros/jazzy/opt/gz_plugin_vendor:/opt/ros/jazzy/opt/gz_fuel_tools_vendor:/opt/ros/jazzy/opt/gz_msgs_vendor:/opt/ros/jazzy/opt/gz_common_vendor:/opt/ros/jazzy/opt/gz_math_vendor:/opt/ros/jazzy/opt/gz_utils_vendor:/opt/ros/jazzy/opt/gz_tools_vendor:/opt/ros/jazzy/opt/gz_ogre_next_vendor:/opt/ros/jazzy/opt/gz_dartsim_vendor:/opt/ros/jazzy/opt/gz_cmake_vendor:/opt/ros/jazzy DEBUGINFOD_URLS=https://debuginfod.ubuntu.com /usr/bin/cmake --install /home/yly/ld19_hand_on/build/scout_bringup
[0.719s] -- Install configuration: ""
[0.720s] -- Execute custom install script
[0.720s] -- Up-to-date symlink: /home/yly/ld19_hand_on/install/scout_bringup/share/scout_bringup/config/ld19_cartographer_2d.lua
[0.720s] -- Up-to-date symlink: /home/yly/ld19_hand_on/install/scout_bringup/share/scout_bringup/config/nav2_navigation_params.yaml
[0.720s] -- Up-to-date symlink: /home/yly/ld19_hand_on/install/scout_bringup/share/scout_bringup/config/scout_bringup_config.yaml
[0.721s] -- Symlinking: /home/yly/ld19_hand_on/install/scout_bringup/share/scout_bringup/launch/__pycache__/ld19_mapping.launch.cpython-312.pyc
[0.741s] -- Up-to-date symlink: /home/yly/ld19_hand_on/install/scout_bringup/share/scout_bringup/launch/ld19_mapping.launch.py
[0.741s] -- Up-to-date symlink: /home/yly/ld19_hand_on/install/scout_bringup/share/scout_bringup/launch/ld19_nav2_amcl.launch.py
[0.741s] -- Up-to-date symlink: /home/yly/ld19_hand_on/install/scout_bringup/share/scout_bringup/launch/scout_can_communication_test.launch.py
[0.741s] -- Up-to-date symlink: /home/yly/ld19_hand_on/install/scout_bringup/share/scout_bringup/launch/scout_can_odometry_rviz.launch.py
[0.741s] -- Up-to-date symlink: /home/yly/ld19_hand_on/install/scout_bringup/share/scout_bringup/maps/ld19_handheld_map.pgm
[0.741s] -- Up-to-date symlink: /home/yly/ld19_hand_on/install/scout_bringup/share/scout_bringup/maps/ld19_handheld_map.yaml
[0.741s] -- Up-to-date symlink: /home/yly/ld19_hand_on/install/scout_bringup/share/scout_bringup/rviz/ld19_mapping.rviz
[0.742s] -- Up-to-date symlink: /home/yly/ld19_hand_on/install/scout_bringup/share/scout_bringup/rviz/scout_can_odometry.rviz
[0.742s] -- Up-to-date symlink: /home/yly/ld19_hand_on/install/scout_bringup/lib/scout_bringup/save_ld19_map
[0.742s] -- Up-to-date symlink: /home/yly/ld19_hand_on/install/scout_bringup/share/ament_index/resource_index/package_run_dependencies/scout_bringup
[0.742s] -- Up-to-date symlink: /home/yly/ld19_hand_on/install/scout_bringup/share/ament_index/resource_index/parent_prefix_path/scout_bringup
[0.742s] -- Up-to-date symlink: /home/yly/ld19_hand_on/install/scout_bringup/share/scout_bringup/environment/ament_prefix_path.sh
[0.743s] -- Up-to-date symlink: /home/yly/ld19_hand_on/install/scout_bringup/share/scout_bringup/environment/ament_prefix_path.dsv
[0.743s] -- Up-to-date symlink: /home/yly/ld19_hand_on/install/scout_bringup/share/scout_bringup/environment/path.sh
[0.743s] -- Up-to-date symlink: /home/yly/ld19_hand_on/install/scout_bringup/share/scout_bringup/environment/path.dsv
[0.743s] -- Up-to-date symlink: /home/yly/ld19_hand_on/install/scout_bringup/share/scout_bringup/local_setup.bash
[0.743s] -- Up-to-date symlink: /home/yly/ld19_hand_on/install/scout_bringup/share/scout_bringup/local_setup.sh
[0.744s] -- Up-to-date symlink: /home/yly/ld19_hand_on/install/scout_bringup/share/scout_bringup/local_setup.zsh
[0.744s] -- Up-to-date symlink: /home/yly/ld19_hand_on/install/scout_bringup/share/scout_bringup/local_setup.dsv
[0.744s] -- Symlinking: /home/yly/ld19_hand_on/install/scout_bringup/share/scout_bringup/package.dsv
[0.764s] -- Up-to-date symlink: /home/yly/ld19_hand_on/install/scout_bringup/share/ament_index/resource_index/packages/scout_bringup
[0.765s] -- Up-to-date symlink: /home/yly/ld19_hand_on/install/scout_bringup/share/scout_bringup/cmake/scout_bringupConfig.cmake
[0.765s] -- Up-to-date symlink: /home/yly/ld19_hand_on/install/scout_bringup/share/scout_bringup/cmake/scout_bringupConfig-version.cmake
[0.765s] -- Up-to-date symlink: /home/yly/ld19_hand_on/install/scout_bringup/share/scout_bringup/package.xml
[0.768s] Invoked command in '/home/yly/ld19_hand_on/build/scout_bringup' returned '0': AMENT_PREFIX_PATH=/home/yly/ld19_hand_on/install/scout_can:/home/yly/ld19_hand_on/install/ldlidar_stl_ros2:${AMENT_PREFIX_PATH} CMAKE_PREFIX_PATH=/home/yly/ld19_hand_on/install/scout_can:/home/yly/ld19_hand_on/install/ldlidar_stl_ros2:/opt/ros/jazzy/opt/gz_sim_vendor:/opt/ros/jazzy/opt/gz_sensors_vendor:/opt/ros/jazzy/opt/gz_physics_vendor:/opt/ros/jazzy/opt/sdformat_vendor:/opt/ros/jazzy/opt/gz_gui_vendor:/opt/ros/jazzy/opt/gz_transport_vendor:/opt/ros/jazzy/opt/gz_rendering_vendor:/opt/ros/jazzy/opt/gz_plugin_vendor:/opt/ros/jazzy/opt/gz_fuel_tools_vendor:/opt/ros/jazzy/opt/gz_msgs_vendor:/opt/ros/jazzy/opt/gz_common_vendor:/opt/ros/jazzy/opt/gz_math_vendor:/opt/ros/jazzy/opt/gz_utils_vendor:/opt/ros/jazzy/opt/gz_tools_vendor:/opt/ros/jazzy/opt/gz_ogre_next_vendor:/opt/ros/jazzy/opt/gz_dartsim_vendor:/opt/ros/jazzy/opt/gz_cmake_vendor:/opt/ros/jazzy DEBUGINFOD_URLS=https://debuginfod.ubuntu.com /usr/bin/cmake --install /home/yly/ld19_hand_on/build/scout_bringup
