[0.031s] Invoking command in '/home/yly/ld19_hand_on/build/ldlidar_stl_ros2': CMAKE_PREFIX_PATH=${CMAKE_PREFIX_PATH}:/opt/ros/jazzy DEBUGINFOD_URLS=https://debuginfod.ubuntu.com /usr/bin/cmake /home/yly/ld19_hand_on/src/ldlidar_stl_ros2 -DAMENT_CMAKE_SYMLINK_INSTALL=1 -DCMAKE_INSTALL_PREFIX=/home/yly/ld19_hand_on/install/ldlidar_stl_ros2
[0.735s] -- The C compiler identification is GNU 13.3.0
[1.405s] -- The CXX compiler identification is GNU 13.3.0
[1.475s] -- Detecting C compiler ABI info
[1.870s] -- Detecting C compiler ABI info - done
[1.888s] -- Check for working C compiler: /usr/bin/cc - skipped
[1.889s] -- Detecting C compile features
[1.890s] -- Detecting C compile features - done
[1.920s] -- Detecting CXX compiler ABI info
[2.328s] -- Detecting CXX compiler ABI info - done
[2.351s] -- Check for working CXX compiler: /usr/bin/c++ - skipped
[2.351s] -- Detecting CXX compile features
[2.352s] -- Detecting CXX compile features - done
[2.390s] -- Found ament_cmake: 2.5.6 (/opt/ros/jazzy/share/ament_cmake/cmake)
[2.936s] -- Found Python3: /usr/bin/python3 (found version "3.12.3") found components: Interpreter 
[3.295s] -- Override CMake install command with custom implementation using symlinks instead of copying resources
[3.462s] -- Found rclcpp: 28.1.22 (/opt/ros/jazzy/share/rclcpp/cmake)
[3.658s] -- Found rosidl_generator_c: 4.6.9 (/opt/ros/jazzy/share/rosidl_generator_c/cmake)
[3.718s] -- Found rosidl_generator_cpp: 4.6.9 (/opt/ros/jazzy/share/rosidl_generator_cpp/cmake)
[3.788s] -- Using all available rosidl_typesupport_c: rosidl_typesupport_fastrtps_c;rosidl_typesupport_introspection_c
[3.872s] -- Using all available rosidl_typesupport_cpp: rosidl_typesupport_fastrtps_cpp;rosidl_typesupport_introspection_cpp
[4.269s] -- Found rmw_implementation_cmake: 7.3.3 (/opt/ros/jazzy/share/rmw_implementation_cmake/cmake)
[4.289s] -- Found rmw_fastrtps_cpp: 8.4.4 (/opt/ros/jazzy/share/rmw_fastrtps_cpp/cmake)
[4.650s] -- Found OpenSSL: /usr/lib/aarch64-linux-gnu/libcrypto.so (found version "3.0.13")  
[4.707s] -- Found FastRTPS: /opt/ros/jazzy/include (Required is at least version "2.13") 
[4.767s] -- Using RMW implementation 'rmw_fastrtps_cpp' as default
[5.079s] -- Found sensor_msgs: 5.3.8 (/opt/ros/jazzy/share/sensor_msgs/cmake)
[5.288s] -- Found ament_lint_auto: 0.17.5 (/opt/ros/jazzy/share/ament_lint_auto/cmake)
[5.727s] -- Added test 'copyright' to check source files copyright and LICENSE
[5.742s] -- Added test 'cppcheck' to perform static code analysis on C / C++ code
[5.743s] -- Configured cppcheck include dirs: /home/yly/ld19_hand_on/src/ldlidar_stl_ros2/include;/home/yly/ld19_hand_on/src/ldlidar_stl_ros2/ldlidar_driver/include/core;/home/yly/ld19_hand_on/src/ldlidar_stl_ros2/ldlidar_driver/include/dataprocess;/home/yly/ld19_hand_on/src/ldlidar_stl_ros2/ldlidar_driver/include/filter;/home/yly/ld19_hand_on/src/ldlidar_stl_ros2/ldlidar_driver/include/logger;/home/yly/ld19_hand_on/src/ldlidar_stl_ros2/ldlidar_driver/include/networkcom;/home/yly/ld19_hand_on/src/ldlidar_stl_ros2/ldlidar_driver/include/serialcom
[5.743s] -- Configured cppcheck exclude dirs and/or files: 
[5.748s] -- Added test 'cpplint' to check C / C++ code against the Google style
[5.749s] -- Configured cpplint exclude dirs and/or files: 
[5.753s] -- Added test 'lint_cmake' to check CMake code style
[5.760s] -- Added test 'uncrustify' to check C / C++ code style
[5.760s] -- Configured uncrustify additional arguments: 
[5.766s] -- Added test 'xmllint' to check XML markup files
[5.775s] -- Configuring done (5.6s)
[5.812s] -- Generating done (0.0s)
[5.818s] -- Build files have been written to: /home/yly/ld19_hand_on/build/ldlidar_stl_ros2
[5.860s] Invoked command in '/home/yly/ld19_hand_on/build/ldlidar_stl_ros2' returned '0': CMAKE_PREFIX_PATH=${CMAKE_PREFIX_PATH}:/opt/ros/jazzy DEBUGINFOD_URLS=https://debuginfod.ubuntu.com /usr/bin/cmake /home/yly/ld19_hand_on/src/ldlidar_stl_ros2 -DAMENT_CMAKE_SYMLINK_INSTALL=1 -DCMAKE_INSTALL_PREFIX=/home/yly/ld19_hand_on/install/ldlidar_stl_ros2
[5.863s] Invoking command in '/home/yly/ld19_hand_on/build/ldlidar_stl_ros2': CMAKE_PREFIX_PATH=${CMAKE_PREFIX_PATH}:/opt/ros/jazzy DEBUGINFOD_URLS=https://debuginfod.ubuntu.com /usr/bin/cmake --build /home/yly/ld19_hand_on/build/ldlidar_stl_ros2 -- -j4 -l4
[6.045s] [ 12%] Building CXX object CMakeFiles/ldlidar_stl_ros2_node.dir/src/demo.cpp.o
[6.045s] [ 25%] Building CXX object CMakeFiles/ldlidar_stl_ros2_node.dir/ldlidar_driver/src/core/ldlidar_driver.cpp.o
[6.081s] [ 37%] Building CXX object CMakeFiles/ldlidar_stl_ros2_node.dir/ldlidar_driver/src/dataprocess/lipkg.cpp.o
[6.098s] [ 50%] Building CXX object CMakeFiles/ldlidar_stl_ros2_node.dir/ldlidar_driver/src/filter/tofbf.cpp.o
[12.118s] [ 62%] Building CXX object CMakeFiles/ldlidar_stl_ros2_node.dir/ldlidar_driver/src/logger/log_module.cpp.o
[12.601s] [ 75%] Building CXX object CMakeFiles/ldlidar_stl_ros2_node.dir/ldlidar_driver/src/networkcom/network_socket_interface_linux.cpp.o
[12.934s] [ 87%] Building CXX object CMakeFiles/ldlidar_stl_ros2_node.dir/ldlidar_driver/src/serialcom/serial_interface_linux.cpp.o
[39.161s] [100%] Linking CXX executable ldlidar_stl_ros2_node
[40.354s] [100%] Built target ldlidar_stl_ros2_node
