[0.029s] Invoking command in '/home/yly/ld19_hand_on/build/scout_can': CMAKE_PREFIX_PATH=${CMAKE_PREFIX_PATH}:/opt/ros/jazzy DEBUGINFOD_URLS=https://debuginfod.ubuntu.com /usr/bin/cmake --build /home/yly/ld19_hand_on/build/scout_can -- -j4 -l4
[0.251s] [ 50%] Building CXX object CMakeFiles/scout_can_node.dir/src/scout_can_node.cpp.o
[19.042s] [100%] Linking CXX executable scout_can_node
[20.139s] [100%] Built target scout_can_node
[20.186s] Invoked command in '/home/yly/ld19_hand_on/build/scout_can' returned '0': CMAKE_PREFIX_PATH=${CMAKE_PREFIX_PATH}:/opt/ros/jazzy DEBUGINFOD_URLS=https://debuginfod.ubuntu.com /usr/bin/cmake --build /home/yly/ld19_hand_on/build/scout_can -- -j4 -l4
[20.221s] Invoking command in '/home/yly/ld19_hand_on/build/scout_can': CMAKE_PREFIX_PATH=${CMAKE_PREFIX_PATH}:/opt/ros/jazzy DEBUGINFOD_URLS=https://debuginfod.ubuntu.com /usr/bin/cmake --install /home/yly/ld19_hand_on/build/scout_can
[20.251s] -- Install configuration: ""
[20.252s] -- Execute custom install script
[20.252s] -- Up-to-date symlink: /home/yly/ld19_hand_on/install/scout_can/lib/scout_can/scout_can_node
[20.253s] -- Up-to-date symlink: /home/yly/ld19_hand_on/install/scout_can/include/scout_can/scout_can_node.hpp
[20.253s] -- Up-to-date symlink: /home/yly/ld19_hand_on/install/scout_can/share/ament_index/resource_index/package_run_dependencies/scout_can
[20.253s] -- Up-to-date symlink: /home/yly/ld19_hand_on/install/scout_can/share/ament_index/resource_index/parent_prefix_path/scout_can
[20.254s] -- Up-to-date symlink: /home/yly/ld19_hand_on/install/scout_can/share/scout_can/environment/ament_prefix_path.sh
[20.254s] -- Up-to-date symlink: /home/yly/ld19_hand_on/install/scout_can/share/scout_can/environment/ament_prefix_path.dsv
[20.254s] -- Up-to-date symlink: /home/yly/ld19_hand_on/install/scout_can/share/scout_can/environment/path.sh
[20.255s] -- Up-to-date symlink: /home/yly/ld19_hand_on/install/scout_can/share/scout_can/environment/path.dsv
[20.255s] -- Up-to-date symlink: /home/yly/ld19_hand_on/install/scout_can/share/scout_can/local_setup.bash
[20.255s] -- Up-to-date symlink: /home/yly/ld19_hand_on/install/scout_can/share/scout_can/local_setup.sh
[20.255s] -- Up-to-date symlink: /home/yly/ld19_hand_on/install/scout_can/share/scout_can/local_setup.zsh
[20.256s] -- Up-to-date symlink: /home/yly/ld19_hand_on/install/scout_can/share/scout_can/local_setup.dsv
[20.256s] -- Symlinking: /home/yly/ld19_hand_on/install/scout_can/share/scout_can/package.dsv
[20.297s] -- Up-to-date symlink: /home/yly/ld19_hand_on/install/scout_can/share/ament_index/resource_index/packages/scout_can
[20.297s] -- Up-to-date symlink: /home/yly/ld19_hand_on/install/scout_can/share/scout_can/cmake/scout_canConfig.cmake
[20.297s] -- Up-to-date symlink: /home/yly/ld19_hand_on/install/scout_can/share/scout_can/cmake/scout_canConfig-version.cmake
[20.298s] -- Up-to-date symlink: /home/yly/ld19_hand_on/install/scout_can/share/scout_can/package.xml
[20.305s] Invoked command in '/home/yly/ld19_hand_on/build/scout_can' returned '0': CMAKE_PREFIX_PATH=${CMAKE_PREFIX_PATH}:/opt/ros/jazzy DEBUGINFOD_URLS=https://debuginfod.ubuntu.com /usr/bin/cmake --install /home/yly/ld19_hand_on/build/scout_can
