[0.031s] Invoking command in '/home/yly/ld19_hand_on/build/ld19_hand_on': AMENT_PREFIX_PATH=/home/yly/ld19_hand_on/install/ldlidar_stl_ros2:${AMENT_PREFIX_PATH} CMAKE_PREFIX_PATH=/home/yly/ld19_hand_on/install/ldlidar_stl_ros2:/home/yly/1d19/install/ld19_bringup:/home/yly/1d19/install/ldlidar_stl_ros2:/opt/ros/jazzy/opt/gz_sim_vendor:/opt/ros/jazzy/opt/gz_sensors_vendor:/opt/ros/jazzy/opt/gz_physics_vendor:/opt/ros/jazzy/opt/sdformat_vendor:/opt/ros/jazzy/opt/gz_gui_vendor:/opt/ros/jazzy/opt/gz_transport_vendor:/opt/ros/jazzy/opt/gz_rendering_vendor:/opt/ros/jazzy/opt/gz_plugin_vendor:/opt/ros/jazzy/opt/gz_fuel_tools_vendor:/opt/ros/jazzy/opt/gz_msgs_vendor:/opt/ros/jazzy/opt/gz_common_vendor:/opt/ros/jazzy/opt/gz_math_vendor:/opt/ros/jazzy/opt/gz_utils_vendor:/opt/ros/jazzy/opt/gz_tools_vendor:/opt/ros/jazzy/opt/gz_ogre_next_vendor:/opt/ros/jazzy/opt/gz_dartsim_vendor:/opt/ros/jazzy/opt/gz_cmake_vendor:/opt/ros/jazzy DEBUGINFOD_URLS=https://debuginfod.ubuntu.com /usr/bin/cmake --build /home/yly/ld19_hand_on/build/ld19_hand_on -- -j4 -l4
[0.157s] Invoked command in '/home/yly/ld19_hand_on/build/ld19_hand_on' returned '0': AMENT_PREFIX_PATH=/home/yly/ld19_hand_on/install/ldlidar_stl_ros2:${AMENT_PREFIX_PATH} CMAKE_PREFIX_PATH=/home/yly/ld19_hand_on/install/ldlidar_stl_ros2:/home/yly/1d19/install/ld19_bringup:/home/yly/1d19/install/ldlidar_stl_ros2:/opt/ros/jazzy/opt/gz_sim_vendor:/opt/ros/jazzy/opt/gz_sensors_vendor:/opt/ros/jazzy/opt/gz_physics_vendor:/opt/ros/jazzy/opt/sdformat_vendor:/opt/ros/jazzy/opt/gz_gui_vendor:/opt/ros/jazzy/opt/gz_transport_vendor:/opt/ros/jazzy/opt/gz_rendering_vendor:/opt/ros/jazzy/opt/gz_plugin_vendor:/opt/ros/jazzy/opt/gz_fuel_tools_vendor:/opt/ros/jazzy/opt/gz_msgs_vendor:/opt/ros/jazzy/opt/gz_common_vendor:/opt/ros/jazzy/opt/gz_math_vendor:/opt/ros/jazzy/opt/gz_utils_vendor:/opt/ros/jazzy/opt/gz_tools_vendor:/opt/ros/jazzy/opt/gz_ogre_next_vendor:/opt/ros/jazzy/opt/gz_dartsim_vendor:/opt/ros/jazzy/opt/gz_cmake_vendor:/opt/ros/jazzy DEBUGINFOD_URLS=https://debuginfod.ubuntu.com /usr/bin/cmake --build /home/yly/ld19_hand_on/build/ld19_hand_on -- -j4 -l4
[0.190s] Invoking command in '/home/yly/ld19_hand_on/build/ld19_hand_on': AMENT_PREFIX_PATH=/home/yly/ld19_hand_on/install/ldlidar_stl_ros2:${AMENT_PREFIX_PATH} CMAKE_PREFIX_PATH=/home/yly/ld19_hand_on/install/ldlidar_stl_ros2:/home/yly/1d19/install/ld19_bringup:/home/yly/1d19/install/ldlidar_stl_ros2:/opt/ros/jazzy/opt/gz_sim_vendor:/opt/ros/jazzy/opt/gz_sensors_vendor:/opt/ros/jazzy/opt/gz_physics_vendor:/opt/ros/jazzy/opt/sdformat_vendor:/opt/ros/jazzy/opt/gz_gui_vendor:/opt/ros/jazzy/opt/gz_transport_vendor:/opt/ros/jazzy/opt/gz_rendering_vendor:/opt/ros/jazzy/opt/gz_plugin_vendor:/opt/ros/jazzy/opt/gz_fuel_tools_vendor:/opt/ros/jazzy/opt/gz_msgs_vendor:/opt/ros/jazzy/opt/gz_common_vendor:/opt/ros/jazzy/opt/gz_math_vendor:/opt/ros/jazzy/opt/gz_utils_vendor:/opt/ros/jazzy/opt/gz_tools_vendor:/opt/ros/jazzy/opt/gz_ogre_next_vendor:/opt/ros/jazzy/opt/gz_dartsim_vendor:/opt/ros/jazzy/opt/gz_cmake_vendor:/opt/ros/jazzy DEBUGINFOD_URLS=https://debuginfod.ubuntu.com /usr/bin/cmake --install /home/yly/ld19_hand_on/build/ld19_hand_on
[0.216s] -- Install configuration: ""
[0.216s] -- Execute custom install script
[0.217s] -- Up-to-date symlink: /home/yly/ld19_hand_on/install/ld19_hand_on/share/ld19_hand_on/config/ld19_hand_on.lua
[0.217s] -- Up-to-date symlink: /home/yly/ld19_hand_on/install/ld19_hand_on/share/ld19_hand_on/launch/ld19_hand_on.launch.py
[0.217s] -- Up-to-date symlink: /home/yly/ld19_hand_on/install/ld19_hand_on/share/ld19_hand_on/rviz/ld19_hand_on.rviz
[0.217s] -- Up-to-date symlink: /home/yly/ld19_hand_on/install/ld19_hand_on/share/ament_index/resource_index/package_run_dependencies/ld19_hand_on
[0.218s] -- Up-to-date symlink: /home/yly/ld19_hand_on/install/ld19_hand_on/share/ament_index/resource_index/parent_prefix_path/ld19_hand_on
[0.218s] -- Up-to-date symlink: /home/yly/ld19_hand_on/install/ld19_hand_on/share/ld19_hand_on/environment/ament_prefix_path.sh
[0.218s] -- Up-to-date symlink: /home/yly/ld19_hand_on/install/ld19_hand_on/share/ld19_hand_on/environment/ament_prefix_path.dsv
[0.218s] -- Up-to-date symlink: /home/yly/ld19_hand_on/install/ld19_hand_on/share/ld19_hand_on/environment/path.sh
[0.218s] -- Up-to-date symlink: /home/yly/ld19_hand_on/install/ld19_hand_on/share/ld19_hand_on/environment/path.dsv
[0.219s] -- Up-to-date symlink: /home/yly/ld19_hand_on/install/ld19_hand_on/share/ld19_hand_on/local_setup.bash
[0.219s] -- Up-to-date symlink: /home/yly/ld19_hand_on/install/ld19_hand_on/share/ld19_hand_on/local_setup.sh
[0.219s] -- Up-to-date symlink: /home/yly/ld19_hand_on/install/ld19_hand_on/share/ld19_hand_on/local_setup.zsh
[0.219s] -- Up-to-date symlink: /home/yly/ld19_hand_on/install/ld19_hand_on/share/ld19_hand_on/local_setup.dsv
[0.219s] -- Symlinking: /home/yly/ld19_hand_on/install/ld19_hand_on/share/ld19_hand_on/package.dsv
[0.252s] -- Up-to-date symlink: /home/yly/ld19_hand_on/install/ld19_hand_on/share/ament_index/resource_index/packages/ld19_hand_on
[0.253s] -- Up-to-date symlink: /home/yly/ld19_hand_on/install/ld19_hand_on/share/ld19_hand_on/cmake/ld19_hand_onConfig.cmake
[0.253s] -- Up-to-date symlink: /home/yly/ld19_hand_on/install/ld19_hand_on/share/ld19_hand_on/cmake/ld19_hand_onConfig-version.cmake
[0.253s] -- Up-to-date symlink: /home/yly/ld19_hand_on/install/ld19_hand_on/share/ld19_hand_on/package.xml
[0.258s] Invoked command in '/home/yly/ld19_hand_on/build/ld19_hand_on' returned '0': AMENT_PREFIX_PATH=/home/yly/ld19_hand_on/install/ldlidar_stl_ros2:${AMENT_PREFIX_PATH} CMAKE_PREFIX_PATH=/home/yly/ld19_hand_on/install/ldlidar_stl_ros2:/home/yly/1d19/install/ld19_bringup:/home/yly/1d19/install/ldlidar_stl_ros2:/opt/ros/jazzy/opt/gz_sim_vendor:/opt/ros/jazzy/opt/gz_sensors_vendor:/opt/ros/jazzy/opt/gz_physics_vendor:/opt/ros/jazzy/opt/sdformat_vendor:/opt/ros/jazzy/opt/gz_gui_vendor:/opt/ros/jazzy/opt/gz_transport_vendor:/opt/ros/jazzy/opt/gz_rendering_vendor:/opt/ros/jazzy/opt/gz_plugin_vendor:/opt/ros/jazzy/opt/gz_fuel_tools_vendor:/opt/ros/jazzy/opt/gz_msgs_vendor:/opt/ros/jazzy/opt/gz_common_vendor:/opt/ros/jazzy/opt/gz_math_vendor:/opt/ros/jazzy/opt/gz_utils_vendor:/opt/ros/jazzy/opt/gz_tools_vendor:/opt/ros/jazzy/opt/gz_ogre_next_vendor:/opt/ros/jazzy/opt/gz_dartsim_vendor:/opt/ros/jazzy/opt/gz_cmake_vendor:/opt/ros/jazzy DEBUGINFOD_URLS=https://debuginfod.ubuntu.com /usr/bin/cmake --install /home/yly/ld19_hand_on/build/ld19_hand_on
