[ 12%] Building CXX object CMakeFiles/ldlidar_stl_ros2_node.dir/src/demo.cpp.o
[ 25%] Linking CXX executable ldlidar_stl_ros2_node
[100%] Built target ldlidar_stl_ros2_node
-- Install configuration: ""
-- Execute custom install script
-- Up-to-date symlink: /home/yly/ld19_hand_on/install/ldlidar_stl_ros2/lib/ldlidar_stl_ros2/ldlidar_stl_ros2_node
-- Up-to-date symlink: /home/yly/ld19_hand_on/install/ldlidar_stl_ros2/share/ament_index/resource_index/package_run_dependencies/ldlidar_stl_ros2
-- Up-to-date symlink: /home/yly/ld19_hand_on/install/ldlidar_stl_ros2/share/ament_index/resource_index/parent_prefix_path/ldlidar_stl_ros2
-- Up-to-date symlink: /home/yly/ld19_hand_on/install/ldlidar_stl_ros2/share/ldlidar_stl_ros2/environment/ament_prefix_path.sh
-- Up-to-date symlink: /home/yly/ld19_hand_on/install/ldlidar_stl_ros2/share/ldlidar_stl_ros2/environment/ament_prefix_path.dsv
-- Up-to-date symlink: /home/yly/ld19_hand_on/install/ldlidar_stl_ros2/share/ldlidar_stl_ros2/environment/path.sh
-- Up-to-date symlink: /home/yly/ld19_hand_on/install/ldlidar_stl_ros2/share/ldlidar_stl_ros2/environment/path.dsv
-- Up-to-date symlink: /home/yly/ld19_hand_on/install/ldlidar_stl_ros2/share/ldlidar_stl_ros2/local_setup.bash
-- Up-to-date symlink: /home/yly/ld19_hand_on/install/ldlidar_stl_ros2/share/ldlidar_stl_ros2/local_setup.sh
-- Up-to-date symlink: /home/yly/ld19_hand_on/install/ldlidar_stl_ros2/share/ldlidar_stl_ros2/local_setup.zsh
-- Up-to-date symlink: /home/yly/ld19_hand_on/install/ldlidar_stl_ros2/share/ldlidar_stl_ros2/local_setup.dsv
-- Symlinking: /home/yly/ld19_hand_on/install/ldlidar_stl_ros2/share/ldlidar_stl_ros2/package.dsv
-- Up-to-date symlink: /home/yly/ld19_hand_on/install/ldlidar_stl_ros2/share/ament_index/resource_index/packages/ldlidar_stl_ros2
-- Up-to-date symlink: /home/yly/ld19_hand_on/install/ldlidar_stl_ros2/share/ldlidar_stl_ros2/cmake/ldlidar_stl_ros2Config.cmake
-- Up-to-date symlink: /home/yly/ld19_hand_on/install/ldlidar_stl_ros2/share/ldlidar_stl_ros2/cmake/ldlidar_stl_ros2Config-version.cmake
-- Up-to-date symlink: /home/yly/ld19_hand_on/install/ldlidar_stl_ros2/share/ldlidar_stl_ros2/package.xml
