[0.029s] Invoking command in '/home/yly/ld19_hand_on/build/scout_bringup': AMENT_PREFIX_PATH=/home/yly/ld19_hand_on/install/scout_can:/home/yly/ld19_hand_on/install/ldlidar_stl_ros2:${AMENT_PREFIX_PATH} CMAKE_PREFIX_PATH=/home/yly/ld19_hand_on/install/scout_can:/home/yly/ld19_hand_on/install/ldlidar_stl_ros2:/opt/ros/jazzy/opt/gz_sim_vendor:/opt/ros/jazzy/opt/gz_sensors_vendor:/opt/ros/jazzy/opt/gz_physics_vendor:/opt/ros/jazzy/opt/sdformat_vendor:/opt/ros/jazzy/opt/gz_gui_vendor:/opt/ros/jazzy/opt/gz_transport_vendor:/opt/ros/jazzy/opt/gz_rendering_vendor:/opt/ros/jazzy/opt/gz_plugin_vendor:/opt/ros/jazzy/opt/gz_fuel_tools_vendor:/opt/ros/jazzy/opt/gz_msgs_vendor:/opt/ros/jazzy/opt/gz_common_vendor:/opt/ros/jazzy/opt/gz_math_vendor:/opt/ros/jazzy/opt/gz_utils_vendor:/opt/ros/jazzy/opt/gz_tools_vendor:/opt/ros/jazzy/opt/gz_ogre_next_vendor:/opt/ros/jazzy/opt/gz_dartsim_vendor:/opt/ros/jazzy/opt/gz_cmake_vendor:/opt/ros/jazzy DEBUGINFOD_URLS=https://debuginfod.ubuntu.com /usr/bin/cmake /home/yly/ld19_hand_on/src/scout_bringup -DAMENT_CMAKE_SYMLINK_INSTALL=1 -DCMAKE_INSTALL_PREFIX=/home/yly/ld19_hand_on/install/scout_bringup
[0.243s] -- The C compiler identification is GNU 13.3.0
[0.448s] -- The CXX compiler identification is GNU 13.3.0
[0.504s] -- Detecting C compiler ABI info
[0.847s] -- Detecting C compiler ABI info - done
[0.862s] -- Check for working C compiler: /usr/bin/cc - skipped
[0.862s] -- Detecting C compile features
[0.863s] -- Detecting C compile features - done
[0.893s] -- Detecting CXX compiler ABI info
[1.268s] -- Detecting CXX compiler ABI info - done
[1.283s] -- Check for working CXX compiler: /usr/bin/c++ - skipped
[1.283s] -- Detecting CXX compile features
[1.284s] -- Detecting CXX compile features - done
[1.298s] -- Found ament_cmake: 2.5.6 (/opt/ros/jazzy/share/ament_cmake/cmake)
[1.776s] -- Found Python3: /usr/bin/python3 (found version "3.12.3") found components: Interpreter 
[2.026s] -- Override CMake install command with custom implementation using symlinks instead of copying resources
[2.504s] -- Configuring done (2.5s)
[2.513s] -- Generating done (0.0s)
[2.515s] -- Build files have been written to: /home/yly/ld19_hand_on/build/scout_bringup
[2.530s] Invoked command in '/home/yly/ld19_hand_on/build/scout_bringup' returned '0': AMENT_PREFIX_PATH=/home/yly/ld19_hand_on/install/scout_can:/home/yly/ld19_hand_on/install/ldlidar_stl_ros2:${AMENT_PREFIX_PATH} CMAKE_PREFIX_PATH=/home/yly/ld19_hand_on/install/scout_can:/home/yly/ld19_hand_on/install/ldlidar_stl_ros2:/opt/ros/jazzy/opt/gz_sim_vendor:/opt/ros/jazzy/opt/gz_sensors_vendor:/opt/ros/jazzy/opt/gz_physics_vendor:/opt/ros/jazzy/opt/sdformat_vendor:/opt/ros/jazzy/opt/gz_gui_vendor:/opt/ros/jazzy/opt/gz_transport_vendor:/opt/ros/jazzy/opt/gz_rendering_vendor:/opt/ros/jazzy/opt/gz_plugin_vendor:/opt/ros/jazzy/opt/gz_fuel_tools_vendor:/opt/ros/jazzy/opt/gz_msgs_vendor:/opt/ros/jazzy/opt/gz_common_vendor:/opt/ros/jazzy/opt/gz_math_vendor:/opt/ros/jazzy/opt/gz_utils_vendor:/opt/ros/jazzy/opt/gz_tools_vendor:/opt/ros/jazzy/opt/gz_ogre_next_vendor:/opt/ros/jazzy/opt/gz_dartsim_vendor:/opt/ros/jazzy/opt/gz_cmake_vendor:/opt/ros/jazzy DEBUGINFOD_URLS=https://debuginfod.ubuntu.com /usr/bin/cmake /home/yly/ld19_hand_on/src/scout_bringup -DAMENT_CMAKE_SYMLINK_INSTALL=1 -DCMAKE_INSTALL_PREFIX=/home/yly/ld19_hand_on/install/scout_bringup
[2.532s] Invoking command in '/home/yly/ld19_hand_on/build/scout_bringup': AMENT_PREFIX_PATH=/home/yly/ld19_hand_on/install/scout_can:/home/yly/ld19_hand_on/install/ldlidar_stl_ros2:${AMENT_PREFIX_PATH} CMAKE_PREFIX_PATH=/home/yly/ld19_hand_on/install/scout_can:/home/yly/ld19_hand_on/install/ldlidar_stl_ros2:/opt/ros/jazzy/opt/gz_sim_vendor:/opt/ros/jazzy/opt/gz_sensors_vendor:/opt/ros/jazzy/opt/gz_physics_vendor:/opt/ros/jazzy/opt/sdformat_vendor:/opt/ros/jazzy/opt/gz_gui_vendor:/opt/ros/jazzy/opt/gz_transport_vendor:/opt/ros/jazzy/opt/gz_rendering_vendor:/opt/ros/jazzy/opt/gz_plugin_vendor:/opt/ros/jazzy/opt/gz_fuel_tools_vendor:/opt/ros/jazzy/opt/gz_msgs_vendor:/opt/ros/jazzy/opt/gz_common_vendor:/opt/ros/jazzy/opt/gz_math_vendor:/opt/ros/jazzy/opt/gz_utils_vendor:/opt/ros/jazzy/opt/gz_tools_vendor:/opt/ros/jazzy/opt/gz_ogre_next_vendor:/opt/ros/jazzy/opt/gz_dartsim_vendor:/opt/ros/jazzy/opt/gz_cmake_vendor:/opt/ros/jazzy DEBUGINFOD_URLS=https://debuginfod.ubuntu.com /usr/bin/cmake --build /home/yly/ld19_hand_on/build/scout_bringup -- -j4 -l4
[2.690s] Invoked command in '/home/yly/ld19_hand_on/build/scout_bringup' returned '0': AMENT_PREFIX_PATH=/home/yly/ld19_hand_on/install/scout_can:/home/yly/ld19_hand_on/install/ldlidar_stl_ros2:${AMENT_PREFIX_PATH} CMAKE_PREFIX_PATH=/home/yly/ld19_hand_on/install/scout_can:/home/yly/ld19_hand_on/install/ldlidar_stl_ros2:/opt/ros/jazzy/opt/gz_sim_vendor:/opt/ros/jazzy/opt/gz_sensors_vendor:/opt/ros/jazzy/opt/gz_physics_vendor:/opt/ros/jazzy/opt/sdformat_vendor:/opt/ros/jazzy/opt/gz_gui_vendor:/opt/ros/jazzy/opt/gz_transport_vendor:/opt/ros/jazzy/opt/gz_rendering_vendor:/opt/ros/jazzy/opt/gz_plugin_vendor:/opt/ros/jazzy/opt/gz_fuel_tools_vendor:/opt/ros/jazzy/opt/gz_msgs_vendor:/opt/ros/jazzy/opt/gz_common_vendor:/opt/ros/jazzy/opt/gz_math_vendor:/opt/ros/jazzy/opt/gz_utils_vendor:/opt/ros/jazzy/opt/gz_tools_vendor:/opt/ros/jazzy/opt/gz_ogre_next_vendor:/opt/ros/jazzy/opt/gz_dartsim_vendor:/opt/ros/jazzy/opt/gz_cmake_vendor:/opt/ros/jazzy DEBUGINFOD_URLS=https://debuginfod.ubuntu.com /usr/bin/cmake --build /home/yly/ld19_hand_on/build/scout_bringup -- -j4 -l4
[2.695s] Invoking command in '/home/yly/ld19_hand_on/build/scout_bringup': AMENT_PREFIX_PATH=/home/yly/ld19_hand_on/install/scout_can:/home/yly/ld19_hand_on/install/ldlidar_stl_ros2:${AMENT_PREFIX_PATH} CMAKE_PREFIX_PATH=/home/yly/ld19_hand_on/install/scout_can:/home/yly/ld19_hand_on/install/ldlidar_stl_ros2:/opt/ros/jazzy/opt/gz_sim_vendor:/opt/ros/jazzy/opt/gz_sensors_vendor:/opt/ros/jazzy/opt/gz_physics_vendor:/opt/ros/jazzy/opt/sdformat_vendor:/opt/ros/jazzy/opt/gz_gui_vendor:/opt/ros/jazzy/opt/gz_transport_vendor:/opt/ros/jazzy/opt/gz_rendering_vendor:/opt/ros/jazzy/opt/gz_plugin_vendor:/opt/ros/jazzy/opt/gz_fuel_tools_vendor:/opt/ros/jazzy/opt/gz_msgs_vendor:/opt/ros/jazzy/opt/gz_common_vendor:/opt/ros/jazzy/opt/gz_math_vendor:/opt/ros/jazzy/opt/gz_utils_vendor:/opt/ros/jazzy/opt/gz_tools_vendor:/opt/ros/jazzy/opt/gz_ogre_next_vendor:/opt/ros/jazzy/opt/gz_dartsim_vendor:/opt/ros/jazzy/opt/gz_cmake_vendor:/opt/ros/jazzy DEBUGINFOD_URLS=https://debuginfod.ubuntu.com /usr/bin/cmake --install /home/yly/ld19_hand_on/build/scout_bringup
[2.741s] -- Install configuration: ""
[2.741s] -- Execute custom install script
[2.742s] -- Symlinking: /home/yly/ld19_hand_on/install/scout_bringup/share/scout_bringup/config/ld19_cartographer_2d.lua
[2.774s] -- Symlinking: /home/yly/ld19_hand_on/install/scout_bringup/share/scout_bringup/config/nav2_navigation_params.yaml
[2.808s] -- Symlinking: /home/yly/ld19_hand_on/install/scout_bringup/share/scout_bringup/config/scout_bringup_config.yaml
[2.842s] -- Symlinking: /home/yly/ld19_hand_on/install/scout_bringup/share/scout_bringup/launch/ld19_mapping.launch.py
[2.886s] -- Symlinking: /home/yly/ld19_hand_on/install/scout_bringup/share/scout_bringup/launch/ld19_nav2_amcl.launch.py
[2.924s] -- Symlinking: /home/yly/ld19_hand_on/install/scout_bringup/share/scout_bringup/launch/scout_can_communication_test.launch.py
[2.958s] -- Symlinking: /home/yly/ld19_hand_on/install/scout_bringup/share/scout_bringup/launch/scout_can_odometry_rviz.launch.py
[2.991s] -- Symlinking: /home/yly/ld19_hand_on/install/scout_bringup/share/scout_bringup/maps/ld19_handheld_map.pgm
[3.025s] -- Symlinking: /home/yly/ld19_hand_on/install/scout_bringup/share/scout_bringup/maps/ld19_handheld_map.yaml
[3.067s] -- Symlinking: /home/yly/ld19_hand_on/install/scout_bringup/share/scout_bringup/rviz/ld19_mapping.rviz
[3.128s] -- Symlinking: /home/yly/ld19_hand_on/install/scout_bringup/share/scout_bringup/rviz/scout_can_odometry.rviz
[3.144s] -- Symlinking: /home/yly/ld19_hand_on/install/scout_bringup/lib/scout_bringup/save_ld19_map
[3.197s] -- Symlinking: /home/yly/ld19_hand_on/install/scout_bringup/share/ament_index/resource_index/package_run_dependencies/scout_bringup
[3.246s] -- Symlinking: /home/yly/ld19_hand_on/install/scout_bringup/share/ament_index/resource_index/parent_prefix_path/scout_bringup
[3.291s] -- Symlinking: /home/yly/ld19_hand_on/install/scout_bringup/share/scout_bringup/environment/ament_prefix_path.sh
[3.321s] -- Symlinking: /home/yly/ld19_hand_on/install/scout_bringup/share/scout_bringup/environment/ament_prefix_path.dsv
[3.364s] -- Symlinking: /home/yly/ld19_hand_on/install/scout_bringup/share/scout_bringup/environment/path.sh
[3.397s] -- Symlinking: /home/yly/ld19_hand_on/install/scout_bringup/share/scout_bringup/environment/path.dsv
[3.436s] -- Symlinking: /home/yly/ld19_hand_on/install/scout_bringup/share/scout_bringup/local_setup.bash
[3.468s] -- Symlinking: /home/yly/ld19_hand_on/install/scout_bringup/share/scout_bringup/local_setup.sh
[3.503s] -- Symlinking: /home/yly/ld19_hand_on/install/scout_bringup/share/scout_bringup/local_setup.zsh
[3.540s] -- Symlinking: /home/yly/ld19_hand_on/install/scout_bringup/share/scout_bringup/local_setup.dsv
[3.576s] -- Symlinking: /home/yly/ld19_hand_on/install/scout_bringup/share/scout_bringup/package.dsv
[3.611s] -- Symlinking: /home/yly/ld19_hand_on/install/scout_bringup/share/ament_index/resource_index/packages/scout_bringup
[3.644s] -- Symlinking: /home/yly/ld19_hand_on/install/scout_bringup/share/scout_bringup/cmake/scout_bringupConfig.cmake
[3.697s] -- Symlinking: /home/yly/ld19_hand_on/install/scout_bringup/share/scout_bringup/cmake/scout_bringupConfig-version.cmake
[3.744s] -- Symlinking: /home/yly/ld19_hand_on/install/scout_bringup/share/scout_bringup/package.xml
[3.786s] Invoked command in '/home/yly/ld19_hand_on/build/scout_bringup' returned '0': AMENT_PREFIX_PATH=/home/yly/ld19_hand_on/install/scout_can:/home/yly/ld19_hand_on/install/ldlidar_stl_ros2:${AMENT_PREFIX_PATH} CMAKE_PREFIX_PATH=/home/yly/ld19_hand_on/install/scout_can:/home/yly/ld19_hand_on/install/ldlidar_stl_ros2:/opt/ros/jazzy/opt/gz_sim_vendor:/opt/ros/jazzy/opt/gz_sensors_vendor:/opt/ros/jazzy/opt/gz_physics_vendor:/opt/ros/jazzy/opt/sdformat_vendor:/opt/ros/jazzy/opt/gz_gui_vendor:/opt/ros/jazzy/opt/gz_transport_vendor:/opt/ros/jazzy/opt/gz_rendering_vendor:/opt/ros/jazzy/opt/gz_plugin_vendor:/opt/ros/jazzy/opt/gz_fuel_tools_vendor:/opt/ros/jazzy/opt/gz_msgs_vendor:/opt/ros/jazzy/opt/gz_common_vendor:/opt/ros/jazzy/opt/gz_math_vendor:/opt/ros/jazzy/opt/gz_utils_vendor:/opt/ros/jazzy/opt/gz_tools_vendor:/opt/ros/jazzy/opt/gz_ogre_next_vendor:/opt/ros/jazzy/opt/gz_dartsim_vendor:/opt/ros/jazzy/opt/gz_cmake_vendor:/opt/ros/jazzy DEBUGINFOD_URLS=https://debuginfod.ubuntu.com /usr/bin/cmake --install /home/yly/ld19_hand_on/build/scout_bringup
