[0.024s] Invoking command in '/home/yly/ld19_hand_on/build/scout_can': CMAKE_PREFIX_PATH=${CMAKE_PREFIX_PATH}:/opt/ros/jazzy DEBUGINFOD_URLS=https://debuginfod.ubuntu.com /usr/bin/cmake --build /home/yly/ld19_hand_on/build/scout_can -- -j4 -l4
[0.284s] [ 50%] Building CXX object CMakeFiles/scout_can_node.dir/src/scout_can_node.cpp.o
[14.613s] [100%] Linking CXX executable scout_can_node
[15.893s] [100%] Built target scout_can_node
[15.915s] Invoked command in '/home/yly/ld19_hand_on/build/scout_can' returned '0': CMAKE_PREFIX_PATH=${CMAKE_PREFIX_PATH}:/opt/ros/jazzy DEBUGINFOD_URLS=https://debuginfod.ubuntu.com /usr/bin/cmake --build /home/yly/ld19_hand_on/build/scout_can -- -j4 -l4
[15.938s] Invoking command in '/home/yly/ld19_hand_on/build/scout_can': CMAKE_PREFIX_PATH=${CMAKE_PREFIX_PATH}:/opt/ros/jazzy DEBUGINFOD_URLS=https://debuginfod.ubuntu.com /usr/bin/cmake --install /home/yly/ld19_hand_on/build/scout_can
[15.955s] -- Install configuration: ""
[15.955s] -- Execute custom install script
[15.956s] -- Up-to-date symlink: /home/yly/ld19_hand_on/install/scout_can/lib/scout_can/scout_can_node
[15.958s] -- Up-to-date symlink: /home/yly/ld19_hand_on/install/scout_can/include/scout_can/scout_can_node.hpp
[15.958s] -- Up-to-date symlink: /home/yly/ld19_hand_on/install/scout_can/share/ament_index/resource_index/package_run_dependencies/scout_can
[15.958s] -- Up-to-date symlink: /home/yly/ld19_hand_on/install/scout_can/share/ament_index/resource_index/parent_prefix_path/scout_can
[15.958s] -- Up-to-date symlink: /home/yly/ld19_hand_on/install/scout_can/share/scout_can/environment/ament_prefix_path.sh
[15.958s] -- Up-to-date symlink: /home/yly/ld19_hand_on/install/scout_can/share/scout_can/environment/ament_prefix_path.dsv
[15.959s] -- Up-to-date symlink: /home/yly/ld19_hand_on/install/scout_can/share/scout_can/environment/path.sh
[15.959s] -- Up-to-date symlink: /home/yly/ld19_hand_on/install/scout_can/share/scout_can/environment/path.dsv
[15.959s] -- Up-to-date symlink: /home/yly/ld19_hand_on/install/scout_can/share/scout_can/local_setup.bash
[15.959s] -- Up-to-date symlink: /home/yly/ld19_hand_on/install/scout_can/share/scout_can/local_setup.sh
[15.959s] -- Up-to-date symlink: /home/yly/ld19_hand_on/install/scout_can/share/scout_can/local_setup.zsh
[15.960s] -- Up-to-date symlink: /home/yly/ld19_hand_on/install/scout_can/share/scout_can/local_setup.dsv
[15.960s] -- Symlinking: /home/yly/ld19_hand_on/install/scout_can/share/scout_can/package.dsv
[15.980s] -- Up-to-date symlink: /home/yly/ld19_hand_on/install/scout_can/share/ament_index/resource_index/packages/scout_can
[15.980s] -- Up-to-date symlink: /home/yly/ld19_hand_on/install/scout_can/share/scout_can/cmake/scout_canConfig.cmake
[15.980s] -- Up-to-date symlink: /home/yly/ld19_hand_on/install/scout_can/share/scout_can/cmake/scout_canConfig-version.cmake
[15.980s] -- Up-to-date symlink: /home/yly/ld19_hand_on/install/scout_can/share/scout_can/package.xml
[15.983s] Invoked command in '/home/yly/ld19_hand_on/build/scout_can' returned '0': CMAKE_PREFIX_PATH=${CMAKE_PREFIX_PATH}:/opt/ros/jazzy DEBUGINFOD_URLS=https://debuginfod.ubuntu.com /usr/bin/cmake --install /home/yly/ld19_hand_on/build/scout_can
