[0.025s] Invoking command in '/home/yly/ld19_hand_on/build/ldlidar_stl_ros2': CMAKE_PREFIX_PATH=${CMAKE_PREFIX_PATH}:/opt/ros/jazzy DEBUGINFOD_URLS=https://debuginfod.ubuntu.com /usr/bin/cmake --build /home/yly/ld19_hand_on/build/ldlidar_stl_ros2 -- -j4 -l4
[0.261s] [100%] Built target ldlidar_stl_ros2_node
[0.298s] Invoked command in '/home/yly/ld19_hand_on/build/ldlidar_stl_ros2' returned '0': CMAKE_PREFIX_PATH=${CMAKE_PREFIX_PATH}:/opt/ros/jazzy DEBUGINFOD_URLS=https://debuginfod.ubuntu.com /usr/bin/cmake --build /home/yly/ld19_hand_on/build/ldlidar_stl_ros2 -- -j4 -l4
[0.336s] Invoking command in '/home/yly/ld19_hand_on/build/ldlidar_stl_ros2': CMAKE_PREFIX_PATH=${CMAKE_PREFIX_PATH}:/opt/ros/jazzy DEBUGINFOD_URLS=https://debuginfod.ubuntu.com /usr/bin/cmake --install /home/yly/ld19_hand_on/build/ldlidar_stl_ros2
[0.361s] -- Install configuration: ""
[0.361s] -- Execute custom install script
[0.362s] -- Up-to-date symlink: /home/yly/ld19_hand_on/install/ldlidar_stl_ros2/lib/ldlidar_stl_ros2/ldlidar_stl_ros2_node
[0.362s] -- Up-to-date symlink: /home/yly/ld19_hand_on/install/ldlidar_stl_ros2/share/ament_index/resource_index/package_run_dependencies/ldlidar_stl_ros2
[0.362s] -- Up-to-date symlink: /home/yly/ld19_hand_on/install/ldlidar_stl_ros2/share/ament_index/resource_index/parent_prefix_path/ldlidar_stl_ros2
[0.362s] -- Up-to-date symlink: /home/yly/ld19_hand_on/install/ldlidar_stl_ros2/share/ldlidar_stl_ros2/environment/ament_prefix_path.sh
[0.363s] -- Up-to-date symlink: /home/yly/ld19_hand_on/install/ldlidar_stl_ros2/share/ldlidar_stl_ros2/environment/ament_prefix_path.dsv
[0.363s] -- Up-to-date symlink: /home/yly/ld19_hand_on/install/ldlidar_stl_ros2/share/ldlidar_stl_ros2/environment/path.sh
[0.363s] -- Up-to-date symlink: /home/yly/ld19_hand_on/install/ldlidar_stl_ros2/share/ldlidar_stl_ros2/environment/path.dsv
[0.363s] -- Up-to-date symlink: /home/yly/ld19_hand_on/install/ldlidar_stl_ros2/share/ldlidar_stl_ros2/local_setup.bash
[0.363s] -- Up-to-date symlink: /home/yly/ld19_hand_on/install/ldlidar_stl_ros2/share/ldlidar_stl_ros2/local_setup.sh
[0.364s] -- Up-to-date symlink: /home/yly/ld19_hand_on/install/ldlidar_stl_ros2/share/ldlidar_stl_ros2/local_setup.zsh
[0.364s] -- Up-to-date symlink: /home/yly/ld19_hand_on/install/ldlidar_stl_ros2/share/ldlidar_stl_ros2/local_setup.dsv
[0.364s] -- Symlinking: /home/yly/ld19_hand_on/install/ldlidar_stl_ros2/share/ldlidar_stl_ros2/package.dsv
[0.395s] -- Up-to-date symlink: /home/yly/ld19_hand_on/install/ldlidar_stl_ros2/share/ament_index/resource_index/packages/ldlidar_stl_ros2
[0.395s] -- Up-to-date symlink: /home/yly/ld19_hand_on/install/ldlidar_stl_ros2/share/ldlidar_stl_ros2/cmake/ldlidar_stl_ros2Config.cmake
[0.395s] -- Up-to-date symlink: /home/yly/ld19_hand_on/install/ldlidar_stl_ros2/share/ldlidar_stl_ros2/cmake/ldlidar_stl_ros2Config-version.cmake
[0.395s] -- Up-to-date symlink: /home/yly/ld19_hand_on/install/ldlidar_stl_ros2/share/ldlidar_stl_ros2/package.xml
[0.400s] Invoked command in '/home/yly/ld19_hand_on/build/ldlidar_stl_ros2' returned '0': CMAKE_PREFIX_PATH=${CMAKE_PREFIX_PATH}:/opt/ros/jazzy DEBUGINFOD_URLS=https://debuginfod.ubuntu.com /usr/bin/cmake --install /home/yly/ld19_hand_on/build/ldlidar_stl_ros2
