-- The C compiler identification is GNU 13.3.0
-- The CXX compiler identification is GNU 13.3.0
-- Detecting C compiler ABI info
-- Detecting C compiler ABI info - done
-- Check for working C compiler: /usr/bin/cc - skipped
-- Detecting C compile features
-- Detecting C compile features - done
-- Detecting CXX compiler ABI info
-- Detecting CXX compiler ABI info - done
-- Check for working CXX compiler: /usr/bin/c++ - skipped
-- Detecting CXX compile features
-- Detecting CXX compile features - done
-- Found ament_cmake: 2.5.6 (/opt/ros/jazzy/share/ament_cmake/cmake)
-- Found Python3: /usr/bin/python3 (found version "3.12.3") found components: Interpreter 
-- Override CMake install command with custom implementation using symlinks instead of copying resources
-- Configuring done (2.6s)
-- Generating done (0.0s)
-- Build files have been written to: /home/yly/ld19_hand_on/build/scout_bringup
-- Install configuration: ""
-- Execute custom install script
-- Symlinking: /home/yly/ld19_hand_on/install/scout_bringup/share/scout_bringup/config/launch_config.yaml
-- Symlinking: /home/yly/ld19_hand_on/install/scout_bringup/share/scout_bringup/config/ld19_hand_on.lua
-- Symlinking: /home/yly/ld19_hand_on/install/scout_bringup/share/scout_bringup/config/nav2_params.yaml
-- Symlinking: /home/yly/ld19_hand_on/install/scout_bringup/share/scout_bringup/launch/__pycache__/ld19_hand_on.launch.cpython-312.pyc
-- Symlinking: /home/yly/ld19_hand_on/install/scout_bringup/share/scout_bringup/launch/__pycache__/ld19_navigation.launch.cpython-312.pyc
-- Symlinking: /home/yly/ld19_hand_on/install/scout_bringup/share/scout_bringup/launch/ld19_hand_on.launch.py
-- Symlinking: /home/yly/ld19_hand_on/install/scout_bringup/share/scout_bringup/launch/ld19_navigation.launch.py
-- Symlinking: /home/yly/ld19_hand_on/install/scout_bringup/share/scout_bringup/launch/scout_can_test.launch.py
-- Symlinking: /home/yly/ld19_hand_on/install/scout_bringup/share/scout_bringup/launch/scout_odom_rviz.launch.py
-- Symlinking: /home/yly/ld19_hand_on/install/scout_bringup/share/scout_bringup/maps/ld19_map.pgm
-- Symlinking: /home/yly/ld19_hand_on/install/scout_bringup/share/scout_bringup/maps/ld19_map.yaml
-- Symlinking: /home/yly/ld19_hand_on/install/scout_bringup/share/scout_bringup/rviz/ld19_hand_on.rviz
-- Symlinking: /home/yly/ld19_hand_on/install/scout_bringup/share/scout_bringup/rviz/scout_odom.rviz
-- Symlinking: /home/yly/ld19_hand_on/install/scout_bringup/lib/scout_bringup/save_map
-- Symlinking: /home/yly/ld19_hand_on/install/scout_bringup/share/ament_index/resource_index/package_run_dependencies/scout_bringup
-- Symlinking: /home/yly/ld19_hand_on/install/scout_bringup/share/ament_index/resource_index/parent_prefix_path/scout_bringup
-- Symlinking: /home/yly/ld19_hand_on/install/scout_bringup/share/scout_bringup/environment/ament_prefix_path.sh
-- Symlinking: /home/yly/ld19_hand_on/install/scout_bringup/share/scout_bringup/environment/ament_prefix_path.dsv
-- Symlinking: /home/yly/ld19_hand_on/install/scout_bringup/share/scout_bringup/environment/path.sh
-- Symlinking: /home/yly/ld19_hand_on/install/scout_bringup/share/scout_bringup/environment/path.dsv
-- Symlinking: /home/yly/ld19_hand_on/install/scout_bringup/share/scout_bringup/local_setup.bash
-- Symlinking: /home/yly/ld19_hand_on/install/scout_bringup/share/scout_bringup/local_setup.sh
-- Symlinking: /home/yly/ld19_hand_on/install/scout_bringup/share/scout_bringup/local_setup.zsh
-- Symlinking: /home/yly/ld19_hand_on/install/scout_bringup/share/scout_bringup/local_setup.dsv
-- Symlinking: /home/yly/ld19_hand_on/install/scout_bringup/share/scout_bringup/package.dsv
-- Symlinking: /home/yly/ld19_hand_on/install/scout_bringup/share/ament_index/resource_index/packages/scout_bringup
-- Symlinking: /home/yly/ld19_hand_on/install/scout_bringup/share/scout_bringup/cmake/scout_bringupConfig.cmake
-- Symlinking: /home/yly/ld19_hand_on/install/scout_bringup/share/scout_bringup/cmake/scout_bringupConfig-version.cmake
-- Symlinking: /home/yly/ld19_hand_on/install/scout_bringup/share/scout_bringup/package.xml
