[0.024s] Invoking command in '/home/yly/ld19_hand_on/build/scout_bringup': AMENT_PREFIX_PATH=/home/yly/ld19_hand_on/install/scout_can:/home/yly/ld19_hand_on/install/ldlidar_stl_ros2:${AMENT_PREFIX_PATH} CMAKE_PREFIX_PATH=/home/yly/ld19_hand_on/install/scout_can:/home/yly/ld19_hand_on/install/ldlidar_stl_ros2:/home/yly/1d19/install/ld19_bringup:/home/yly/1d19/install/ldlidar_stl_ros2:/opt/ros/jazzy/opt/gz_sim_vendor:/opt/ros/jazzy/opt/gz_sensors_vendor:/opt/ros/jazzy/opt/gz_physics_vendor:/opt/ros/jazzy/opt/sdformat_vendor:/opt/ros/jazzy/opt/gz_gui_vendor:/opt/ros/jazzy/opt/gz_transport_vendor:/opt/ros/jazzy/opt/gz_rendering_vendor:/opt/ros/jazzy/opt/gz_plugin_vendor:/opt/ros/jazzy/opt/gz_fuel_tools_vendor:/opt/ros/jazzy/opt/gz_msgs_vendor:/opt/ros/jazzy/opt/gz_common_vendor:/opt/ros/jazzy/opt/gz_math_vendor:/opt/ros/jazzy/opt/gz_utils_vendor:/opt/ros/jazzy/opt/gz_tools_vendor:/opt/ros/jazzy/opt/gz_ogre_next_vendor:/opt/ros/jazzy/opt/gz_dartsim_vendor:/opt/ros/jazzy/opt/gz_cmake_vendor:/opt/ros/jazzy DEBUGINFOD_URLS=https://debuginfod.ubuntu.com /usr/bin/cmake /home/yly/ld19_hand_on/src/scout_bringup -DAMENT_CMAKE_SYMLINK_INSTALL=1 -DCMAKE_INSTALL_PREFIX=/home/yly/ld19_hand_on/install/scout_bringup
[0.243s] -- The C compiler identification is GNU 13.3.0
[0.464s] -- The CXX compiler identification is GNU 13.3.0
[0.521s] -- Detecting C compiler ABI info
[0.887s] -- Detecting C compiler ABI info - done
[0.902s] -- Check for working C compiler: /usr/bin/cc - skipped
[0.903s] -- Detecting C compile features
[0.903s] -- Detecting C compile features - done
[0.935s] -- Detecting CXX compiler ABI info
[1.336s] -- Detecting CXX compiler ABI info - done
[1.358s] -- Check for working CXX compiler: /usr/bin/c++ - skipped
[1.359s] -- Detecting CXX compile features
[1.361s] -- Detecting CXX compile features - done
[1.372s] -- Found ament_cmake: 2.5.6 (/opt/ros/jazzy/share/ament_cmake/cmake)
[1.907s] -- Found Python3: /usr/bin/python3 (found version "3.12.3") found components: Interpreter 
[2.176s] -- Override CMake install command with custom implementation using symlinks instead of copying resources
[2.672s] -- Configuring done (2.6s)
[2.685s] -- Generating done (0.0s)
[2.688s] -- Build files have been written to: /home/yly/ld19_hand_on/build/scout_bringup
[2.703s] Invoked command in '/home/yly/ld19_hand_on/build/scout_bringup' returned '0': AMENT_PREFIX_PATH=/home/yly/ld19_hand_on/install/scout_can:/home/yly/ld19_hand_on/install/ldlidar_stl_ros2:${AMENT_PREFIX_PATH} CMAKE_PREFIX_PATH=/home/yly/ld19_hand_on/install/scout_can:/home/yly/ld19_hand_on/install/ldlidar_stl_ros2:/home/yly/1d19/install/ld19_bringup:/home/yly/1d19/install/ldlidar_stl_ros2:/opt/ros/jazzy/opt/gz_sim_vendor:/opt/ros/jazzy/opt/gz_sensors_vendor:/opt/ros/jazzy/opt/gz_physics_vendor:/opt/ros/jazzy/opt/sdformat_vendor:/opt/ros/jazzy/opt/gz_gui_vendor:/opt/ros/jazzy/opt/gz_transport_vendor:/opt/ros/jazzy/opt/gz_rendering_vendor:/opt/ros/jazzy/opt/gz_plugin_vendor:/opt/ros/jazzy/opt/gz_fuel_tools_vendor:/opt/ros/jazzy/opt/gz_msgs_vendor:/opt/ros/jazzy/opt/gz_common_vendor:/opt/ros/jazzy/opt/gz_math_vendor:/opt/ros/jazzy/opt/gz_utils_vendor:/opt/ros/jazzy/opt/gz_tools_vendor:/opt/ros/jazzy/opt/gz_ogre_next_vendor:/opt/ros/jazzy/opt/gz_dartsim_vendor:/opt/ros/jazzy/opt/gz_cmake_vendor:/opt/ros/jazzy DEBUGINFOD_URLS=https://debuginfod.ubuntu.com /usr/bin/cmake /home/yly/ld19_hand_on/src/scout_bringup -DAMENT_CMAKE_SYMLINK_INSTALL=1 -DCMAKE_INSTALL_PREFIX=/home/yly/ld19_hand_on/install/scout_bringup
[2.706s] Invoking command in '/home/yly/ld19_hand_on/build/scout_bringup': AMENT_PREFIX_PATH=/home/yly/ld19_hand_on/install/scout_can:/home/yly/ld19_hand_on/install/ldlidar_stl_ros2:${AMENT_PREFIX_PATH} CMAKE_PREFIX_PATH=/home/yly/ld19_hand_on/install/scout_can:/home/yly/ld19_hand_on/install/ldlidar_stl_ros2:/home/yly/1d19/install/ld19_bringup:/home/yly/1d19/install/ldlidar_stl_ros2:/opt/ros/jazzy/opt/gz_sim_vendor:/opt/ros/jazzy/opt/gz_sensors_vendor:/opt/ros/jazzy/opt/gz_physics_vendor:/opt/ros/jazzy/opt/sdformat_vendor:/opt/ros/jazzy/opt/gz_gui_vendor:/opt/ros/jazzy/opt/gz_transport_vendor:/opt/ros/jazzy/opt/gz_rendering_vendor:/opt/ros/jazzy/opt/gz_plugin_vendor:/opt/ros/jazzy/opt/gz_fuel_tools_vendor:/opt/ros/jazzy/opt/gz_msgs_vendor:/opt/ros/jazzy/opt/gz_common_vendor:/opt/ros/jazzy/opt/gz_math_vendor:/opt/ros/jazzy/opt/gz_utils_vendor:/opt/ros/jazzy/opt/gz_tools_vendor:/opt/ros/jazzy/opt/gz_ogre_next_vendor:/opt/ros/jazzy/opt/gz_dartsim_vendor:/opt/ros/jazzy/opt/gz_cmake_vendor:/opt/ros/jazzy DEBUGINFOD_URLS=https://debuginfod.ubuntu.com /usr/bin/cmake --build /home/yly/ld19_hand_on/build/scout_bringup -- -j4 -l4
[2.866s] Invoked command in '/home/yly/ld19_hand_on/build/scout_bringup' returned '0': AMENT_PREFIX_PATH=/home/yly/ld19_hand_on/install/scout_can:/home/yly/ld19_hand_on/install/ldlidar_stl_ros2:${AMENT_PREFIX_PATH} CMAKE_PREFIX_PATH=/home/yly/ld19_hand_on/install/scout_can:/home/yly/ld19_hand_on/install/ldlidar_stl_ros2:/home/yly/1d19/install/ld19_bringup:/home/yly/1d19/install/ldlidar_stl_ros2:/opt/ros/jazzy/opt/gz_sim_vendor:/opt/ros/jazzy/opt/gz_sensors_vendor:/opt/ros/jazzy/opt/gz_physics_vendor:/opt/ros/jazzy/opt/sdformat_vendor:/opt/ros/jazzy/opt/gz_gui_vendor:/opt/ros/jazzy/opt/gz_transport_vendor:/opt/ros/jazzy/opt/gz_rendering_vendor:/opt/ros/jazzy/opt/gz_plugin_vendor:/opt/ros/jazzy/opt/gz_fuel_tools_vendor:/opt/ros/jazzy/opt/gz_msgs_vendor:/opt/ros/jazzy/opt/gz_common_vendor:/opt/ros/jazzy/opt/gz_math_vendor:/opt/ros/jazzy/opt/gz_utils_vendor:/opt/ros/jazzy/opt/gz_tools_vendor:/opt/ros/jazzy/opt/gz_ogre_next_vendor:/opt/ros/jazzy/opt/gz_dartsim_vendor:/opt/ros/jazzy/opt/gz_cmake_vendor:/opt/ros/jazzy DEBUGINFOD_URLS=https://debuginfod.ubuntu.com /usr/bin/cmake --build /home/yly/ld19_hand_on/build/scout_bringup -- -j4 -l4
[2.868s] Invoking command in '/home/yly/ld19_hand_on/build/scout_bringup': AMENT_PREFIX_PATH=/home/yly/ld19_hand_on/install/scout_can:/home/yly/ld19_hand_on/install/ldlidar_stl_ros2:${AMENT_PREFIX_PATH} CMAKE_PREFIX_PATH=/home/yly/ld19_hand_on/install/scout_can:/home/yly/ld19_hand_on/install/ldlidar_stl_ros2:/home/yly/1d19/install/ld19_bringup:/home/yly/1d19/install/ldlidar_stl_ros2:/opt/ros/jazzy/opt/gz_sim_vendor:/opt/ros/jazzy/opt/gz_sensors_vendor:/opt/ros/jazzy/opt/gz_physics_vendor:/opt/ros/jazzy/opt/sdformat_vendor:/opt/ros/jazzy/opt/gz_gui_vendor:/opt/ros/jazzy/opt/gz_transport_vendor:/opt/ros/jazzy/opt/gz_rendering_vendor:/opt/ros/jazzy/opt/gz_plugin_vendor:/opt/ros/jazzy/opt/gz_fuel_tools_vendor:/opt/ros/jazzy/opt/gz_msgs_vendor:/opt/ros/jazzy/opt/gz_common_vendor:/opt/ros/jazzy/opt/gz_math_vendor:/opt/ros/jazzy/opt/gz_utils_vendor:/opt/ros/jazzy/opt/gz_tools_vendor:/opt/ros/jazzy/opt/gz_ogre_next_vendor:/opt/ros/jazzy/opt/gz_dartsim_vendor:/opt/ros/jazzy/opt/gz_cmake_vendor:/opt/ros/jazzy DEBUGINFOD_URLS=https://debuginfod.ubuntu.com /usr/bin/cmake --install /home/yly/ld19_hand_on/build/scout_bringup
[2.907s] -- Install configuration: ""
[2.908s] -- Execute custom install script
[2.910s] -- Symlinking: /home/yly/ld19_hand_on/install/scout_bringup/share/scout_bringup/config/launch_config.yaml
[2.936s] -- Symlinking: /home/yly/ld19_hand_on/install/scout_bringup/share/scout_bringup/config/ld19_hand_on.lua
[2.983s] -- Symlinking: /home/yly/ld19_hand_on/install/scout_bringup/share/scout_bringup/config/nav2_params.yaml
[3.025s] -- Symlinking: /home/yly/ld19_hand_on/install/scout_bringup/share/scout_bringup/launch/__pycache__/ld19_hand_on.launch.cpython-312.pyc
[3.062s] -- Symlinking: /home/yly/ld19_hand_on/install/scout_bringup/share/scout_bringup/launch/__pycache__/ld19_navigation.launch.cpython-312.pyc
[3.098s] -- Symlinking: /home/yly/ld19_hand_on/install/scout_bringup/share/scout_bringup/launch/ld19_hand_on.launch.py
[3.134s] -- Symlinking: /home/yly/ld19_hand_on/install/scout_bringup/share/scout_bringup/launch/ld19_navigation.launch.py
[3.180s] -- Symlinking: /home/yly/ld19_hand_on/install/scout_bringup/share/scout_bringup/launch/scout_can_test.launch.py
[3.206s] -- Symlinking: /home/yly/ld19_hand_on/install/scout_bringup/share/scout_bringup/launch/scout_odom_rviz.launch.py
[3.267s] -- Symlinking: /home/yly/ld19_hand_on/install/scout_bringup/share/scout_bringup/maps/ld19_map.pgm
[3.319s] -- Symlinking: /home/yly/ld19_hand_on/install/scout_bringup/share/scout_bringup/maps/ld19_map.yaml
[3.366s] -- Symlinking: /home/yly/ld19_hand_on/install/scout_bringup/share/scout_bringup/rviz/ld19_hand_on.rviz
[3.401s] -- Symlinking: /home/yly/ld19_hand_on/install/scout_bringup/share/scout_bringup/rviz/scout_odom.rviz
[3.443s] -- Symlinking: /home/yly/ld19_hand_on/install/scout_bringup/lib/scout_bringup/save_map
[3.474s] -- Symlinking: /home/yly/ld19_hand_on/install/scout_bringup/share/ament_index/resource_index/package_run_dependencies/scout_bringup
[3.522s] -- Symlinking: /home/yly/ld19_hand_on/install/scout_bringup/share/ament_index/resource_index/parent_prefix_path/scout_bringup
[3.553s] -- Symlinking: /home/yly/ld19_hand_on/install/scout_bringup/share/scout_bringup/environment/ament_prefix_path.sh
[3.595s] -- Symlinking: /home/yly/ld19_hand_on/install/scout_bringup/share/scout_bringup/environment/ament_prefix_path.dsv
[3.630s] -- Symlinking: /home/yly/ld19_hand_on/install/scout_bringup/share/scout_bringup/environment/path.sh
[3.684s] -- Symlinking: /home/yly/ld19_hand_on/install/scout_bringup/share/scout_bringup/environment/path.dsv
[3.748s] -- Symlinking: /home/yly/ld19_hand_on/install/scout_bringup/share/scout_bringup/local_setup.bash
[3.798s] -- Symlinking: /home/yly/ld19_hand_on/install/scout_bringup/share/scout_bringup/local_setup.sh
[3.850s] -- Symlinking: /home/yly/ld19_hand_on/install/scout_bringup/share/scout_bringup/local_setup.zsh
[3.893s] -- Symlinking: /home/yly/ld19_hand_on/install/scout_bringup/share/scout_bringup/local_setup.dsv
[3.935s] -- Symlinking: /home/yly/ld19_hand_on/install/scout_bringup/share/scout_bringup/package.dsv
[3.970s] -- Symlinking: /home/yly/ld19_hand_on/install/scout_bringup/share/ament_index/resource_index/packages/scout_bringup
[4.016s] -- Symlinking: /home/yly/ld19_hand_on/install/scout_bringup/share/scout_bringup/cmake/scout_bringupConfig.cmake
[4.040s] -- Symlinking: /home/yly/ld19_hand_on/install/scout_bringup/share/scout_bringup/cmake/scout_bringupConfig-version.cmake
[4.088s] -- Symlinking: /home/yly/ld19_hand_on/install/scout_bringup/share/scout_bringup/package.xml
[4.127s] Invoked command in '/home/yly/ld19_hand_on/build/scout_bringup' returned '0': AMENT_PREFIX_PATH=/home/yly/ld19_hand_on/install/scout_can:/home/yly/ld19_hand_on/install/ldlidar_stl_ros2:${AMENT_PREFIX_PATH} CMAKE_PREFIX_PATH=/home/yly/ld19_hand_on/install/scout_can:/home/yly/ld19_hand_on/install/ldlidar_stl_ros2:/home/yly/1d19/install/ld19_bringup:/home/yly/1d19/install/ldlidar_stl_ros2:/opt/ros/jazzy/opt/gz_sim_vendor:/opt/ros/jazzy/opt/gz_sensors_vendor:/opt/ros/jazzy/opt/gz_physics_vendor:/opt/ros/jazzy/opt/sdformat_vendor:/opt/ros/jazzy/opt/gz_gui_vendor:/opt/ros/jazzy/opt/gz_transport_vendor:/opt/ros/jazzy/opt/gz_rendering_vendor:/opt/ros/jazzy/opt/gz_plugin_vendor:/opt/ros/jazzy/opt/gz_fuel_tools_vendor:/opt/ros/jazzy/opt/gz_msgs_vendor:/opt/ros/jazzy/opt/gz_common_vendor:/opt/ros/jazzy/opt/gz_math_vendor:/opt/ros/jazzy/opt/gz_utils_vendor:/opt/ros/jazzy/opt/gz_tools_vendor:/opt/ros/jazzy/opt/gz_ogre_next_vendor:/opt/ros/jazzy/opt/gz_dartsim_vendor:/opt/ros/jazzy/opt/gz_cmake_vendor:/opt/ros/jazzy DEBUGINFOD_URLS=https://debuginfod.ubuntu.com /usr/bin/cmake --install /home/yly/ld19_hand_on/build/scout_bringup
